
🚀 字体库信息批量补全
   起始页: 1, 每页: 20, 并发: 3

📂 加载断点：已处理 15143 个字体
   总字体: 18213, 总页数: 911

  📄 第 1 页: 20 个字体, 1 个需要补全
  ✓ 第 1 页完成: 成功 0, 跳过 1, 失败 0 (0.6s)
  📄 第 2 页: 20 个字体, 3 个需要补全
  ✓ 第 2 页完成: 成功 0, 跳过 3, 失败 0 (1.2s)
  📄 第 3 页: 20 个字体, 2 个需要补全
  ✓ 第 3 页完成: 成功 0, 跳过 2, 失败 0 (2.4s)
  📄 第 4 页: 20 个字体, 3 个需要补全
  ✓ 第 4 页完成: 成功 0, 跳过 3, 失败 0 (4.0s)
  📄 第 5 页: 20 个字体, 2 个需要补全
  ✓ 第 5 页完成: 成功 0, 跳过 2, 失败 0 (5.2s)
  📄 第 6 页: 20 个字体, 4 个需要补全
  ✓ 第 6 页完成: 成功 0, 跳过 4, 失败 0 (6.2s)
  📄 第 7 页: 20 个字体, 0 个需要补全
  ⏭️ 第 7 页: 全部跳过
  📄 第 8 页: 20 个字体, 4 个需要补全
  ✓ 第 8 页完成: 成功 0, 跳过 4, 失败 0 (8.0s)
  📄 第 9 页: 20 个字体, 1 个需要补全
  ✓ 第 9 页完成: 成功 0, 跳过 1, 失败 0 (9.1s)
  📄 第 10 页: 20 个字体, 3 个需要补全
  ✓ 第 10 页完成: 成功 0, 跳过 3, 失败 0 (10.1s)
  📄 第 11 页: 20 个字体, 2 个需要补全
  ✓ 第 11 页完成: 成功 0, 跳过 2, 失败 0 (11.0s)
  📄 第 12 页: 20 个字体, 1 个需要补全
  ✓ 第 12 页完成: 成功 0, 跳过 1, 失败 0 (11.9s)
  📄 第 13 页: 20 个字体, 3 个需要补全
  ✓ 第 13 页完成: 成功 0, 跳过 3, 失败 0 (13.6s)
  📄 第 14 页: 20 个字体, 0 个需要补全
  ⏭️ 第 14 页: 全部跳过
  📄 第 15 页: 20 个字体, 3 个需要补全
  ✓ 第 15 页完成: 成功 0, 跳过 3, 失败 0 (15.5s)
  📄 第 16 页: 20 个字体, 2 个需要补全
  ✓ 第 16 页完成: 成功 0, 跳过 2, 失败 0 (16.5s)
  📄 第 17 页: 20 个字体, 6 个需要补全
  ✓ 第 17 页完成: 成功 0, 跳过 6, 失败 0 (17.4s)
  📄 第 18 页: 20 个字体, 1 个需要补全
  ✓ 第 18 页完成: 成功 0, 跳过 1, 失败 0 (18.3s)
  📄 第 19 页: 20 个字体, 1 个需要补全
  ✓ 第 19 页完成: 成功 0, 跳过 1, 失败 0 (19.2s)
  📄 第 20 页: 20 个字体, 6 个需要补全
  ✓ 第 20 页完成: 成功 0, 跳过 6, 失败 0 (20.2s)

  ⏳ 总进度: 已处理 0 个, 跳过 48 个, 失败 0 个 (20.7s)

  📄 第 21 页: 20 个字体, 1 个需要补全
  ✓ 第 21 页完成: 成功 0, 跳过 1, 失败 0 (21.1s)
  📄 第 22 页: 20 个字体, 2 个需要补全
  ✓ 第 22 页完成: 成功 0, 跳过 2, 失败 0 (22.2s)
  📄 第 23 页: 20 个字体, 2 个需要补全
  ✓ 第 23 页完成: 成功 0, 跳过 2, 失败 0 (23.5s)
  📄 第 24 页: 20 个字体, 6 个需要补全
  ✓ 第 24 页完成: 成功 0, 跳过 6, 失败 0 (24.5s)
  📄 第 25 页: 20 个字体, 4 个需要补全
  ✓ 第 25 页完成: 成功 0, 跳过 4, 失败 0 (25.8s)
  📄 第 26 页: 20 个字体, 2 个需要补全
  ✓ 第 26 页完成: 成功 0, 跳过 2, 失败 0 (26.8s)
  📄 第 27 页: 20 个字体, 4 个需要补全
  ✓ 第 27 页完成: 成功 0, 跳过 4, 失败 0 (28.5s)
  📄 第 28 页: 20 个字体, 3 个需要补全
  ✓ 第 28 页完成: 成功 0, 跳过 3, 失败 0 (29.7s)
  📄 第 29 页: 20 个字体, 5 个需要补全
  ✓ 第 29 页完成: 成功 0, 跳过 5, 失败 0 (30.8s)
  📄 第 30 页: 20 个字体, 0 个需要补全
  ⏭️ 第 30 页: 全部跳过
  📄 第 31 页: 20 个字体, 2 个需要补全
  ✓ 第 31 页完成: 成功 0, 跳过 2, 失败 0 (33.0s)
  📄 第 32 页: 20 个字体, 3 个需要补全
  ✓ 第 32 页完成: 成功 0, 跳过 3, 失败 0 (33.8s)
  📄 第 33 页: 20 个字体, 3 个需要补全
  ✓ 第 33 页完成: 成功 0, 跳过 3, 失败 0 (34.8s)
  📄 第 34 页: 20 个字体, 3 个需要补全
  ✓ 第 34 页完成: 成功 0, 跳过 3, 失败 0 (35.8s)
  📄 第 35 页: 20 个字体, 5 个需要补全
  ✓ 第 35 页完成: 成功 0, 跳过 5, 失败 0 (36.8s)
  📄 第 36 页: 20 个字体, 3 个需要补全
  ✓ 第 36 页完成: 成功 0, 跳过 3, 失败 0 (37.8s)
  📄 第 37 页: 20 个字体, 5 个需要补全
  ✓ 第 37 页完成: 成功 0, 跳过 5, 失败 0 (38.7s)
  📄 第 38 页: 20 个字体, 4 个需要补全
  ✓ 第 38 页完成: 成功 0, 跳过 4, 失败 0 (40.2s)
  📄 第 39 页: 20 个字体, 2 个需要补全
  ✓ 第 39 页完成: 成功 0, 跳过 2, 失败 0 (41.3s)
  📄 第 40 页: 20 个字体, 7 个需要补全
  ✓ 第 40 页完成: 成功 0, 跳过 7, 失败 0 (42.3s)

  ⏳ 总进度: 已处理 0 个, 跳过 114 个, 失败 0 个 (42.8s)

  📄 第 41 页: 20 个字体, 5 个需要补全
  ✓ 第 41 页完成: 成功 0, 跳过 5, 失败 0 (43.2s)
  📄 第 42 页: 20 个字体, 3 个需要补全
  ✓ 第 42 页完成: 成功 0, 跳过 3, 失败 0 (44.2s)
  📄 第 43 页: 20 个字体, 11 个需要补全
  ✓ 第 43 页完成: 成功 0, 跳过 11, 失败 0 (45.0s)
  📄 第 44 页: 20 个字体, 5 个需要补全
  ✓ 第 44 页完成: 成功 0, 跳过 5, 失败 0 (46.0s)
  📄 第 45 页: 20 个字体, 5 个需要补全
  ✓ 第 45 页完成: 成功 0, 跳过 5, 失败 0 (46.9s)
  📄 第 46 页: 20 个字体, 13 个需要补全
  ✓ 第 46 页完成: 成功 0, 跳过 13, 失败 0 (47.7s)
  📄 第 47 页: 20 个字体, 13 个需要补全
  ✓ 第 47 页完成: 成功 0, 跳过 13, 失败 0 (48.6s)
  📄 第 48 页: 20 个字体, 5 个需要补全
  ✓ 第 48 页完成: 成功 0, 跳过 5, 失败 0 (49.5s)
  📄 第 49 页: 20 个字体, 11 个需要补全
  ✓ 第 49 页完成: 成功 0, 跳过 11, 失败 0 (50.5s)
  📄 第 50 页: 20 个字体, 13 个需要补全
  ✓ 第 50 页完成: 成功 0, 跳过 13, 失败 0 (51.6s)
  📄 第 51 页: 20 个字体, 11 个需要补全
  ✓ 第 51 页完成: 成功 0, 跳过 11, 失败 0 (52.5s)
  📄 第 52 页: 20 个字体, 6 个需要补全
  ✓ 第 52 页完成: 成功 0, 跳过 6, 失败 0 (53.4s)
  📄 第 53 页: 20 个字体, 7 个需要补全
  ✓ 第 53 页完成: 成功 0, 跳过 7, 失败 0 (54.2s)
  📄 第 54 页: 20 个字体, 12 个需要补全
  ✓ 第 54 页完成: 成功 0, 跳过 12, 失败 0 (55.1s)
  📄 第 55 页: 20 个字体, 5 个需要补全
  ✓ 第 55 页完成: 成功 0, 跳过 5, 失败 0 (56.1s)
  📄 第 56 页: 20 个字体, 12 个需要补全
  ✓ 第 56 页完成: 成功 0, 跳过 12, 失败 0 (57.0s)
  📄 第 57 页: 20 个字体, 7 个需要补全
  ✓ 第 57 页完成: 成功 0, 跳过 7, 失败 0 (57.9s)
  📄 第 58 页: 20 个字体, 7 个需要补全
  ✓ 第 58 页完成: 成功 0, 跳过 7, 失败 0 (58.8s)
  📄 第 59 页: 20 个字体, 10 个需要补全
  ✓ 第 59 页完成: 成功 0, 跳过 10, 失败 0 (59.7s)
  📄 第 60 页: 20 个字体, 5 个需要补全
  ✓ 第 60 页完成: 成功 0, 跳过 5, 失败 0 (60.6s)

  ⏳ 总进度: 已处理 0 个, 跳过 280 个, 失败 0 个 (61.1s)

  📄 第 61 页: 20 个字体, 13 个需要补全
  ✓ 第 61 页完成: 成功 0, 跳过 13, 失败 0 (61.7s)
  📄 第 62 页: 20 个字体, 14 个需要补全
  ✓ 第 62 页完成: 成功 0, 跳过 14, 失败 0 (63.7s)
  📄 第 63 页: 20 个字体, 9 个需要补全
  ✓ 第 63 页完成: 成功 0, 跳过 9, 失败 0 (64.6s)
  📄 第 64 页: 20 个字体, 10 个需要补全
  ✓ 第 64 页完成: 成功 0, 跳过 10, 失败 0 (65.5s)
  📄 第 65 页: 20 个字体, 10 个需要补全
  ✓ 第 65 页完成: 成功 0, 跳过 10, 失败 0 (66.4s)
  📄 第 66 页: 20 个字体, 14 个需要补全
  ✓ 第 66 页完成: 成功 0, 跳过 14, 失败 0 (67.2s)
  📄 第 67 页: 20 个字体, 9 个需要补全
  ✓ 第 67 页完成: 成功 0, 跳过 9, 失败 0 (68.2s)
  📄 第 68 页: 20 个字体, 12 个需要补全
  ✓ 第 68 页完成: 成功 0, 跳过 12, 失败 0 (69.1s)
  📄 第 69 页: 20 个字体, 4 个需要补全
  ✓ 第 69 页完成: 成功 0, 跳过 4, 失败 0 (70.0s)
  📄 第 70 页: 20 个字体, 2 个需要补全
  ✓ 第 70 页完成: 成功 0, 跳过 2, 失败 0 (71.0s)
  📄 第 71 页: 20 个字体, 6 个需要补全
  ✓ 第 71 页完成: 成功 0, 跳过 6, 失败 0 (72.3s)
  📄 第 72 页: 20 个字体, 6 个需要补全
  ✓ 第 72 页完成: 成功 0, 跳过 6, 失败 0 (73.2s)
  📄 第 73 页: 20 个字体, 9 个需要补全
  ✓ 第 73 页完成: 成功 0, 跳过 9, 失败 0 (74.1s)
  📄 第 74 页: 20 个字体, 6 个需要补全
  ✓ 第 74 页完成: 成功 0, 跳过 6, 失败 0 (75.0s)
  📄 第 75 页: 20 个字体, 10 个需要补全
  ✓ 第 75 页完成: 成功 0, 跳过 10, 失败 0 (75.9s)
  📄 第 76 页: 20 个字体, 7 个需要补全
  ✓ 第 76 页完成: 成功 0, 跳过 7, 失败 0 (76.8s)
  📄 第 77 页: 20 个字体, 10 个需要补全
  ✓ 第 77 页完成: 成功 0, 跳过 10, 失败 0 (77.7s)
  📄 第 78 页: 20 个字体, 11 个需要补全
  ✓ 第 78 页完成: 成功 0, 跳过 11, 失败 0 (78.7s)
  📄 第 79 页: 20 个字体, 15 个需要补全
  ✓ 第 79 页完成: 成功 0, 跳过 15, 失败 0 (79.6s)
  📄 第 80 页: 20 个字体, 11 个需要补全
  ✓ 第 80 页完成: 成功 0, 跳过 11, 失败 0 (80.6s)

  ⏳ 总进度: 已处理 0 个, 跳过 468 个, 失败 0 个 (81.1s)

  📄 第 81 页: 20 个字体, 11 个需要补全
  ✓ 第 81 页完成: 成功 0, 跳过 11, 失败 0 (81.5s)
  📄 第 82 页: 20 个字体, 12 个需要补全
  ✓ 第 82 页完成: 成功 0, 跳过 12, 失败 0 (82.5s)
  📄 第 83 页: 20 个字体, 12 个需要补全
  ✓ 第 83 页完成: 成功 0, 跳过 12, 失败 0 (83.4s)
  📄 第 84 页: 20 个字体, 9 个需要补全
  ✓ 第 84 页完成: 成功 0, 跳过 9, 失败 0 (84.3s)
  📄 第 85 页: 20 个字体, 10 个需要补全
  ✓ 第 85 页完成: 成功 0, 跳过 10, 失败 0 (85.2s)
  📄 第 86 页: 20 个字体, 13 个需要补全
  ✓ 第 86 页完成: 成功 0, 跳过 13, 失败 0 (86.1s)
  📄 第 87 页: 20 个字体, 14 个需要补全
  ✓ 第 87 页完成: 成功 0, 跳过 14, 失败 0 (87.0s)
  📄 第 88 页: 20 个字体, 13 个需要补全
  ✓ 第 88 页完成: 成功 0, 跳过 13, 失败 0 (87.8s)
  📄 第 89 页: 20 个字体, 16 个需要补全
  ✓ 第 89 页完成: 成功 0, 跳过 16, 失败 0 (88.8s)
  📄 第 90 页: 20 个字体, 13 个需要补全
  ✓ 第 90 页完成: 成功 0, 跳过 13, 失败 0 (89.7s)
  📄 第 91 页: 20 个字体, 17 个需要补全
  ✓ 第 91 页完成: 成功 0, 跳过 17, 失败 0 (90.6s)
  📄 第 92 页: 20 个字体, 11 个需要补全
  ✓ 第 92 页完成: 成功 0, 跳过 11, 失败 0 (91.4s)
  📄 第 93 页: 20 个字体, 10 个需要补全
  ✓ 第 93 页完成: 成功 0, 跳过 10, 失败 0 (92.4s)
  📄 第 94 页: 20 个字体, 12 个需要补全
  ✓ 第 94 页完成: 成功 0, 跳过 12, 失败 0 (93.3s)
  📄 第 95 页: 20 个字体, 14 个需要补全
  ✓ 第 95 页完成: 成功 0, 跳过 14, 失败 0 (94.2s)
  📄 第 96 页: 20 个字体, 17 个需要补全
  ✓ 第 96 页完成: 成功 0, 跳过 17, 失败 0 (95.1s)
  📄 第 97 页: 20 个字体, 14 个需要补全
  ✓ 第 97 页完成: 成功 0, 跳过 14, 失败 0 (96.0s)
  📄 第 98 页: 20 个字体, 13 个需要补全
  ✓ 第 98 页完成: 成功 0, 跳过 13, 失败 0 (97.0s)
  📄 第 99 页: 20 个字体, 20 个需要补全
  ✓ 第 99 页完成: 成功 0, 跳过 20, 失败 0 (97.9s)
  📄 第 100 页: 20 个字体, 20 个需要补全
  ✓ 第 100 页完成: 成功 0, 跳过 20, 失败 0 (98.8s)

  ⏳ 总进度: 已处理 0 个, 跳过 739 个, 失败 0 个 (99.3s)

  📄 第 101 页: 20 个字体, 20 个需要补全
  ✓ 第 101 页完成: 成功 0, 跳过 20, 失败 0 (99.7s)
  📄 第 102 页: 20 个字体, 20 个需要补全
  ✓ 第 102 页完成: 成功 0, 跳过 20, 失败 0 (100.7s)
  📄 第 103 页: 20 个字体, 20 个需要补全
  ✓ 第 103 页完成: 成功 0, 跳过 20, 失败 0 (101.5s)
  📄 第 104 页: 20 个字体, 20 个需要补全
  ✓ 第 104 页完成: 成功 0, 跳过 20, 失败 0 (102.5s)
  📄 第 105 页: 20 个字体, 20 个需要补全
  ✓ 第 105 页完成: 成功 0, 跳过 20, 失败 0 (103.3s)
  📄 第 106 页: 20 个字体, 20 个需要补全
  ✓ 第 106 页完成: 成功 0, 跳过 20, 失败 0 (104.2s)
  📄 第 107 页: 20 个字体, 20 个需要补全
  ✓ 第 107 页完成: 成功 0, 跳过 20, 失败 0 (105.1s)
  📄 第 108 页: 20 个字体, 20 个需要补全
  ✓ 第 108 页完成: 成功 0, 跳过 20, 失败 0 (106.0s)
  📄 第 109 页: 20 个字体, 20 个需要补全
  ✓ 第 109 页完成: 成功 0, 跳过 20, 失败 0 (107.0s)
  📄 第 110 页: 20 个字体, 20 个需要补全
  ✓ 第 110 页完成: 成功 0, 跳过 20, 失败 0 (107.9s)
  📄 第 111 页: 20 个字体, 20 个需要补全
  ✓ 第 111 页完成: 成功 0, 跳过 20, 失败 0 (108.8s)
  📄 第 112 页: 20 个字体, 20 个需要补全
  ✓ 第 112 页完成: 成功 0, 跳过 20, 失败 0 (109.7s)
  📄 第 113 页: 20 个字体, 20 个需要补全
  ✓ 第 113 页完成: 成功 0, 跳过 20, 失败 0 (110.6s)
  📄 第 114 页: 20 个字体, 20 个需要补全
  ✓ 第 114 页完成: 成功 0, 跳过 20, 失败 0 (111.5s)
  📄 第 115 页: 20 个字体, 20 个需要补全
  ✓ 第 115 页完成: 成功 0, 跳过 20, 失败 0 (112.5s)
  📄 第 116 页: 20 个字体, 20 个需要补全
  ✓ 第 116 页完成: 成功 0, 跳过 20, 失败 0 (113.4s)
  📄 第 117 页: 20 个字体, 20 个需要补全
  ✓ 第 117 页完成: 成功 0, 跳过 20, 失败 0 (114.3s)
  📄 第 118 页: 20 个字体, 20 个需要补全
  ✓ 第 118 页完成: 成功 0, 跳过 20, 失败 0 (115.2s)
  📄 第 119 页: 20 个字体, 10 个需要补全
  ✓ 第 119 页完成: 成功 0, 跳过 10, 失败 0 (116.1s)
  📄 第 120 页: 20 个字体, 8 个需要补全
  ✓ 第 120 页完成: 成功 0, 跳过 8, 失败 0 (117.0s)

  ⏳ 总进度: 已处理 0 个, 跳过 1117 个, 失败 0 个 (117.5s)

  📄 第 121 页: 20 个字体, 7 个需要补全
  ✓ 第 121 页完成: 成功 0, 跳过 7, 失败 0 (117.9s)
  📄 第 122 页: 20 个字体, 11 个需要补全
  ✓ 第 122 页完成: 成功 0, 跳过 11, 失败 0 (118.9s)
  📄 第 123 页: 20 个字体, 20 个需要补全
  ✓ 第 123 页完成: 成功 0, 跳过 20, 失败 0 (119.8s)
  📄 第 124 页: 20 个字体, 20 个需要补全
  ✓ 第 124 页完成: 成功 0, 跳过 20, 失败 0 (120.7s)
  📄 第 125 页: 20 个字体, 20 个需要补全
  ✓ 第 125 页完成: 成功 0, 跳过 20, 失败 0 (121.6s)
  📄 第 126 页: 20 个字体, 20 个需要补全
  ✓ 第 126 页完成: 成功 0, 跳过 20, 失败 0 (122.5s)
  📄 第 127 页: 20 个字体, 20 个需要补全
  ✓ 第 127 页完成: 成功 0, 跳过 20, 失败 0 (123.3s)
  📄 第 128 页: 20 个字体, 20 个需要补全
  ✓ 第 128 页完成: 成功 0, 跳过 20, 失败 0 (124.9s)
  📄 第 129 页: 20 个字体, 20 个需要补全
  ✓ 第 129 页完成: 成功 0, 跳过 20, 失败 0 (125.8s)
  📄 第 130 页: 20 个字体, 20 个需要补全
  ✓ 第 130 页完成: 成功 0, 跳过 20, 失败 0 (126.7s)
  📄 第 131 页: 20 个字体, 20 个需要补全
  ✓ 第 131 页完成: 成功 0, 跳过 20, 失败 0 (127.6s)
  📄 第 132 页: 20 个字体, 20 个需要补全
  ✓ 第 132 页完成: 成功 0, 跳过 20, 失败 0 (128.5s)
  📄 第 133 页: 20 个字体, 20 个需要补全
  ✓ 第 133 页完成: 成功 0, 跳过 20, 失败 0 (129.5s)
  📄 第 134 页: 20 个字体, 20 个需要补全
  ✓ 第 134 页完成: 成功 0, 跳过 20, 失败 0 (130.4s)
  📄 第 135 页: 20 个字体, 20 个需要补全
  ✓ 第 135 页完成: 成功 0, 跳过 20, 失败 0 (131.3s)
  📄 第 136 页: 20 个字体, 20 个需要补全
  ✓ 第 136 页完成: 成功 0, 跳过 20, 失败 0 (132.1s)
  📄 第 137 页: 20 个字体, 20 个需要补全
  ✓ 第 137 页完成: 成功 0, 跳过 20, 失败 0 (133.1s)
  📄 第 138 页: 20 个字体, 20 个需要补全
  ✓ 第 138 页完成: 成功 0, 跳过 20, 失败 0 (134.0s)
  📄 第 139 页: 20 个字体, 20 个需要补全
  ✓ 第 139 页完成: 成功 0, 跳过 20, 失败 0 (134.9s)
  📄 第 140 页: 20 个字体, 20 个需要补全
  ✓ 第 140 页完成: 成功 0, 跳过 20, 失败 0 (135.9s)

  ⏳ 总进度: 已处理 0 个, 跳过 1495 个, 失败 0 个 (136.4s)

  📄 第 141 页: 20 个字体, 20 个需要补全
  ✓ 第 141 页完成: 成功 0, 跳过 20, 失败 0 (136.8s)
  📄 第 142 页: 20 个字体, 20 个需要补全
  ✓ 第 142 页完成: 成功 0, 跳过 20, 失败 0 (137.7s)
  📄 第 143 页: 20 个字体, 20 个需要补全
  ✓ 第 143 页完成: 成功 0, 跳过 20, 失败 0 (138.5s)
  📄 第 144 页: 20 个字体, 20 个需要补全
  ✓ 第 144 页完成: 成功 0, 跳过 20, 失败 0 (139.5s)
  📄 第 145 页: 20 个字体, 20 个需要补全
  ✓ 第 145 页完成: 成功 0, 跳过 20, 失败 0 (140.3s)
  📄 第 146 页: 20 个字体, 20 个需要补全
  ✓ 第 146 页完成: 成功 0, 跳过 20, 失败 0 (141.2s)
  📄 第 147 页: 20 个字体, 20 个需要补全
  ✓ 第 147 页完成: 成功 0, 跳过 20, 失败 0 (142.1s)
  📄 第 148 页: 20 个字体, 20 个需要补全
  ✓ 第 148 页完成: 成功 0, 跳过 20, 失败 0 (143.0s)
  📄 第 149 页: 20 个字体, 20 个需要补全
  ✓ 第 149 页完成: 成功 0, 跳过 20, 失败 0 (143.9s)
  📄 第 150 页: 20 个字体, 20 个需要补全
  ✓ 第 150 页完成: 成功 0, 跳过 20, 失败 0 (144.8s)
  📄 第 151 页: 20 个字体, 20 个需要补全
  ✓ 第 151 页完成: 成功 0, 跳过 20, 失败 0 (145.7s)
  📄 第 152 页: 20 个字体, 20 个需要补全
  ✓ 第 152 页完成: 成功 0, 跳过 20, 失败 0 (146.6s)
  📄 第 153 页: 20 个字体, 20 个需要补全
  ✓ 第 153 页完成: 成功 0, 跳过 20, 失败 0 (147.6s)
  📄 第 154 页: 20 个字体, 20 个需要补全
  ✓ 第 154 页完成: 成功 0, 跳过 20, 失败 0 (148.5s)
  📄 第 155 页: 20 个字体, 20 个需要补全
  ✓ 第 155 页完成: 成功 0, 跳过 20, 失败 0 (149.4s)
  📄 第 156 页: 20 个字体, 20 个需要补全
  ✓ 第 156 页完成: 成功 0, 跳过 20, 失败 0 (150.3s)
  📄 第 157 页: 20 个字体, 20 个需要补全
  ✓ 第 157 页完成: 成功 0, 跳过 20, 失败 0 (151.2s)
  📄 第 158 页: 20 个字体, 20 个需要补全
  ✓ 第 158 页完成: 成功 0, 跳过 20, 失败 0 (152.1s)
  📄 第 159 页: 20 个字体, 20 个需要补全
  ✓ 第 159 页完成: 成功 0, 跳过 20, 失败 0 (153.8s)
  📄 第 160 页: 20 个字体, 20 个需要补全
  ✓ 第 160 页完成: 成功 0, 跳过 20, 失败 0 (154.8s)

  ⏳ 总进度: 已处理 0 个, 跳过 1895 个, 失败 0 个 (155.3s)

  📄 第 161 页: 20 个字体, 20 个需要补全
  ✓ 第 161 页完成: 成功 0, 跳过 20, 失败 0 (156.4s)
  📄 第 162 页: 20 个字体, 20 个需要补全
  ✓ 第 162 页完成: 成功 0, 跳过 20, 失败 0 (157.3s)
  📄 第 163 页: 20 个字体, 20 个需要补全
  ✓ 第 163 页完成: 成功 0, 跳过 20, 失败 0 (158.6s)
  📄 第 164 页: 20 个字体, 20 个需要补全
  ✓ 第 164 页完成: 成功 0, 跳过 20, 失败 0 (159.6s)
  📄 第 165 页: 20 个字体, 20 个需要补全
  ✓ 第 165 页完成: 成功 0, 跳过 20, 失败 0 (160.4s)
  📄 第 166 页: 20 个字体, 20 个需要补全
  ✓ 第 166 页完成: 成功 0, 跳过 20, 失败 0 (161.3s)
  📄 第 167 页: 20 个字体, 20 个需要补全
  ✓ 第 167 页完成: 成功 0, 跳过 20, 失败 0 (162.1s)
  📄 第 168 页: 20 个字体, 20 个需要补全
  ✓ 第 168 页完成: 成功 0, 跳过 20, 失败 0 (163.0s)
  📄 第 169 页: 20 个字体, 20 个需要补全
  ✓ 第 169 页完成: 成功 0, 跳过 20, 失败 0 (164.0s)
  📄 第 170 页: 20 个字体, 20 个需要补全
  ✓ 第 170 页完成: 成功 0, 跳过 20, 失败 0 (164.9s)
  📄 第 171 页: 20 个字体, 20 个需要补全
  ✓ 第 171 页完成: 成功 0, 跳过 20, 失败 0 (165.9s)
  📄 第 172 页: 20 个字体, 20 个需要补全
  ✓ 第 172 页完成: 成功 0, 跳过 20, 失败 0 (166.8s)
  📄 第 173 页: 20 个字体, 20 个需要补全
  ✓ 第 173 页完成: 成功 0, 跳过 20, 失败 0 (167.6s)
  📄 第 174 页: 20 个字体, 20 个需要补全
  ✓ 第 174 页完成: 成功 0, 跳过 20, 失败 0 (168.5s)
  📄 第 175 页: 20 个字体, 20 个需要补全
  ✓ 第 175 页完成: 成功 0, 跳过 20, 失败 0 (169.4s)
  📄 第 176 页: 20 个字体, 20 个需要补全
  ✓ 第 176 页完成: 成功 0, 跳过 20, 失败 0 (170.3s)
  📄 第 177 页: 20 个字体, 20 个需要补全
  ✓ 第 177 页完成: 成功 0, 跳过 20, 失败 0 (171.2s)
  📄 第 178 页: 20 个字体, 20 个需要补全
  ✓ 第 178 页完成: 成功 0, 跳过 20, 失败 0 (172.1s)
  📄 第 179 页: 20 个字体, 20 个需要补全
  ✓ 第 179 页完成: 成功 0, 跳过 20, 失败 0 (173.0s)
  📄 第 180 页: 20 个字体, 20 个需要补全
  ✓ 第 180 页完成: 成功 0, 跳过 20, 失败 0 (174.0s)

  ⏳ 总进度: 已处理 0 个, 跳过 2295 个, 失败 0 个 (174.5s)

  📄 第 181 页: 20 个字体, 20 个需要补全
  ✓ 第 181 页完成: 成功 0, 跳过 20, 失败 0 (175.0s)
  📄 第 182 页: 20 个字体, 20 个需要补全
  ✓ 第 182 页完成: 成功 0, 跳过 20, 失败 0 (175.9s)
  📄 第 183 页: 20 个字体, 20 个需要补全
  ✓ 第 183 页完成: 成功 0, 跳过 20, 失败 0 (176.8s)
  📄 第 184 页: 20 个字体, 20 个需要补全
  ✓ 第 184 页完成: 成功 0, 跳过 20, 失败 0 (177.8s)
  📄 第 185 页: 20 个字体, 20 个需要补全
  ✓ 第 185 页完成: 成功 0, 跳过 20, 失败 0 (178.9s)
  📄 第 186 页: 20 个字体, 20 个需要补全
  ✓ 第 186 页完成: 成功 0, 跳过 20, 失败 0 (180.1s)
  📄 第 187 页: 20 个字体, 20 个需要补全
  ✓ 第 187 页完成: 成功 0, 跳过 20, 失败 0 (181.1s)
  📄 第 188 页: 20 个字体, 20 个需要补全
  ✓ 第 188 页完成: 成功 0, 跳过 20, 失败 0 (182.0s)
  📄 第 189 页: 20 个字体, 20 个需要补全
  ✓ 第 189 页完成: 成功 0, 跳过 20, 失败 0 (182.8s)
  📄 第 190 页: 20 个字体, 20 个需要补全
  ✓ 第 190 页完成: 成功 0, 跳过 20, 失败 0 (183.7s)
  📄 第 191 页: 20 个字体, 20 个需要补全
  ✓ 第 191 页完成: 成功 0, 跳过 20, 失败 0 (184.6s)
  📄 第 192 页: 20 个字体, 20 个需要补全
  ✓ 第 192 页完成: 成功 0, 跳过 20, 失败 0 (185.5s)
  📄 第 193 页: 20 个字体, 20 个需要补全
  ✓ 第 193 页完成: 成功 0, 跳过 20, 失败 0 (186.4s)
  📄 第 194 页: 20 个字体, 20 个需要补全
  ✓ 第 194 页完成: 成功 0, 跳过 20, 失败 0 (187.3s)
  📄 第 195 页: 20 个字体, 20 个需要补全
  ✓ 第 195 页完成: 成功 0, 跳过 20, 失败 0 (188.2s)
  📄 第 196 页: 20 个字体, 20 个需要补全
  ✓ 第 196 页完成: 成功 0, 跳过 20, 失败 0 (189.1s)
  📄 第 197 页: 20 个字体, 20 个需要补全
  ✓ 第 197 页完成: 成功 0, 跳过 20, 失败 0 (190.0s)
  📄 第 198 页: 20 个字体, 20 个需要补全
  ✓ 第 198 页完成: 成功 0, 跳过 20, 失败 0 (190.9s)
  📄 第 199 页: 20 个字体, 20 个需要补全
  ✓ 第 199 页完成: 成功 0, 跳过 20, 失败 0 (191.8s)
  📄 第 200 页: 20 个字体, 20 个需要补全
  ✓ 第 200 页完成: 成功 0, 跳过 20, 失败 0 (192.7s)

  ⏳ 总进度: 已处理 0 个, 跳过 2695 个, 失败 0 个 (193.2s)

  📄 第 201 页: 20 个字体, 20 个需要补全
  ✓ 第 201 页完成: 成功 0, 跳过 20, 失败 0 (193.6s)
  📄 第 202 页: 20 个字体, 20 个需要补全
  ✓ 第 202 页完成: 成功 0, 跳过 20, 失败 0 (194.5s)
  📄 第 203 页: 20 个字体, 20 个需要补全
  ✓ 第 203 页完成: 成功 0, 跳过 20, 失败 0 (195.4s)
  📄 第 204 页: 20 个字体, 20 个需要补全
  ✓ 第 204 页完成: 成功 0, 跳过 20, 失败 0 (196.3s)
  📄 第 205 页: 20 个字体, 20 个需要补全
  ✓ 第 205 页完成: 成功 0, 跳过 20, 失败 0 (197.2s)
  📄 第 206 页: 20 个字体, 20 个需要补全
  ✓ 第 206 页完成: 成功 0, 跳过 20, 失败 0 (198.1s)
  📄 第 207 页: 20 个字体, 20 个需要补全
  ✓ 第 207 页完成: 成功 0, 跳过 20, 失败 0 (199.0s)
  📄 第 208 页: 20 个字体, 20 个需要补全
  ✓ 第 208 页完成: 成功 0, 跳过 20, 失败 0 (199.9s)
  📄 第 209 页: 20 个字体, 20 个需要补全
  ✓ 第 209 页完成: 成功 0, 跳过 20, 失败 0 (200.8s)
  📄 第 210 页: 20 个字体, 20 个需要补全
  ✓ 第 210 页完成: 成功 0, 跳过 20, 失败 0 (201.7s)
  📄 第 211 页: 20 个字体, 20 个需要补全
  ✓ 第 211 页完成: 成功 0, 跳过 20, 失败 0 (202.7s)
  📄 第 212 页: 20 个字体, 20 个需要补全
  ✓ 第 212 页完成: 成功 0, 跳过 20, 失败 0 (203.6s)
  📄 第 213 页: 20 个字体, 20 个需要补全
  ✓ 第 213 页完成: 成功 0, 跳过 20, 失败 0 (204.5s)
  📄 第 214 页: 20 个字体, 20 个需要补全
  ✓ 第 214 页完成: 成功 0, 跳过 20, 失败 0 (205.4s)
  📄 第 215 页: 20 个字体, 20 个需要补全
  ✓ 第 215 页完成: 成功 0, 跳过 20, 失败 0 (206.3s)
  📄 第 216 页: 20 个字体, 20 个需要补全
  ✓ 第 216 页完成: 成功 0, 跳过 20, 失败 0 (207.2s)
  📄 第 217 页: 20 个字体, 20 个需要补全
  ✓ 第 217 页完成: 成功 0, 跳过 20, 失败 0 (208.1s)
  📄 第 218 页: 20 个字体, 20 个需要补全
  ✓ 第 218 页完成: 成功 0, 跳过 20, 失败 0 (209.0s)
  📄 第 219 页: 20 个字体, 20 个需要补全
  ✓ 第 219 页完成: 成功 0, 跳过 20, 失败 0 (209.9s)
  📄 第 220 页: 20 个字体, 20 个需要补全
  ✓ 第 220 页完成: 成功 0, 跳过 20, 失败 0 (210.8s)

  ⏳ 总进度: 已处理 0 个, 跳过 3095 个, 失败 0 个 (211.3s)

  📄 第 221 页: 20 个字体, 20 个需要补全
  ✓ 第 221 页完成: 成功 0, 跳过 20, 失败 0 (211.7s)
  📄 第 222 页: 20 个字体, 20 个需要补全
  ✓ 第 222 页完成: 成功 0, 跳过 20, 失败 0 (212.6s)
  📄 第 223 页: 20 个字体, 20 个需要补全
  ✓ 第 223 页完成: 成功 0, 跳过 20, 失败 0 (213.5s)
  📄 第 224 页: 20 个字体, 20 个需要补全
  ✓ 第 224 页完成: 成功 0, 跳过 20, 失败 0 (214.4s)
  📄 第 225 页: 20 个字体, 20 个需要补全
  ✓ 第 225 页完成: 成功 0, 跳过 20, 失败 0 (215.3s)
  📄 第 226 页: 20 个字体, 20 个需要补全
  ✓ 第 226 页完成: 成功 0, 跳过 20, 失败 0 (216.3s)
  📄 第 227 页: 20 个字体, 20 个需要补全
  ✓ 第 227 页完成: 成功 0, 跳过 20, 失败 0 (217.2s)
  📄 第 228 页: 20 个字体, 20 个需要补全
  ✓ 第 228 页完成: 成功 0, 跳过 20, 失败 0 (218.0s)
  📄 第 229 页: 20 个字体, 16 个需要补全
  ✓ 第 229 页完成: 成功 0, 跳过 16, 失败 0 (218.9s)
  📄 第 230 页: 20 个字体, 15 个需要补全
  ✓ 第 230 页完成: 成功 0, 跳过 15, 失败 0 (219.9s)
  📄 第 231 页: 20 个字体, 16 个需要补全
  ✓ 第 231 页完成: 成功 0, 跳过 16, 失败 0 (221.2s)
  📄 第 232 页: 20 个字体, 12 个需要补全
  ✓ 第 232 页完成: 成功 0, 跳过 12, 失败 0 (222.1s)
  📄 第 233 页: 20 个字体, 17 个需要补全
  ✓ 第 233 页完成: 成功 0, 跳过 17, 失败 0 (223.0s)
  📄 第 234 页: 20 个字体, 19 个需要补全
  ✓ 第 234 页完成: 成功 0, 跳过 19, 失败 0 (223.9s)
  📄 第 235 页: 20 个字体, 20 个需要补全
  ✓ 第 235 页完成: 成功 0, 跳过 20, 失败 0 (224.8s)
  📄 第 236 页: 20 个字体, 20 个需要补全
  ✓ 第 236 页完成: 成功 0, 跳过 20, 失败 0 (225.8s)
  📄 第 237 页: 20 个字体, 20 个需要补全
  ✓ 第 237 页完成: 成功 0, 跳过 20, 失败 0 (226.7s)
  📄 第 238 页: 20 个字体, 20 个需要补全
  ✓ 第 238 页完成: 成功 0, 跳过 20, 失败 0 (227.6s)
  📄 第 239 页: 20 个字体, 20 个需要补全
  ✓ 第 239 页完成: 成功 0, 跳过 20, 失败 0 (228.4s)
  📄 第 240 页: 20 个字体, 20 个需要补全
  ✓ 第 240 页完成: 成功 0, 跳过 20, 失败 0 (229.3s)

  ⏳ 总进度: 已处理 0 个, 跳过 3470 个, 失败 0 个 (229.8s)

  📄 第 241 页: 20 个字体, 20 个需要补全
  ✓ 第 241 页完成: 成功 0, 跳过 20, 失败 0 (230.2s)
  📄 第 242 页: 20 个字体, 20 个需要补全
  ✓ 第 242 页完成: 成功 0, 跳过 20, 失败 0 (231.1s)
  📄 第 243 页: 20 个字体, 20 个需要补全
  ✓ 第 243 页完成: 成功 0, 跳过 20, 失败 0 (232.0s)
  📄 第 244 页: 20 个字体, 20 个需要补全
  ✓ 第 244 页完成: 成功 0, 跳过 20, 失败 0 (232.9s)
  📄 第 245 页: 20 个字体, 20 个需要补全
  ✓ 第 245 页完成: 成功 0, 跳过 20, 失败 0 (233.8s)
  📄 第 246 页: 20 个字体, 20 个需要补全
  ✓ 第 246 页完成: 成功 0, 跳过 20, 失败 0 (234.8s)
  📄 第 247 页: 20 个字体, 20 个需要补全
  ✓ 第 247 页完成: 成功 0, 跳过 20, 失败 0 (236.0s)
  📄 第 248 页: 20 个字体, 20 个需要补全
  ✓ 第 248 页完成: 成功 0, 跳过 20, 失败 0 (237.0s)
  📄 第 249 页: 20 个字体, 20 个需要补全
  ✓ 第 249 页完成: 成功 0, 跳过 20, 失败 0 (237.9s)
  📄 第 250 页: 20 个字体, 20 个需要补全
  ✓ 第 250 页完成: 成功 0, 跳过 20, 失败 0 (238.8s)
  📄 第 251 页: 20 个字体, 20 个需要补全
  ✓ 第 251 页完成: 成功 0, 跳过 20, 失败 0 (239.9s)
  📄 第 252 页: 20 个字体, 20 个需要补全
  ✓ 第 252 页完成: 成功 0, 跳过 20, 失败 0 (240.8s)
  📄 第 253 页: 20 个字体, 20 个需要补全
  ✓ 第 253 页完成: 成功 0, 跳过 20, 失败 0 (241.7s)
  📄 第 254 页: 20 个字体, 16 个需要补全
  ✓ 第 254 页完成: 成功 0, 跳过 16, 失败 0 (242.6s)
  📄 第 255 页: 20 个字体, 15 个需要补全
  ✓ 第 255 页完成: 成功 0, 跳过 15, 失败 0 (243.5s)
  📄 第 256 页: 20 个字体, 17 个需要补全
  ✓ 第 256 页完成: 成功 0, 跳过 17, 失败 0 (244.4s)
  📄 第 257 页: 20 个字体, 17 个需要补全
  ✓ 第 257 页完成: 成功 0, 跳过 17, 失败 0 (245.3s)
  📄 第 258 页: 20 个字体, 14 个需要补全
  ✓ 第 258 页完成: 成功 0, 跳过 14, 失败 0 (246.2s)
  📄 第 259 页: 20 个字体, 15 个需要补全
  ✓ 第 259 页完成: 成功 0, 跳过 15, 失败 0 (247.1s)
  📄 第 260 页: 20 个字体, 7 个需要补全
  ✓ 第 260 页完成: 成功 0, 跳过 7, 失败 0 (247.9s)

  ⏳ 总进度: 已处理 0 个, 跳过 3831 个, 失败 0 个 (248.4s)

  📄 第 261 页: 20 个字体, 15 个需要补全
  ✓ 第 261 页完成: 成功 0, 跳过 15, 失败 0 (248.8s)
  📄 第 262 页: 20 个字体, 15 个需要补全
  ✓ 第 262 页完成: 成功 0, 跳过 15, 失败 0 (249.7s)
  📄 第 263 页: 20 个字体, 16 个需要补全
  ✓ 第 263 页完成: 成功 0, 跳过 16, 失败 0 (250.9s)
  📄 第 264 页: 20 个字体, 13 个需要补全
  ✓ 第 264 页完成: 成功 0, 跳过 13, 失败 0 (251.9s)
  📄 第 265 页: 20 个字体, 17 个需要补全
  ✓ 第 265 页完成: 成功 0, 跳过 17, 失败 0 (252.8s)
  📄 第 266 页: 20 个字体, 19 个需要补全
  ✓ 第 266 页完成: 成功 0, 跳过 19, 失败 0 (253.8s)
  📄 第 267 页: 20 个字体, 20 个需要补全
  ✓ 第 267 页完成: 成功 0, 跳过 20, 失败 0 (254.6s)
  📄 第 268 页: 20 个字体, 20 个需要补全
  ✓ 第 268 页完成: 成功 0, 跳过 20, 失败 0 (255.6s)
  📄 第 269 页: 20 个字体, 20 个需要补全
  ✓ 第 269 页完成: 成功 0, 跳过 20, 失败 0 (256.8s)
  📄 第 270 页: 20 个字体, 20 个需要补全
  ✓ 第 270 页完成: 成功 0, 跳过 20, 失败 0 (257.7s)
  📄 第 271 页: 20 个字体, 20 个需要补全
  ✓ 第 271 页完成: 成功 0, 跳过 20, 失败 0 (258.6s)
  📄 第 272 页: 20 个字体, 20 个需要补全
  ✓ 第 272 页完成: 成功 0, 跳过 20, 失败 0 (259.7s)
  📄 第 273 页: 20 个字体, 20 个需要补全
  ✓ 第 273 页完成: 成功 0, 跳过 20, 失败 0 (261.0s)
  📄 第 274 页: 20 个字体, 20 个需要补全
  ✓ 第 274 页完成: 成功 0, 跳过 20, 失败 0 (261.8s)
  📄 第 275 页: 20 个字体, 20 个需要补全
  ✓ 第 275 页完成: 成功 0, 跳过 20, 失败 0 (262.7s)
  📄 第 276 页: 20 个字体, 20 个需要补全
  ✓ 第 276 页完成: 成功 0, 跳过 20, 失败 0 (263.6s)
  📄 第 277 页: 20 个字体, 20 个需要补全
  ✓ 第 277 页完成: 成功 0, 跳过 20, 失败 0 (264.5s)
  📄 第 278 页: 20 个字体, 20 个需要补全
  ✓ 第 278 页完成: 成功 0, 跳过 20, 失败 0 (265.4s)
  📄 第 279 页: 20 个字体, 15 个需要补全
  ✓ 第 279 页完成: 成功 0, 跳过 15, 失败 0 (266.3s)
  📄 第 280 页: 20 个字体, 12 个需要补全
  ✓ 第 280 页完成: 成功 0, 跳过 12, 失败 0 (267.2s)

  ⏳ 总进度: 已处理 0 个, 跳过 4193 个, 失败 0 个 (267.7s)

  📄 第 281 页: 20 个字体, 12 个需要补全
  ✓ 第 281 页完成: 成功 0, 跳过 12, 失败 0 (268.1s)
  📄 第 282 页: 20 个字体, 9 个需要补全
  ✓ 第 282 页完成: 成功 0, 跳过 9, 失败 0 (269.0s)
  📄 第 283 页: 20 个字体, 9 个需要补全
  ✓ 第 283 页完成: 成功 0, 跳过 9, 失败 0 (269.9s)
  📄 第 284 页: 20 个字体, 10 个需要补全
  ✓ 第 284 页完成: 成功 0, 跳过 10, 失败 0 (271.0s)
  📄 第 285 页: 20 个字体, 8 个需要补全
  ✓ 第 285 页完成: 成功 0, 跳过 8, 失败 0 (272.0s)
  📄 第 286 页: 20 个字体, 13 个需要补全
  ✓ 第 286 页完成: 成功 0, 跳过 13, 失败 0 (272.9s)
  📄 第 287 页: 20 个字体, 9 个需要补全
  ✓ 第 287 页完成: 成功 0, 跳过 9, 失败 0 (273.8s)
  📄 第 288 页: 20 个字体, 10 个需要补全
  ✓ 第 288 页完成: 成功 0, 跳过 10, 失败 0 (274.7s)
  📄 第 289 页: 20 个字体, 15 个需要补全
  ✓ 第 289 页完成: 成功 0, 跳过 15, 失败 0 (275.6s)
  📄 第 290 页: 20 个字体, 9 个需要补全
  ✓ 第 290 页完成: 成功 0, 跳过 9, 失败 0 (276.7s)
  📄 第 291 页: 20 个字体, 10 个需要补全
  ✓ 第 291 页完成: 成功 0, 跳过 10, 失败 0 (277.8s)
  📄 第 292 页: 20 个字体, 14 个需要补全
  ✓ 第 292 页完成: 成功 0, 跳过 14, 失败 0 (279.0s)
  📄 第 293 页: 20 个字体, 14 个需要补全
  ✓ 第 293 页完成: 成功 0, 跳过 14, 失败 0 (280.3s)
  📄 第 294 页: 20 个字体, 14 个需要补全
  ✓ 第 294 页完成: 成功 0, 跳过 14, 失败 0 (281.5s)
  📄 第 295 页: 20 个字体, 8 个需要补全
  ✓ 第 295 页完成: 成功 0, 跳过 8, 失败 0 (282.4s)
  📄 第 296 页: 20 个字体, 10 个需要补全
  ✓ 第 296 页完成: 成功 0, 跳过 10, 失败 0 (283.3s)
  📄 第 297 页: 20 个字体, 12 个需要补全
  ✓ 第 297 页完成: 成功 0, 跳过 12, 失败 0 (284.2s)
  📄 第 298 页: 20 个字体, 16 个需要补全
  ✓ 第 298 页完成: 成功 0, 跳过 16, 失败 0 (285.2s)
  📄 第 299 页: 20 个字体, 11 个需要补全
  ✓ 第 299 页完成: 成功 0, 跳过 11, 失败 0 (286.2s)
  📄 第 300 页: 20 个字体, 12 个需要补全
  ✓ 第 300 页完成: 成功 0, 跳过 12, 失败 0 (287.7s)

  ⏳ 总进度: 已处理 0 个, 跳过 4418 个, 失败 0 个 (288.2s)

  📄 第 301 页: 20 个字体, 11 个需要补全
  ✓ 第 301 页完成: 成功 0, 跳过 11, 失败 0 (288.7s)
  📄 第 302 页: 20 个字体, 12 个需要补全
  ✓ 第 302 页完成: 成功 0, 跳过 12, 失败 0 (289.8s)
  📄 第 303 页: 20 个字体, 15 个需要补全
  ✓ 第 303 页完成: 成功 0, 跳过 15, 失败 0 (290.7s)
  📄 第 304 页: 20 个字体, 16 个需要补全
  ✓ 第 304 页完成: 成功 0, 跳过 16, 失败 0 (291.8s)
  📄 第 305 页: 20 个字体, 6 个需要补全
  ✓ 第 305 页完成: 成功 0, 跳过 6, 失败 0 (292.8s)
  📄 第 306 页: 20 个字体, 13 个需要补全
  ✓ 第 306 页完成: 成功 0, 跳过 13, 失败 0 (293.7s)
  📄 第 307 页: 20 个字体, 12 个需要补全
  ✓ 第 307 页完成: 成功 0, 跳过 12, 失败 0 (294.6s)
  📄 第 308 页: 20 个字体, 13 个需要补全
  ✓ 第 308 页完成: 成功 0, 跳过 13, 失败 0 (295.7s)
  📄 第 309 页: 20 个字体, 10 个需要补全
  ✓ 第 309 页完成: 成功 0, 跳过 10, 失败 0 (296.6s)
  📄 第 310 页: 20 个字体, 13 个需要补全
  ✓ 第 310 页完成: 成功 0, 跳过 13, 失败 0 (297.5s)
  📄 第 311 页: 20 个字体, 13 个需要补全
  ✓ 第 311 页完成: 成功 0, 跳过 13, 失败 0 (298.3s)
  📄 第 312 页: 20 个字体, 11 个需要补全
  ✓ 第 312 页完成: 成功 0, 跳过 11, 失败 0 (299.2s)
  📄 第 313 页: 20 个字体, 10 个需要补全
  ✓ 第 313 页完成: 成功 0, 跳过 10, 失败 0 (300.1s)
  📄 第 314 页: 20 个字体, 11 个需要补全
  ✓ 第 314 页完成: 成功 0, 跳过 11, 失败 0 (301.0s)
  📄 第 315 页: 20 个字体, 7 个需要补全
  ✓ 第 315 页完成: 成功 0, 跳过 7, 失败 0 (301.9s)
  📄 第 316 页: 20 个字体, 6 个需要补全
  ✓ 第 316 页完成: 成功 0, 跳过 6, 失败 0 (302.8s)
  📄 第 317 页: 20 个字体, 13 个需要补全
  ✓ 第 317 页完成: 成功 0, 跳过 13, 失败 0 (303.7s)
  📄 第 318 页: 20 个字体, 13 个需要补全
  ✓ 第 318 页完成: 成功 0, 跳过 13, 失败 0 (304.6s)
  📄 第 319 页: 20 个字体, 15 个需要补全
  ✓ 第 319 页完成: 成功 0, 跳过 15, 失败 0 (305.5s)
  📄 第 320 页: 20 个字体, 12 个需要补全
  ✓ 第 320 页完成: 成功 0, 跳过 12, 失败 0 (306.4s)

  ⏳ 总进度: 已处理 0 个, 跳过 4650 个, 失败 0 个 (306.9s)

  📄 第 321 页: 20 个字体, 10 个需要补全
  ✓ 第 321 页完成: 成功 0, 跳过 10, 失败 0 (307.4s)
  📄 第 322 页: 20 个字体, 10 个需要补全
  ✓ 第 322 页完成: 成功 0, 跳过 10, 失败 0 (308.2s)
  📄 第 323 页: 20 个字体, 12 个需要补全
  ✓ 第 323 页完成: 成功 0, 跳过 12, 失败 0 (309.2s)
  📄 第 324 页: 20 个字体, 11 个需要补全
  ✓ 第 324 页完成: 成功 0, 跳过 11, 失败 0 (310.1s)
  📄 第 325 页: 20 个字体, 13 个需要补全
  ✓ 第 325 页完成: 成功 0, 跳过 13, 失败 0 (311.0s)
  📄 第 326 页: 20 个字体, 14 个需要补全
  ✓ 第 326 页完成: 成功 0, 跳过 14, 失败 0 (311.9s)
  📄 第 327 页: 20 个字体, 8 个需要补全
  ✓ 第 327 页完成: 成功 0, 跳过 8, 失败 0 (312.8s)
  📄 第 328 页: 20 个字体, 14 个需要补全
  ✓ 第 328 页完成: 成功 0, 跳过 14, 失败 0 (313.9s)
  📄 第 329 页: 20 个字体, 10 个需要补全
  ✓ 第 329 页完成: 成功 0, 跳过 10, 失败 0 (315.4s)
  📄 第 330 页: 20 个字体, 12 个需要补全
  ✓ 第 330 页完成: 成功 0, 跳过 12, 失败 0 (316.4s)
  📄 第 331 页: 20 个字体, 13 个需要补全
  ✓ 第 331 页完成: 成功 0, 跳过 13, 失败 0 (317.8s)
  📄 第 332 页: 20 个字体, 13 个需要补全
  ✓ 第 332 页完成: 成功 0, 跳过 13, 失败 0 (318.9s)
  📄 第 333 页: 20 个字体, 16 个需要补全
  ✓ 第 333 页完成: 成功 0, 跳过 16, 失败 0 (319.9s)
  📄 第 334 页: 20 个字体, 12 个需要补全
  ✓ 第 334 页完成: 成功 0, 跳过 12, 失败 0 (320.8s)
  📄 第 335 页: 20 个字体, 14 个需要补全
  ✓ 第 335 页完成: 成功 0, 跳过 14, 失败 0 (321.9s)
  📄 第 336 页: 20 个字体, 9 个需要补全
  ✓ 第 336 页完成: 成功 0, 跳过 9, 失败 0 (322.9s)
  📄 第 337 页: 20 个字体, 14 个需要补全
  ✓ 第 337 页完成: 成功 0, 跳过 14, 失败 0 (323.8s)
  📄 第 338 页: 20 个字体, 15 个需要补全
  ✓ 第 338 页完成: 成功 0, 跳过 15, 失败 0 (324.7s)
  📄 第 339 页: 20 个字体, 18 个需要补全
  ✓ 第 339 页完成: 成功 0, 跳过 18, 失败 0 (325.7s)
  📄 第 340 页: 20 个字体, 17 个需要补全
  ✓ 第 340 页完成: 成功 0, 跳过 17, 失败 0 (326.6s)

  ⏳ 总进度: 已处理 0 个, 跳过 4905 个, 失败 0 个 (327.1s)

  📄 第 341 页: 20 个字体, 13 个需要补全
  ✓ 第 341 页完成: 成功 0, 跳过 13, 失败 0 (327.6s)
  📄 第 342 页: 20 个字体, 16 个需要补全
  ✓ 第 342 页完成: 成功 0, 跳过 16, 失败 0 (328.5s)
  📄 第 343 页: 20 个字体, 18 个需要补全
  ✓ 第 343 页完成: 成功 0, 跳过 18, 失败 0 (329.4s)
  📄 第 344 页: 20 个字体, 15 个需要补全
  ✓ 第 344 页完成: 成功 0, 跳过 15, 失败 0 (330.4s)
  📄 第 345 页: 20 个字体, 16 个需要补全
  ✓ 第 345 页完成: 成功 0, 跳过 16, 失败 0 (331.3s)
  📄 第 346 页: 20 个字体, 14 个需要补全
  ✓ 第 346 页完成: 成功 0, 跳过 14, 失败 0 (332.3s)
  📄 第 347 页: 20 个字体, 16 个需要补全
  ✓ 第 347 页完成: 成功 0, 跳过 16, 失败 0 (333.3s)
  📄 第 348 页: 20 个字体, 14 个需要补全
  ✓ 第 348 页完成: 成功 0, 跳过 14, 失败 0 (334.1s)
  📄 第 349 页: 20 个字体, 16 个需要补全
  ✓ 第 349 页完成: 成功 0, 跳过 16, 失败 0 (335.1s)
  📄 第 350 页: 20 个字体, 12 个需要补全
  ✓ 第 350 页完成: 成功 0, 跳过 12, 失败 0 (336.1s)
  📄 第 351 页: 20 个字体, 16 个需要补全
  ✓ 第 351 页完成: 成功 0, 跳过 16, 失败 0 (337.0s)
  📄 第 352 页: 20 个字体, 14 个需要补全
  ✓ 第 352 页完成: 成功 0, 跳过 14, 失败 0 (338.0s)
  📄 第 353 页: 20 个字体, 13 个需要补全
  ✓ 第 353 页完成: 成功 0, 跳过 13, 失败 0 (338.9s)
  📄 第 354 页: 20 个字体, 19 个需要补全
  ✓ 第 354 页完成: 成功 0, 跳过 19, 失败 0 (339.8s)
  📄 第 355 页: 20 个字体, 20 个需要补全
  ✓ 第 355 页完成: 成功 0, 跳过 20, 失败 0 (340.8s)
  📄 第 356 页: 20 个字体, 20 个需要补全
  ✓ 第 356 页完成: 成功 0, 跳过 20, 失败 0 (341.7s)
  📄 第 357 页: 20 个字体, 20 个需要补全
  ✓ 第 357 页完成: 成功 0, 跳过 20, 失败 0 (342.6s)
  📄 第 358 页: 20 个字体, 20 个需要补全
  ✓ 第 358 页完成: 成功 0, 跳过 20, 失败 0 (344.0s)
  📄 第 359 页: 20 个字体, 20 个需要补全
  ✓ 第 359 页完成: 成功 0, 跳过 20, 失败 0 (345.2s)
  📄 第 360 页: 20 个字体, 20 个需要补全
  ✓ 第 360 页完成: 成功 0, 跳过 20, 失败 0 (346.8s)

  ⏳ 总进度: 已处理 0 个, 跳过 5237 个, 失败 0 个 (347.3s)

  📄 第 361 页: 20 个字体, 20 个需要补全
  ✓ 第 361 页完成: 成功 0, 跳过 20, 失败 0 (347.8s)
  📄 第 362 页: 20 个字体, 20 个需要补全
  ✓ 第 362 页完成: 成功 0, 跳过 20, 失败 0 (348.7s)
  📄 第 363 页: 20 个字体, 20 个需要补全
  ✓ 第 363 页完成: 成功 0, 跳过 20, 失败 0 (349.7s)
  📄 第 364 页: 20 个字体, 20 个需要补全
  ✓ 第 364 页完成: 成功 0, 跳过 20, 失败 0 (350.6s)
  📄 第 365 页: 20 个字体, 20 个需要补全
  ✓ 第 365 页完成: 成功 0, 跳过 20, 失败 0 (351.5s)
  📄 第 366 页: 20 个字体, 20 个需要补全
  ✓ 第 366 页完成: 成功 0, 跳过 20, 失败 0 (352.3s)
  📄 第 367 页: 20 个字体, 20 个需要补全
  ✓ 第 367 页完成: 成功 0, 跳过 20, 失败 0 (353.2s)
  📄 第 368 页: 20 个字体, 20 个需要补全
  ✓ 第 368 页完成: 成功 0, 跳过 20, 失败 0 (354.2s)
  📄 第 369 页: 20 个字体, 20 个需要补全
  ✓ 第 369 页完成: 成功 0, 跳过 20, 失败 0 (355.3s)
  📄 第 370 页: 20 个字体, 20 个需要补全
  ✓ 第 370 页完成: 成功 0, 跳过 20, 失败 0 (356.1s)
  📄 第 371 页: 20 个字体, 20 个需要补全
  ✓ 第 371 页完成: 成功 0, 跳过 20, 失败 0 (357.2s)
  📄 第 372 页: 20 个字体, 20 个需要补全
  ✓ 第 372 页完成: 成功 0, 跳过 20, 失败 0 (358.1s)
  📄 第 373 页: 20 个字体, 20 个需要补全
  ✓ 第 373 页完成: 成功 0, 跳过 20, 失败 0 (359.0s)
  📄 第 374 页: 20 个字体, 20 个需要补全
  ✓ 第 374 页完成: 成功 0, 跳过 20, 失败 0 (359.9s)
  📄 第 375 页: 20 个字体, 20 个需要补全
  ✓ 第 375 页完成: 成功 0, 跳过 20, 失败 0 (360.8s)
  📄 第 376 页: 20 个字体, 20 个需要补全
  ✓ 第 376 页完成: 成功 0, 跳过 20, 失败 0 (361.7s)
  📄 第 377 页: 20 个字体, 20 个需要补全
  ✓ 第 377 页完成: 成功 0, 跳过 20, 失败 0 (362.6s)
  📄 第 378 页: 20 个字体, 20 个需要补全
  ✓ 第 378 页完成: 成功 0, 跳过 20, 失败 0 (363.4s)
  📄 第 379 页: 20 个字体, 20 个需要补全
  ✓ 第 379 页完成: 成功 0, 跳过 20, 失败 0 (364.4s)
  📄 第 380 页: 20 个字体, 20 个需要补全
  ✓ 第 380 页完成: 成功 0, 跳过 20, 失败 0 (365.4s)

  ⏳ 总进度: 已处理 0 个, 跳过 5637 个, 失败 0 个 (365.9s)

  📄 第 381 页: 20 个字体, 20 个需要补全
  ✓ 第 381 页完成: 成功 0, 跳过 20, 失败 0 (366.2s)
  📄 第 382 页: 20 个字体, 20 个需要补全
  ✓ 第 382 页完成: 成功 0, 跳过 20, 失败 0 (367.1s)
  📄 第 383 页: 20 个字体, 20 个需要补全
  ✓ 第 383 页完成: 成功 0, 跳过 20, 失败 0 (368.0s)
  📄 第 384 页: 20 个字体, 20 个需要补全
  ✓ 第 384 页完成: 成功 0, 跳过 20, 失败 0 (368.9s)
  📄 第 385 页: 20 个字体, 20 个需要补全
  ✓ 第 385 页完成: 成功 0, 跳过 20, 失败 0 (369.9s)
  📄 第 386 页: 20 个字体, 20 个需要补全
  ✓ 第 386 页完成: 成功 0, 跳过 20, 失败 0 (370.9s)
  📄 第 387 页: 20 个字体, 20 个需要补全
  ✓ 第 387 页完成: 成功 0, 跳过 20, 失败 0 (371.8s)
  📄 第 388 页: 20 个字体, 20 个需要补全
  ✓ 第 388 页完成: 成功 0, 跳过 20, 失败 0 (372.7s)
  📄 第 389 页: 20 个字体, 20 个需要补全
  ✓ 第 389 页完成: 成功 0, 跳过 20, 失败 0 (373.7s)
  📄 第 390 页: 20 个字体, 20 个需要补全
  ✓ 第 390 页完成: 成功 0, 跳过 20, 失败 0 (374.6s)
  📄 第 391 页: 20 个字体, 20 个需要补全
  ✓ 第 391 页完成: 成功 0, 跳过 20, 失败 0 (375.6s)
  📄 第 392 页: 20 个字体, 20 个需要补全
  ✓ 第 392 页完成: 成功 0, 跳过 20, 失败 0 (376.4s)
  📄 第 393 页: 20 个字体, 20 个需要补全
  ✓ 第 393 页完成: 成功 0, 跳过 20, 失败 0 (377.3s)
  📄 第 394 页: 20 个字体, 20 个需要补全
  ✓ 第 394 页完成: 成功 0, 跳过 20, 失败 0 (378.3s)
  📄 第 395 页: 20 个字体, 20 个需要补全
  ✓ 第 395 页完成: 成功 0, 跳过 20, 失败 0 (379.2s)
  📄 第 396 页: 20 个字体, 20 个需要补全
  ✓ 第 396 页完成: 成功 0, 跳过 20, 失败 0 (380.2s)
  📄 第 397 页: 20 个字体, 20 个需要补全
  ✓ 第 397 页完成: 成功 0, 跳过 20, 失败 0 (381.1s)
  📄 第 398 页: 20 个字体, 20 个需要补全
  ✓ 第 398 页完成: 成功 0, 跳过 20, 失败 0 (382.1s)
  📄 第 399 页: 20 个字体, 20 个需要补全
  ✓ 第 399 页完成: 成功 0, 跳过 20, 失败 0 (383.1s)
  📄 第 400 页: 20 个字体, 20 个需要补全
  ✓ 第 400 页完成: 成功 0, 跳过 20, 失败 0 (384.1s)

  ⏳ 总进度: 已处理 0 个, 跳过 6037 个, 失败 0 个 (384.6s)

  📄 第 401 页: 20 个字体, 20 个需要补全
  ✓ 第 401 页完成: 成功 0, 跳过 20, 失败 0 (385.0s)
  📄 第 402 页: 20 个字体, 20 个需要补全
  ✓ 第 402 页完成: 成功 0, 跳过 20, 失败 0 (385.9s)
  📄 第 403 页: 20 个字体, 20 个需要补全
  ✓ 第 403 页完成: 成功 0, 跳过 20, 失败 0 (386.8s)
  📄 第 404 页: 20 个字体, 20 个需要补全
  ✓ 第 404 页完成: 成功 0, 跳过 20, 失败 0 (387.7s)
  📄 第 405 页: 20 个字体, 20 个需要补全
  ✓ 第 405 页完成: 成功 0, 跳过 20, 失败 0 (388.6s)
  📄 第 406 页: 20 个字体, 20 个需要补全
  ✓ 第 406 页完成: 成功 0, 跳过 20, 失败 0 (389.5s)
  📄 第 407 页: 20 个字体, 20 个需要补全
  ✓ 第 407 页完成: 成功 0, 跳过 20, 失败 0 (390.8s)
  📄 第 408 页: 20 个字体, 20 个需要补全
  ✓ 第 408 页完成: 成功 0, 跳过 20, 失败 0 (391.7s)
  📄 第 409 页: 20 个字体, 20 个需要补全
  ✓ 第 409 页完成: 成功 0, 跳过 20, 失败 0 (392.6s)
  📄 第 410 页: 20 个字体, 20 个需要补全
  ✓ 第 410 页完成: 成功 0, 跳过 20, 失败 0 (393.5s)
  📄 第 411 页: 20 个字体, 20 个需要补全
  ✓ 第 411 页完成: 成功 0, 跳过 20, 失败 0 (394.4s)
  📄 第 412 页: 20 个字体, 20 个需要补全
  ✓ 第 412 页完成: 成功 0, 跳过 20, 失败 0 (395.3s)
  📄 第 413 页: 20 个字体, 20 个需要补全
  ✓ 第 413 页完成: 成功 0, 跳过 20, 失败 0 (396.2s)
  📄 第 414 页: 20 个字体, 20 个需要补全
  ✓ 第 414 页完成: 成功 0, 跳过 20, 失败 0 (397.1s)
  📄 第 415 页: 20 个字体, 20 个需要补全
  ✓ 第 415 页完成: 成功 0, 跳过 20, 失败 0 (398.0s)
  📄 第 416 页: 20 个字体, 20 个需要补全
  ✓ 第 416 页完成: 成功 0, 跳过 20, 失败 0 (398.9s)
  📄 第 417 页: 20 个字体, 20 个需要补全
  ✓ 第 417 页完成: 成功 0, 跳过 20, 失败 0 (399.8s)
  📄 第 418 页: 20 个字体, 20 个需要补全
  ✓ 第 418 页完成: 成功 0, 跳过 20, 失败 0 (400.7s)
  📄 第 419 页: 20 个字体, 20 个需要补全
  ✓ 第 419 页完成: 成功 0, 跳过 20, 失败 0 (401.6s)
  📄 第 420 页: 20 个字体, 20 个需要补全
  ✓ 第 420 页完成: 成功 0, 跳过 20, 失败 0 (402.5s)

  ⏳ 总进度: 已处理 0 个, 跳过 6437 个, 失败 0 个 (403.1s)

  📄 第 421 页: 20 个字体, 20 个需要补全
  ✓ 第 421 页完成: 成功 0, 跳过 20, 失败 0 (403.5s)
  📄 第 422 页: 20 个字体, 20 个需要补全
  ✓ 第 422 页完成: 成功 0, 跳过 20, 失败 0 (404.4s)
  📄 第 423 页: 20 个字体, 20 个需要补全
  ✓ 第 423 页完成: 成功 0, 跳过 20, 失败 0 (405.2s)
  📄 第 424 页: 20 个字体, 20 个需要补全
  ✓ 第 424 页完成: 成功 0, 跳过 20, 失败 0 (406.1s)
  📄 第 425 页: 20 个字体, 20 个需要补全
  ✓ 第 425 页完成: 成功 0, 跳过 20, 失败 0 (407.4s)
  📄 第 426 页: 20 个字体, 20 个需要补全
  ✓ 第 426 页完成: 成功 0, 跳过 20, 失败 0 (408.3s)
  📄 第 427 页: 20 个字体, 20 个需要补全
  ✓ 第 427 页完成: 成功 0, 跳过 20, 失败 0 (409.2s)
  📄 第 428 页: 20 个字体, 20 个需要补全
  ✓ 第 428 页完成: 成功 0, 跳过 20, 失败 0 (410.2s)
  📄 第 429 页: 20 个字体, 15 个需要补全
  ✓ 第 429 页完成: 成功 0, 跳过 15, 失败 0 (411.1s)
  📄 第 430 页: 20 个字体, 11 个需要补全
  ✓ 第 430 页完成: 成功 0, 跳过 11, 失败 0 (412.1s)
  📄 第 431 页: 20 个字体, 14 个需要补全
  ✓ 第 431 页完成: 成功 0, 跳过 14, 失败 0 (413.1s)
  📄 第 432 页: 20 个字体, 9 个需要补全
  ✓ 第 432 页完成: 成功 0, 跳过 9, 失败 0 (414.0s)
  📄 第 433 页: 20 个字体, 10 个需要补全
  ✓ 第 433 页完成: 成功 0, 跳过 10, 失败 0 (414.9s)
  📄 第 434 页: 20 个字体, 13 个需要补全
  ✓ 第 434 页完成: 成功 0, 跳过 13, 失败 0 (415.9s)
  📄 第 435 页: 20 个字体, 11 个需要补全
  ✓ 第 435 页完成: 成功 0, 跳过 11, 失败 0 (416.8s)
  📄 第 436 页: 20 个字体, 12 个需要补全
  ✓ 第 436 页完成: 成功 0, 跳过 12, 失败 0 (417.7s)
  📄 第 437 页: 20 个字体, 9 个需要补全
  ✓ 第 437 页完成: 成功 0, 跳过 9, 失败 0 (418.6s)
  📄 第 438 页: 20 个字体, 6 个需要补全
  ✓ 第 438 页完成: 成功 0, 跳过 6, 失败 0 (419.6s)
  📄 第 439 页: 20 个字体, 8 个需要补全
  ✓ 第 439 页完成: 成功 0, 跳过 8, 失败 0 (420.5s)
  📄 第 440 页: 20 个字体, 11 个需要补全
  ✓ 第 440 页完成: 成功 0, 跳过 11, 失败 0 (421.4s)

  ⏳ 总进度: 已处理 0 个, 跳过 6726 个, 失败 0 个 (421.9s)

  📄 第 441 页: 20 个字体, 13 个需要补全
  ✓ 第 441 页完成: 成功 0, 跳过 13, 失败 0 (422.3s)
  📄 第 442 页: 20 个字体, 13 个需要补全
  ✓ 第 442 页完成: 成功 0, 跳过 13, 失败 0 (423.2s)
  📄 第 443 页: 20 个字体, 9 个需要补全
  ✓ 第 443 页完成: 成功 0, 跳过 9, 失败 0 (424.2s)
  📄 第 444 页: 20 个字体, 12 个需要补全
  ✓ 第 444 页完成: 成功 0, 跳过 12, 失败 0 (425.1s)
  📄 第 445 页: 20 个字体, 11 个需要补全
  ✓ 第 445 页完成: 成功 0, 跳过 11, 失败 0 (426.0s)
  📄 第 446 页: 20 个字体, 7 个需要补全
  ✓ 第 446 页完成: 成功 0, 跳过 7, 失败 0 (426.9s)
  📄 第 447 页: 20 个字体, 12 个需要补全
  ✓ 第 447 页完成: 成功 0, 跳过 12, 失败 0 (427.8s)
  📄 第 448 页: 20 个字体, 7 个需要补全
  ✓ 第 448 页完成: 成功 0, 跳过 7, 失败 0 (428.7s)
  📄 第 449 页: 20 个字体, 12 个需要补全
  ✓ 第 449 页完成: 成功 0, 跳过 12, 失败 0 (429.6s)
  📄 第 450 页: 20 个字体, 10 个需要补全
  ✓ 第 450 页完成: 成功 0, 跳过 10, 失败 0 (430.5s)
  📄 第 451 页: 20 个字体, 10 个需要补全
  ✓ 第 451 页完成: 成功 0, 跳过 10, 失败 0 (431.4s)
  📄 第 452 页: 20 个字体, 12 个需要补全
  ✓ 第 452 页完成: 成功 0, 跳过 12, 失败 0 (432.3s)
  📄 第 453 页: 20 个字体, 9 个需要补全
  ✓ 第 453 页完成: 成功 0, 跳过 9, 失败 0 (433.2s)
  📄 第 454 页: 20 个字体, 12 个需要补全
  ✓ 第 454 页完成: 成功 0, 跳过 12, 失败 0 (434.1s)
  📄 第 455 页: 20 个字体, 14 个需要补全
  ✓ 第 455 页完成: 成功 0, 跳过 14, 失败 0 (435.1s)
  📄 第 456 页: 20 个字体, 9 个需要补全
  ✓ 第 456 页完成: 成功 0, 跳过 9, 失败 0 (435.9s)
  📄 第 457 页: 20 个字体, 9 个需要补全
  ✓ 第 457 页完成: 成功 0, 跳过 9, 失败 0 (436.8s)
  📄 第 458 页: 20 个字体, 18 个需要补全
  ✓ 第 458 页完成: 成功 0, 跳过 18, 失败 0 (437.8s)
  📄 第 459 页: 20 个字体, 20 个需要补全
  ✓ 第 459 页完成: 成功 0, 跳过 20, 失败 0 (438.7s)
  📄 第 460 页: 20 个字体, 20 个需要补全
  ✓ 第 460 页完成: 成功 0, 跳过 20, 失败 0 (439.6s)

  ⏳ 总进度: 已处理 0 个, 跳过 6965 个, 失败 0 个 (440.1s)

  📄 第 461 页: 20 个字体, 20 个需要补全
  ✓ 第 461 页完成: 成功 0, 跳过 20, 失败 0 (440.6s)
  📄 第 462 页: 20 个字体, 20 个需要补全
  ✓ 第 462 页完成: 成功 0, 跳过 20, 失败 0 (441.5s)
  📄 第 463 页: 20 个字体, 20 个需要补全
  ✓ 第 463 页完成: 成功 0, 跳过 20, 失败 0 (442.4s)
  📄 第 464 页: 20 个字体, 20 个需要补全
  ✓ 第 464 页完成: 成功 0, 跳过 20, 失败 0 (443.3s)
  📄 第 465 页: 20 个字体, 20 个需要补全
  ✓ 第 465 页完成: 成功 0, 跳过 20, 失败 0 (444.2s)
  📄 第 466 页: 20 个字体, 20 个需要补全
  ✓ 第 466 页完成: 成功 0, 跳过 20, 失败 0 (445.1s)
  📄 第 467 页: 20 个字体, 20 个需要补全
  ✓ 第 467 页完成: 成功 0, 跳过 20, 失败 0 (446.0s)
  📄 第 468 页: 20 个字体, 20 个需要补全
  ✓ 第 468 页完成: 成功 0, 跳过 20, 失败 0 (446.9s)
  📄 第 469 页: 20 个字体, 20 个需要补全
  ✓ 第 469 页完成: 成功 0, 跳过 20, 失败 0 (447.8s)
  📄 第 470 页: 20 个字体, 20 个需要补全
  ✓ 第 470 页完成: 成功 0, 跳过 20, 失败 0 (448.8s)
  📄 第 471 页: 20 个字体, 20 个需要补全
  ✓ 第 471 页完成: 成功 0, 跳过 20, 失败 0 (449.6s)
  📄 第 472 页: 20 个字体, 20 个需要补全
  ✓ 第 472 页完成: 成功 0, 跳过 20, 失败 0 (450.5s)
  📄 第 473 页: 20 个字体, 20 个需要补全
  ✓ 第 473 页完成: 成功 0, 跳过 20, 失败 0 (451.4s)
  📄 第 474 页: 20 个字体, 20 个需要补全
  ✓ 第 474 页完成: 成功 0, 跳过 20, 失败 0 (452.4s)
  📄 第 475 页: 20 个字体, 20 个需要补全
  ✓ 第 475 页完成: 成功 0, 跳过 20, 失败 0 (453.3s)
  📄 第 476 页: 20 个字体, 20 个需要补全
  ✓ 第 476 页完成: 成功 0, 跳过 20, 失败 0 (454.2s)
  📄 第 477 页: 20 个字体, 20 个需要补全
  ✓ 第 477 页完成: 成功 0, 跳过 20, 失败 0 (455.1s)
  📄 第 478 页: 20 个字体, 20 个需要补全
  ✓ 第 478 页完成: 成功 0, 跳过 20, 失败 0 (456.0s)
  📄 第 479 页: 20 个字体, 17 个需要补全
  ✓ 第 479 页完成: 成功 0, 跳过 17, 失败 0 (456.9s)
  📄 第 480 页: 20 个字体, 8 个需要补全
  ✓ 第 480 页完成: 成功 0, 跳过 8, 失败 0 (457.8s)

  ⏳ 总进度: 已处理 0 个, 跳过 7350 个, 失败 0 个 (458.3s)

  📄 第 481 页: 20 个字体, 8 个需要补全
  ✓ 第 481 页完成: 成功 0, 跳过 8, 失败 0 (458.7s)
  📄 第 482 页: 20 个字体, 10 个需要补全
  ✓ 第 482 页完成: 成功 0, 跳过 10, 失败 0 (459.6s)
  📄 第 483 页: 20 个字体, 8 个需要补全
  ✓ 第 483 页完成: 成功 0, 跳过 8, 失败 0 (460.5s)
  📄 第 484 页: 20 个字体, 12 个需要补全
  ✓ 第 484 页完成: 成功 0, 跳过 12, 失败 0 (461.3s)
  📄 第 485 页: 20 个字体, 6 个需要补全
  ✓ 第 485 页完成: 成功 0, 跳过 6, 失败 0 (462.2s)
  📄 第 486 页: 20 个字体, 9 个需要补全
  ✓ 第 486 页完成: 成功 0, 跳过 9, 失败 0 (463.1s)
  📄 第 487 页: 20 个字体, 12 个需要补全
  ✓ 第 487 页完成: 成功 0, 跳过 12, 失败 0 (464.0s)
  📄 第 488 页: 20 个字体, 20 个需要补全
  ✓ 第 488 页完成: 成功 0, 跳过 20, 失败 0 (464.9s)
  📄 第 489 页: 20 个字体, 20 个需要补全
  ✓ 第 489 页完成: 成功 0, 跳过 20, 失败 0 (465.8s)
  📄 第 490 页: 20 个字体, 20 个需要补全
  ✓ 第 490 页完成: 成功 0, 跳过 20, 失败 0 (466.7s)
  📄 第 491 页: 20 个字体, 20 个需要补全
  ✓ 第 491 页完成: 成功 0, 跳过 20, 失败 0 (467.6s)
  📄 第 492 页: 20 个字体, 20 个需要补全
  ✓ 第 492 页完成: 成功 0, 跳过 20, 失败 0 (471.1s)
  📄 第 493 页: 20 个字体, 20 个需要补全
  ✓ 第 493 页完成: 成功 0, 跳过 20, 失败 0 (475.6s)
  📄 第 494 页: 20 个字体, 20 个需要补全
  ✓ 第 494 页完成: 成功 0, 跳过 20, 失败 0 (479.1s)
  📄 第 495 页: 20 个字体, 20 个需要补全
  ✓ 第 495 页完成: 成功 0, 跳过 20, 失败 0 (480.5s)
  📄 第 496 页: 20 个字体, 20 个需要补全
  ✓ 第 496 页完成: 成功 0, 跳过 20, 失败 0 (481.9s)
  📄 第 497 页: 20 个字体, 20 个需要补全
  ✓ 第 497 页完成: 成功 0, 跳过 20, 失败 0 (483.7s)
  📄 第 498 页: 20 个字体, 20 个需要补全
  ✓ 第 498 页完成: 成功 0, 跳过 20, 失败 0 (484.9s)
  📄 第 499 页: 20 个字体, 20 个需要补全
  ✓ 第 499 页完成: 成功 0, 跳过 20, 失败 0 (486.2s)
  📄 第 500 页: 20 个字体, 20 个需要补全
  ✓ 第 500 页完成: 成功 0, 跳过 20, 失败 0 (487.6s)

  ⏳ 总进度: 已处理 0 个, 跳过 7675 个, 失败 0 个 (488.1s)

  📄 第 501 页: 20 个字体, 0 个需要补全
  ⏭️ 第 501 页: 全部跳过
  📄 第 502 页: 20 个字体, 0 个需要补全
  ⏭️ 第 502 页: 全部跳过
  📄 第 503 页: 20 个字体, 0 个需要补全
  ⏭️ 第 503 页: 全部跳过
  📄 第 504 页: 20 个字体, 3 个需要补全
  ✓ 第 504 页完成: 成功 0, 跳过 3, 失败 0 (496.1s)
  📄 第 505 页: 20 个字体, 4 个需要补全
  ✓ 第 505 页完成: 成功 0, 跳过 4, 失败 0 (499.8s)
  📄 第 506 页: 20 个字体, 8 个需要补全
  ✓ 第 506 页完成: 成功 0, 跳过 8, 失败 0 (501.7s)
  📄 第 507 页: 20 个字体, 10 个需要补全
  ✓ 第 507 页完成: 成功 0, 跳过 10, 失败 0 (503.1s)
  📄 第 508 页: 20 个字体, 6 个需要补全
  ✓ 第 508 页完成: 成功 0, 跳过 6, 失败 0 (505.4s)
  📄 第 509 页: 20 个字体, 12 个需要补全
  ✓ 第 509 页完成: 成功 0, 跳过 12, 失败 0 (506.5s)
  📄 第 510 页: 20 个字体, 13 个需要补全
  ✓ 第 510 页完成: 成功 0, 跳过 13, 失败 0 (507.8s)
  📄 第 511 页: 20 个字体, 13 个需要补全
  ✓ 第 511 页完成: 成功 0, 跳过 13, 失败 0 (508.8s)
  📄 第 512 页: 20 个字体, 5 个需要补全
  ✓ 第 512 页完成: 成功 0, 跳过 5, 失败 0 (509.8s)
  📄 第 513 页: 20 个字体, 9 个需要补全
  ✓ 第 513 页完成: 成功 0, 跳过 9, 失败 0 (510.9s)
  📄 第 514 页: 20 个字体, 10 个需要补全
  ✓ 第 514 页完成: 成功 0, 跳过 10, 失败 0 (511.9s)
  📄 第 515 页: 20 个字体, 10 个需要补全
  ✓ 第 515 页完成: 成功 0, 跳过 10, 失败 0 (512.8s)
  📄 第 516 页: 20 个字体, 6 个需要补全
  ✓ 第 516 页完成: 成功 0, 跳过 6, 失败 0 (513.7s)
  📄 第 517 页: 20 个字体, 14 个需要补全
  ✓ 第 517 页完成: 成功 0, 跳过 14, 失败 0 (514.6s)
  📄 第 518 页: 20 个字体, 8 个需要补全
  ✓ 第 518 页完成: 成功 0, 跳过 8, 失败 0 (515.6s)
  📄 第 519 页: 20 个字体, 10 个需要补全
  ✓ 第 519 页完成: 成功 0, 跳过 10, 失败 0 (516.5s)
  📄 第 520 页: 20 个字体, 10 个需要补全
  ✓ 第 520 页完成: 成功 0, 跳过 10, 失败 0 (517.4s)

  ⏳ 总进度: 已处理 0 个, 跳过 7826 个, 失败 0 个 (517.9s)

  📄 第 521 页: 20 个字体, 11 个需要补全
  ✓ 第 521 页完成: 成功 0, 跳过 11, 失败 0 (518.3s)
  📄 第 522 页: 20 个字体, 7 个需要补全
  ✓ 第 522 页完成: 成功 0, 跳过 7, 失败 0 (519.3s)
  📄 第 523 页: 20 个字体, 12 个需要补全
  ✓ 第 523 页完成: 成功 0, 跳过 12, 失败 0 (520.2s)
  📄 第 524 页: 20 个字体, 9 个需要补全
  ✓ 第 524 页完成: 成功 0, 跳过 9, 失败 0 (521.0s)
  📄 第 525 页: 20 个字体, 15 个需要补全
  ✓ 第 525 页完成: 成功 0, 跳过 15, 失败 0 (522.0s)
  📄 第 526 页: 20 个字体, 14 个需要补全
  ✓ 第 526 页完成: 成功 0, 跳过 14, 失败 0 (522.9s)
  📄 第 527 页: 20 个字体, 9 个需要补全
  ✓ 第 527 页完成: 成功 0, 跳过 9, 失败 0 (523.8s)
  📄 第 528 页: 20 个字体, 8 个需要补全
  ✓ 第 528 页完成: 成功 0, 跳过 8, 失败 0 (524.7s)
  📄 第 529 页: 20 个字体, 16 个需要补全
  ✓ 第 529 页完成: 成功 0, 跳过 16, 失败 0 (525.6s)
  📄 第 530 页: 20 个字体, 20 个需要补全
  ✓ 第 530 页完成: 成功 0, 跳过 20, 失败 0 (526.6s)
  📄 第 531 页: 20 个字体, 20 个需要补全
  ✓ 第 531 页完成: 成功 0, 跳过 20, 失败 0 (527.5s)
  📄 第 532 页: 20 个字体, 20 个需要补全
  ✓ 第 532 页完成: 成功 0, 跳过 20, 失败 0 (528.5s)
  📄 第 533 页: 20 个字体, 20 个需要补全
  ✓ 第 533 页完成: 成功 0, 跳过 20, 失败 0 (529.5s)
  📄 第 534 页: 20 个字体, 20 个需要补全
  ✓ 第 534 页完成: 成功 0, 跳过 20, 失败 0 (530.4s)
  📄 第 535 页: 20 个字体, 20 个需要补全
  ✓ 第 535 页完成: 成功 0, 跳过 20, 失败 0 (531.9s)
  📄 第 536 页: 20 个字体, 20 个需要补全
  ✓ 第 536 页完成: 成功 0, 跳过 20, 失败 0 (532.9s)
  📄 第 537 页: 20 个字体, 20 个需要补全
  ✓ 第 537 页完成: 成功 0, 跳过 20, 失败 0 (533.8s)
  📄 第 538 页: 20 个字体, 20 个需要补全
  ✓ 第 538 页完成: 成功 0, 跳过 20, 失败 0 (534.8s)
  📄 第 539 页: 20 个字体, 20 个需要补全
  ✓ 第 539 页完成: 成功 0, 跳过 20, 失败 0 (535.7s)
  📄 第 540 页: 20 个字体, 20 个需要补全
  ✓ 第 540 页完成: 成功 0, 跳过 20, 失败 0 (536.6s)

  ⏳ 总进度: 已处理 0 个, 跳过 8147 个, 失败 0 个 (537.1s)

  📄 第 541 页: 20 个字体, 20 个需要补全
  ✓ 第 541 页完成: 成功 0, 跳过 20, 失败 0 (537.5s)
  📄 第 542 页: 20 个字体, 20 个需要补全
  ✓ 第 542 页完成: 成功 0, 跳过 20, 失败 0 (538.4s)
  📄 第 543 页: 20 个字体, 20 个需要补全
  ✓ 第 543 页完成: 成功 0, 跳过 20, 失败 0 (539.3s)
  📄 第 544 页: 20 个字体, 20 个需要补全
  ✓ 第 544 页完成: 成功 0, 跳过 20, 失败 0 (540.2s)
  📄 第 545 页: 20 个字体, 20 个需要补全
  ✓ 第 545 页完成: 成功 0, 跳过 20, 失败 0 (541.1s)
  📄 第 546 页: 20 个字体, 20 个需要补全
  ✓ 第 546 页完成: 成功 0, 跳过 20, 失败 0 (542.1s)
  📄 第 547 页: 20 个字体, 20 个需要补全
  ✓ 第 547 页完成: 成功 0, 跳过 20, 失败 0 (543.0s)
  📄 第 548 页: 20 个字体, 20 个需要补全
  ✓ 第 548 页完成: 成功 0, 跳过 20, 失败 0 (544.0s)
  📄 第 549 页: 20 个字体, 20 个需要补全
  ✓ 第 549 页完成: 成功 0, 跳过 20, 失败 0 (544.9s)
  📄 第 550 页: 20 个字体, 20 个需要补全
  ✓ 第 550 页完成: 成功 0, 跳过 20, 失败 0 (545.9s)
  📄 第 551 页: 20 个字体, 20 个需要补全
  ✓ 第 551 页完成: 成功 0, 跳过 20, 失败 0 (546.7s)
  📄 第 552 页: 20 个字体, 20 个需要补全
  ✓ 第 552 页完成: 成功 0, 跳过 20, 失败 0 (547.7s)
  📄 第 553 页: 20 个字体, 20 个需要补全
  ✓ 第 553 页完成: 成功 0, 跳过 20, 失败 0 (548.6s)
  📄 第 554 页: 20 个字体, 20 个需要补全
  ✓ 第 554 页完成: 成功 0, 跳过 20, 失败 0 (549.6s)
  📄 第 555 页: 20 个字体, 20 个需要补全
  ✓ 第 555 页完成: 成功 0, 跳过 20, 失败 0 (550.5s)
  📄 第 556 页: 20 个字体, 20 个需要补全
  ✓ 第 556 页完成: 成功 0, 跳过 20, 失败 0 (551.4s)
  📄 第 557 页: 20 个字体, 20 个需要补全
  ✓ 第 557 页完成: 成功 0, 跳过 20, 失败 0 (552.3s)
  📄 第 558 页: 20 个字体, 20 个需要补全
  ✓ 第 558 页完成: 成功 0, 跳过 20, 失败 0 (553.2s)
  📄 第 559 页: 20 个字体, 20 个需要补全
  ✓ 第 559 页完成: 成功 0, 跳过 20, 失败 0 (554.2s)
  📄 第 560 页: 20 个字体, 20 个需要补全
  ✓ 第 560 页完成: 成功 0, 跳过 20, 失败 0 (555.1s)

  ⏳ 总进度: 已处理 0 个, 跳过 8547 个, 失败 0 个 (555.6s)

  📄 第 561 页: 20 个字体, 20 个需要补全
  ✓ 第 561 页完成: 成功 0, 跳过 20, 失败 0 (556.0s)
  📄 第 562 页: 20 个字体, 20 个需要补全
  ✓ 第 562 页完成: 成功 0, 跳过 20, 失败 0 (556.9s)
  📄 第 563 页: 20 个字体, 20 个需要补全
  ✓ 第 563 页完成: 成功 0, 跳过 20, 失败 0 (557.8s)
  📄 第 564 页: 20 个字体, 20 个需要补全
  ✓ 第 564 页完成: 成功 0, 跳过 20, 失败 0 (558.7s)
  📄 第 565 页: 20 个字体, 20 个需要补全
  ✓ 第 565 页完成: 成功 0, 跳过 20, 失败 0 (559.6s)
  📄 第 566 页: 20 个字体, 20 个需要补全
  ✓ 第 566 页完成: 成功 0, 跳过 20, 失败 0 (560.6s)
  📄 第 567 页: 20 个字体, 20 个需要补全
  ✓ 第 567 页完成: 成功 0, 跳过 20, 失败 0 (561.9s)
  📄 第 568 页: 20 个字体, 20 个需要补全
  ✓ 第 568 页完成: 成功 0, 跳过 20, 失败 0 (562.9s)
  📄 第 569 页: 20 个字体, 20 个需要补全
  ✓ 第 569 页完成: 成功 0, 跳过 20, 失败 0 (563.8s)
  📄 第 570 页: 20 个字体, 20 个需要补全
  ✓ 第 570 页完成: 成功 0, 跳过 20, 失败 0 (564.7s)
  📄 第 571 页: 20 个字体, 20 个需要补全
  ✓ 第 571 页完成: 成功 0, 跳过 20, 失败 0 (565.6s)
  📄 第 572 页: 20 个字体, 20 个需要补全
  ✓ 第 572 页完成: 成功 0, 跳过 20, 失败 0 (566.5s)
  📄 第 573 页: 20 个字体, 20 个需要补全
  ✓ 第 573 页完成: 成功 0, 跳过 20, 失败 0 (567.4s)
  📄 第 574 页: 20 个字体, 20 个需要补全
  ✓ 第 574 页完成: 成功 0, 跳过 20, 失败 0 (568.3s)
  📄 第 575 页: 20 个字体, 20 个需要补全
  ✓ 第 575 页完成: 成功 0, 跳过 20, 失败 0 (569.2s)
  📄 第 576 页: 20 个字体, 20 个需要补全
  ✓ 第 576 页完成: 成功 0, 跳过 20, 失败 0 (570.1s)
  📄 第 577 页: 20 个字体, 20 个需要补全
  ✓ 第 577 页完成: 成功 0, 跳过 20, 失败 0 (571.1s)
  📄 第 578 页: 20 个字体, 20 个需要补全
  ✓ 第 578 页完成: 成功 0, 跳过 20, 失败 0 (572.0s)
  📄 第 579 页: 20 个字体, 20 个需要补全
  ✓ 第 579 页完成: 成功 0, 跳过 20, 失败 0 (572.9s)
  📄 第 580 页: 20 个字体, 20 个需要补全
  ✓ 第 580 页完成: 成功 0, 跳过 20, 失败 0 (573.8s)

  ⏳ 总进度: 已处理 0 个, 跳过 8947 个, 失败 0 个 (574.3s)

  📄 第 581 页: 20 个字体, 20 个需要补全
  ✓ 第 581 页完成: 成功 0, 跳过 20, 失败 0 (574.7s)
  📄 第 582 页: 20 个字体, 20 个需要补全
  ✓ 第 582 页完成: 成功 0, 跳过 20, 失败 0 (575.6s)
  📄 第 583 页: 20 个字体, 20 个需要补全
  ✓ 第 583 页完成: 成功 0, 跳过 20, 失败 0 (576.5s)
  📄 第 584 页: 20 个字体, 20 个需要补全
  ✓ 第 584 页完成: 成功 0, 跳过 20, 失败 0 (577.4s)
  📄 第 585 页: 20 个字体, 20 个需要补全
  ✓ 第 585 页完成: 成功 0, 跳过 20, 失败 0 (578.3s)
  📄 第 586 页: 20 个字体, 20 个需要补全
  ✓ 第 586 页完成: 成功 0, 跳过 20, 失败 0 (579.2s)
  📄 第 587 页: 20 个字体, 20 个需要补全
  ✓ 第 587 页完成: 成功 0, 跳过 20, 失败 0 (580.2s)
  📄 第 588 页: 20 个字体, 20 个需要补全
  ✓ 第 588 页完成: 成功 0, 跳过 20, 失败 0 (581.1s)
  📄 第 589 页: 20 个字体, 20 个需要补全
  ✓ 第 589 页完成: 成功 0, 跳过 20, 失败 0 (582.0s)
  📄 第 590 页: 20 个字体, 20 个需要补全
  ✓ 第 590 页完成: 成功 0, 跳过 20, 失败 0 (583.0s)
  📄 第 591 页: 20 个字体, 20 个需要补全
  ✓ 第 591 页完成: 成功 0, 跳过 20, 失败 0 (583.8s)
  📄 第 592 页: 20 个字体, 20 个需要补全
  ✓ 第 592 页完成: 成功 0, 跳过 20, 失败 0 (584.7s)
  📄 第 593 页: 20 个字体, 20 个需要补全
  ✓ 第 593 页完成: 成功 0, 跳过 20, 失败 0 (585.6s)
  📄 第 594 页: 20 个字体, 20 个需要补全
  ✓ 第 594 页完成: 成功 0, 跳过 20, 失败 0 (586.5s)
  📄 第 595 页: 20 个字体, 20 个需要补全
  ✓ 第 595 页完成: 成功 0, 跳过 20, 失败 0 (587.4s)
  📄 第 596 页: 20 个字体, 20 个需要补全
  ✓ 第 596 页完成: 成功 0, 跳过 20, 失败 0 (588.3s)
  📄 第 597 页: 20 个字体, 20 个需要补全
  ✓ 第 597 页完成: 成功 0, 跳过 20, 失败 0 (589.2s)
  📄 第 598 页: 20 个字体, 20 个需要补全
  ✓ 第 598 页完成: 成功 0, 跳过 20, 失败 0 (590.1s)
  📄 第 599 页: 20 个字体, 20 个需要补全
  ✓ 第 599 页完成: 成功 0, 跳过 20, 失败 0 (591.0s)
  📄 第 600 页: 20 个字体, 20 个需要补全
  ✓ 第 600 页完成: 成功 0, 跳过 20, 失败 0 (592.0s)

  ⏳ 总进度: 已处理 0 个, 跳过 9347 个, 失败 0 个 (592.5s)

  📄 第 601 页: 20 个字体, 20 个需要补全
  ✓ 第 601 页完成: 成功 0, 跳过 20, 失败 0 (592.9s)
  📄 第 602 页: 20 个字体, 20 个需要补全
  ✓ 第 602 页完成: 成功 0, 跳过 20, 失败 0 (593.8s)
  📄 第 603 页: 20 个字体, 20 个需要补全
  ✓ 第 603 页完成: 成功 0, 跳过 20, 失败 0 (594.7s)
  📄 第 604 页: 20 个字体, 20 个需要补全
  ✓ 第 604 页完成: 成功 0, 跳过 20, 失败 0 (595.8s)
  📄 第 605 页: 20 个字体, 20 个需要补全
  ✓ 第 605 页完成: 成功 0, 跳过 20, 失败 0 (596.7s)
  📄 第 606 页: 20 个字体, 20 个需要补全
  ✓ 第 606 页完成: 成功 0, 跳过 20, 失败 0 (597.6s)
  📄 第 607 页: 20 个字体, 20 个需要补全
  ✓ 第 607 页完成: 成功 0, 跳过 20, 失败 0 (598.5s)
  📄 第 608 页: 20 个字体, 20 个需要补全
  ✓ 第 608 页完成: 成功 0, 跳过 20, 失败 0 (599.4s)
  📄 第 609 页: 20 个字体, 20 个需要补全
  ✓ 第 609 页完成: 成功 0, 跳过 20, 失败 0 (600.3s)
  📄 第 610 页: 20 个字体, 20 个需要补全
  ✓ 第 610 页完成: 成功 0, 跳过 20, 失败 0 (601.3s)
  📄 第 611 页: 20 个字体, 20 个需要补全
  ✓ 第 611 页完成: 成功 0, 跳过 20, 失败 0 (602.2s)
  📄 第 612 页: 20 个字体, 20 个需要补全
  ✓ 第 612 页完成: 成功 0, 跳过 20, 失败 0 (603.1s)
  📄 第 613 页: 20 个字体, 20 个需要补全
  ✓ 第 613 页完成: 成功 0, 跳过 20, 失败 0 (604.0s)
  📄 第 614 页: 20 个字体, 20 个需要补全
  ✓ 第 614 页完成: 成功 0, 跳过 20, 失败 0 (604.9s)
  📄 第 615 页: 20 个字体, 20 个需要补全
  ✓ 第 615 页完成: 成功 0, 跳过 20, 失败 0 (605.8s)
  📄 第 616 页: 20 个字体, 20 个需要补全
  ✓ 第 616 页完成: 成功 0, 跳过 20, 失败 0 (606.7s)
  📄 第 617 页: 20 个字体, 20 个需要补全
  ✓ 第 617 页完成: 成功 0, 跳过 20, 失败 0 (607.7s)
  📄 第 618 页: 20 个字体, 20 个需要补全
  ✓ 第 618 页完成: 成功 0, 跳过 20, 失败 0 (608.6s)
  📄 第 619 页: 20 个字体, 20 个需要补全
  ✓ 第 619 页完成: 成功 0, 跳过 20, 失败 0 (609.5s)
  📄 第 620 页: 20 个字体, 20 个需要补全
  ✓ 第 620 页完成: 成功 0, 跳过 20, 失败 0 (610.4s)

  ⏳ 总进度: 已处理 0 个, 跳过 9747 个, 失败 0 个 (610.9s)

  📄 第 621 页: 20 个字体, 20 个需要补全
  ✓ 第 621 页完成: 成功 0, 跳过 20, 失败 0 (611.3s)
  📄 第 622 页: 20 个字体, 20 个需要补全
  ✓ 第 622 页完成: 成功 0, 跳过 20, 失败 0 (612.4s)
  📄 第 623 页: 20 个字体, 20 个需要补全
  ✓ 第 623 页完成: 成功 0, 跳过 20, 失败 0 (613.3s)
  📄 第 624 页: 20 个字体, 20 个需要补全
  ✓ 第 624 页完成: 成功 0, 跳过 20, 失败 0 (614.2s)
  📄 第 625 页: 20 个字体, 20 个需要补全
  ✓ 第 625 页完成: 成功 0, 跳过 20, 失败 0 (615.1s)
  📄 第 626 页: 20 个字体, 20 个需要补全
  ✓ 第 626 页完成: 成功 0, 跳过 20, 失败 0 (616.0s)
  📄 第 627 页: 20 个字体, 20 个需要补全
  ✓ 第 627 页完成: 成功 0, 跳过 20, 失败 0 (616.9s)
  📄 第 628 页: 20 个字体, 20 个需要补全
  ✓ 第 628 页完成: 成功 0, 跳过 20, 失败 0 (617.8s)
  📄 第 629 页: 20 个字体, 20 个需要补全
  ✓ 第 629 页完成: 成功 0, 跳过 20, 失败 0 (618.7s)
  📄 第 630 页: 20 个字体, 20 个需要补全
  ✓ 第 630 页完成: 成功 0, 跳过 20, 失败 0 (619.6s)
  📄 第 631 页: 20 个字体, 20 个需要补全
  ✓ 第 631 页完成: 成功 0, 跳过 20, 失败 0 (620.5s)
  📄 第 632 页: 20 个字体, 20 个需要补全
  ✓ 第 632 页完成: 成功 0, 跳过 20, 失败 0 (621.4s)
  📄 第 633 页: 20 个字体, 20 个需要补全
  ✓ 第 633 页完成: 成功 0, 跳过 20, 失败 0 (622.3s)
  📄 第 634 页: 20 个字体, 20 个需要补全
  ✓ 第 634 页完成: 成功 0, 跳过 20, 失败 0 (623.3s)
  📄 第 635 页: 20 个字体, 20 个需要补全
  ✓ 第 635 页完成: 成功 0, 跳过 20, 失败 0 (624.2s)
  📄 第 636 页: 20 个字体, 20 个需要补全
  ✓ 第 636 页完成: 成功 0, 跳过 20, 失败 0 (625.2s)
  📄 第 637 页: 20 个字体, 20 个需要补全
  ✓ 第 637 页完成: 成功 0, 跳过 20, 失败 0 (626.1s)
  📄 第 638 页: 20 个字体, 20 个需要补全
  ✓ 第 638 页完成: 成功 0, 跳过 20, 失败 0 (627.0s)
  📄 第 639 页: 20 个字体, 20 个需要补全
  ✓ 第 639 页完成: 成功 0, 跳过 20, 失败 0 (627.9s)
  📄 第 640 页: 20 个字体, 20 个需要补全
  ✓ 第 640 页完成: 成功 0, 跳过 20, 失败 0 (628.9s)

  ⏳ 总进度: 已处理 0 个, 跳过 10147 个, 失败 0 个 (629.4s)

  📄 第 641 页: 20 个字体, 20 个需要补全
  ✓ 第 641 页完成: 成功 0, 跳过 20, 失败 0 (629.8s)
  📄 第 642 页: 20 个字体, 20 个需要补全
  ✓ 第 642 页完成: 成功 0, 跳过 20, 失败 0 (630.6s)
  📄 第 643 页: 20 个字体, 20 个需要补全
  ✓ 第 643 页完成: 成功 0, 跳过 20, 失败 0 (631.6s)
  📄 第 644 页: 20 个字体, 20 个需要补全
  ✓ 第 644 页完成: 成功 0, 跳过 20, 失败 0 (632.5s)
  📄 第 645 页: 20 个字体, 20 个需要补全
  ✓ 第 645 页完成: 成功 0, 跳过 20, 失败 0 (633.4s)
  📄 第 646 页: 20 个字体, 20 个需要补全
  ✓ 第 646 页完成: 成功 0, 跳过 20, 失败 0 (634.3s)
  📄 第 647 页: 20 个字体, 20 个需要补全
  ✓ 第 647 页完成: 成功 0, 跳过 20, 失败 0 (635.2s)
  📄 第 648 页: 20 个字体, 20 个需要补全
  ✓ 第 648 页完成: 成功 0, 跳过 20, 失败 0 (636.1s)
  📄 第 649 页: 20 个字体, 20 个需要补全
  ✓ 第 649 页完成: 成功 0, 跳过 20, 失败 0 (637.0s)
  📄 第 650 页: 20 个字体, 20 个需要补全
  ✓ 第 650 页完成: 成功 0, 跳过 20, 失败 0 (637.9s)
  📄 第 651 页: 20 个字体, 20 个需要补全
  ✓ 第 651 页完成: 成功 0, 跳过 20, 失败 0 (638.8s)
  📄 第 652 页: 20 个字体, 20 个需要补全
  ✓ 第 652 页完成: 成功 0, 跳过 20, 失败 0 (639.8s)
  📄 第 653 页: 20 个字体, 20 个需要补全
  ✓ 第 653 页完成: 成功 0, 跳过 20, 失败 0 (640.7s)
  📄 第 654 页: 20 个字体, 20 个需要补全
  ✓ 第 654 页完成: 成功 0, 跳过 20, 失败 0 (641.6s)
  📄 第 655 页: 20 个字体, 20 个需要补全
  ✓ 第 655 页完成: 成功 0, 跳过 20, 失败 0 (642.5s)
  📄 第 656 页: 20 个字体, 20 个需要补全
  ✓ 第 656 页完成: 成功 0, 跳过 20, 失败 0 (643.4s)
  📄 第 657 页: 20 个字体, 20 个需要补全
  ✓ 第 657 页完成: 成功 0, 跳过 20, 失败 0 (644.3s)
  📄 第 658 页: 20 个字体, 20 个需要补全
  ✓ 第 658 页完成: 成功 0, 跳过 20, 失败 0 (645.3s)
  📄 第 659 页: 20 个字体, 20 个需要补全
  ✓ 第 659 页完成: 成功 0, 跳过 20, 失败 0 (646.2s)
  📄 第 660 页: 20 个字体, 20 个需要补全
  ✓ 第 660 页完成: 成功 0, 跳过 20, 失败 0 (647.1s)

  ⏳ 总进度: 已处理 0 个, 跳过 10547 个, 失败 0 个 (647.6s)

  📄 第 661 页: 20 个字体, 20 个需要补全
  ✓ 第 661 页完成: 成功 0, 跳过 20, 失败 0 (648.0s)
  📄 第 662 页: 20 个字体, 20 个需要补全
  ✓ 第 662 页完成: 成功 0, 跳过 20, 失败 0 (648.9s)
  📄 第 663 页: 20 个字体, 20 个需要补全
  ✓ 第 663 页完成: 成功 0, 跳过 20, 失败 0 (649.9s)
  📄 第 664 页: 20 个字体, 20 个需要补全
  ✓ 第 664 页完成: 成功 0, 跳过 20, 失败 0 (650.8s)
  📄 第 665 页: 20 个字体, 20 个需要补全
  ✓ 第 665 页完成: 成功 0, 跳过 20, 失败 0 (651.8s)
  📄 第 666 页: 20 个字体, 20 个需要补全
  ✓ 第 666 页完成: 成功 0, 跳过 20, 失败 0 (652.7s)
  📄 第 667 页: 20 个字体, 20 个需要补全
  ✓ 第 667 页完成: 成功 0, 跳过 20, 失败 0 (653.6s)
  📄 第 668 页: 20 个字体, 20 个需要补全
  ✓ 第 668 页完成: 成功 0, 跳过 20, 失败 0 (654.5s)
  📄 第 669 页: 20 个字体, 20 个需要补全
  ✓ 第 669 页完成: 成功 0, 跳过 20, 失败 0 (656.1s)
  📄 第 670 页: 20 个字体, 20 个需要补全
  ✓ 第 670 页完成: 成功 0, 跳过 20, 失败 0 (657.7s)
  📄 第 671 页: 20 个字体, 20 个需要补全
  ✓ 第 671 页完成: 成功 0, 跳过 20, 失败 0 (658.6s)
  📄 第 672 页: 20 个字体, 20 个需要补全
  ✓ 第 672 页完成: 成功 0, 跳过 20, 失败 0 (659.5s)
  📄 第 673 页: 20 个字体, 20 个需要补全
  ✓ 第 673 页完成: 成功 0, 跳过 20, 失败 0 (660.4s)
  📄 第 674 页: 20 个字体, 20 个需要补全
  ✓ 第 674 页完成: 成功 0, 跳过 20, 失败 0 (661.3s)
  📄 第 675 页: 20 个字体, 20 个需要补全
  ✓ 第 675 页完成: 成功 0, 跳过 20, 失败 0 (662.2s)
  📄 第 676 页: 20 个字体, 20 个需要补全
  ✓ 第 676 页完成: 成功 0, 跳过 20, 失败 0 (663.1s)
  📄 第 677 页: 20 个字体, 20 个需要补全
  ✓ 第 677 页完成: 成功 0, 跳过 20, 失败 0 (664.2s)
  📄 第 678 页: 20 个字体, 20 个需要补全
  ✓ 第 678 页完成: 成功 0, 跳过 20, 失败 0 (665.2s)
  📄 第 679 页: 20 个字体, 20 个需要补全
  ✓ 第 679 页完成: 成功 0, 跳过 20, 失败 0 (666.2s)
  📄 第 680 页: 20 个字体, 20 个需要补全
  ✓ 第 680 页完成: 成功 0, 跳过 20, 失败 0 (667.1s)

  ⏳ 总进度: 已处理 0 个, 跳过 10947 个, 失败 0 个 (667.6s)

  📄 第 681 页: 20 个字体, 20 个需要补全
  ✓ 第 681 页完成: 成功 0, 跳过 20, 失败 0 (668.0s)
  📄 第 682 页: 20 个字体, 20 个需要补全
  ✓ 第 682 页完成: 成功 0, 跳过 20, 失败 0 (668.9s)
  📄 第 683 页: 20 个字体, 20 个需要补全
  ✓ 第 683 页完成: 成功 0, 跳过 20, 失败 0 (669.8s)
  📄 第 684 页: 20 个字体, 20 个需要补全
  ✓ 第 684 页完成: 成功 0, 跳过 20, 失败 0 (670.7s)
  📄 第 685 页: 20 个字体, 20 个需要补全
  ✓ 第 685 页完成: 成功 0, 跳过 20, 失败 0 (671.7s)
  📄 第 686 页: 20 个字体, 20 个需要补全
  ✓ 第 686 页完成: 成功 0, 跳过 20, 失败 0 (672.6s)
  📄 第 687 页: 20 个字体, 20 个需要补全
  ✓ 第 687 页完成: 成功 0, 跳过 20, 失败 0 (673.6s)
  📄 第 688 页: 20 个字体, 20 个需要补全
  ✓ 第 688 页完成: 成功 0, 跳过 20, 失败 0 (674.5s)
  📄 第 689 页: 20 个字体, 20 个需要补全
  ✓ 第 689 页完成: 成功 0, 跳过 20, 失败 0 (675.4s)
  📄 第 690 页: 20 个字体, 20 个需要补全
  ✓ 第 690 页完成: 成功 0, 跳过 20, 失败 0 (676.3s)
  📄 第 691 页: 20 个字体, 20 个需要补全
  ✓ 第 691 页完成: 成功 0, 跳过 20, 失败 0 (677.2s)
  📄 第 692 页: 20 个字体, 20 个需要补全
  ✓ 第 692 页完成: 成功 0, 跳过 20, 失败 0 (678.1s)
  📄 第 693 页: 20 个字体, 20 个需要补全
  ✓ 第 693 页完成: 成功 0, 跳过 20, 失败 0 (679.0s)
  📄 第 694 页: 20 个字体, 20 个需要补全
  ✓ 第 694 页完成: 成功 0, 跳过 20, 失败 0 (680.0s)
  📄 第 695 页: 20 个字体, 20 个需要补全
  ✓ 第 695 页完成: 成功 0, 跳过 20, 失败 0 (680.9s)
  📄 第 696 页: 20 个字体, 20 个需要补全
  ✓ 第 696 页完成: 成功 0, 跳过 20, 失败 0 (681.8s)
  📄 第 697 页: 20 个字体, 20 个需要补全
  ✓ 第 697 页完成: 成功 0, 跳过 20, 失败 0 (682.8s)
  📄 第 698 页: 20 个字体, 20 个需要补全
  ✓ 第 698 页完成: 成功 0, 跳过 20, 失败 0 (683.7s)
  📄 第 699 页: 20 个字体, 20 个需要补全
  ✓ 第 699 页完成: 成功 0, 跳过 20, 失败 0 (684.6s)
  📄 第 700 页: 20 个字体, 20 个需要补全
  ✓ 第 700 页完成: 成功 0, 跳过 20, 失败 0 (685.5s)

  ⏳ 总进度: 已处理 0 个, 跳过 11347 个, 失败 0 个 (686.0s)

  📄 第 701 页: 20 个字体, 20 个需要补全
  ✓ 第 701 页完成: 成功 0, 跳过 20, 失败 0 (686.4s)
  📄 第 702 页: 20 个字体, 20 个需要补全
  ✓ 第 702 页完成: 成功 0, 跳过 20, 失败 0 (687.3s)
  📄 第 703 页: 20 个字体, 20 个需要补全
  ✓ 第 703 页完成: 成功 0, 跳过 20, 失败 0 (688.3s)
  📄 第 704 页: 20 个字体, 20 个需要补全
  ✓ 第 704 页完成: 成功 0, 跳过 20, 失败 0 (689.3s)
  📄 第 705 页: 20 个字体, 20 个需要补全
  ✓ 第 705 页完成: 成功 0, 跳过 20, 失败 0 (690.2s)
  📄 第 706 页: 20 个字体, 20 个需要补全
  ✓ 第 706 页完成: 成功 0, 跳过 20, 失败 0 (691.1s)
  📄 第 707 页: 20 个字体, 20 个需要补全
  ✓ 第 707 页完成: 成功 0, 跳过 20, 失败 0 (692.0s)
  📄 第 708 页: 20 个字体, 20 个需要补全
  ✓ 第 708 页完成: 成功 0, 跳过 20, 失败 0 (692.9s)
  📄 第 709 页: 20 个字体, 20 个需要补全
  ✓ 第 709 页完成: 成功 0, 跳过 20, 失败 0 (693.8s)
  📄 第 710 页: 20 个字体, 20 个需要补全
  ✓ 第 710 页完成: 成功 0, 跳过 20, 失败 0 (694.7s)
  📄 第 711 页: 20 个字体, 20 个需要补全
  ✓ 第 711 页完成: 成功 0, 跳过 20, 失败 0 (695.6s)
  📄 第 712 页: 20 个字体, 20 个需要补全
  ✓ 第 712 页完成: 成功 0, 跳过 20, 失败 0 (696.5s)
  📄 第 713 页: 20 个字体, 20 个需要补全
  ✓ 第 713 页完成: 成功 0, 跳过 20, 失败 0 (697.4s)
  📄 第 714 页: 20 个字体, 20 个需要补全
  ✓ 第 714 页完成: 成功 0, 跳过 20, 失败 0 (698.3s)
  📄 第 715 页: 20 个字体, 20 个需要补全
  ✓ 第 715 页完成: 成功 0, 跳过 20, 失败 0 (699.2s)
  📄 第 716 页: 20 个字体, 20 个需要补全
  ✓ 第 716 页完成: 成功 0, 跳过 20, 失败 0 (700.2s)
  📄 第 717 页: 20 个字体, 20 个需要补全
  ✓ 第 717 页完成: 成功 0, 跳过 20, 失败 0 (701.1s)
  📄 第 718 页: 20 个字体, 20 个需要补全
  ✓ 第 718 页完成: 成功 0, 跳过 20, 失败 0 (702.0s)
  📄 第 719 页: 20 个字体, 20 个需要补全
  ✓ 第 719 页完成: 成功 0, 跳过 20, 失败 0 (702.9s)
  📄 第 720 页: 20 个字体, 20 个需要补全
  ✓ 第 720 页完成: 成功 0, 跳过 20, 失败 0 (703.8s)

  ⏳ 总进度: 已处理 0 个, 跳过 11747 个, 失败 0 个 (704.3s)

  📄 第 721 页: 20 个字体, 20 个需要补全
  ✓ 第 721 页完成: 成功 0, 跳过 20, 失败 0 (704.7s)
  📄 第 722 页: 20 个字体, 20 个需要补全
  ✓ 第 722 页完成: 成功 0, 跳过 20, 失败 0 (705.5s)
  📄 第 723 页: 20 个字体, 20 个需要补全
  ✓ 第 723 页完成: 成功 0, 跳过 20, 失败 0 (706.5s)
  📄 第 724 页: 20 个字体, 20 个需要补全
  ✓ 第 724 页完成: 成功 0, 跳过 20, 失败 0 (707.4s)
  📄 第 725 页: 20 个字体, 20 个需要补全
  ✓ 第 725 页完成: 成功 0, 跳过 20, 失败 0 (708.3s)
  📄 第 726 页: 20 个字体, 20 个需要补全
  ✓ 第 726 页完成: 成功 0, 跳过 20, 失败 0 (709.2s)
  📄 第 727 页: 20 个字体, 20 个需要补全
  ✓ 第 727 页完成: 成功 0, 跳过 20, 失败 0 (710.1s)
  📄 第 728 页: 20 个字体, 20 个需要补全
  ✓ 第 728 页完成: 成功 0, 跳过 20, 失败 0 (711.0s)
  📄 第 729 页: 20 个字体, 20 个需要补全
  ✓ 第 729 页完成: 成功 0, 跳过 20, 失败 0 (712.0s)
  📄 第 730 页: 20 个字体, 20 个需要补全
  ✓ 第 730 页完成: 成功 0, 跳过 20, 失败 0 (712.9s)
  📄 第 731 页: 20 个字体, 20 个需要补全
  ✓ 第 731 页完成: 成功 0, 跳过 20, 失败 0 (713.8s)
  📄 第 732 页: 20 个字体, 20 个需要补全
  ✓ 第 732 页完成: 成功 0, 跳过 20, 失败 0 (714.7s)
  📄 第 733 页: 20 个字体, 20 个需要补全
  ✓ 第 733 页完成: 成功 0, 跳过 20, 失败 0 (715.6s)
  📄 第 734 页: 20 个字体, 20 个需要补全
  ✓ 第 734 页完成: 成功 0, 跳过 20, 失败 0 (716.7s)
  📄 第 735 页: 20 个字体, 20 个需要补全
  ✓ 第 735 页完成: 成功 0, 跳过 20, 失败 0 (717.6s)
  📄 第 736 页: 20 个字体, 20 个需要补全
  ✓ 第 736 页完成: 成功 0, 跳过 20, 失败 0 (718.5s)
  📄 第 737 页: 20 个字体, 20 个需要补全
  ✓ 第 737 页完成: 成功 0, 跳过 20, 失败 0 (720.1s)
  📄 第 738 页: 20 个字体, 20 个需要补全
  ✓ 第 738 页完成: 成功 0, 跳过 20, 失败 0 (721.1s)
  📄 第 739 页: 20 个字体, 20 个需要补全
  ✓ 第 739 页完成: 成功 0, 跳过 20, 失败 0 (722.0s)
  📄 第 740 页: 20 个字体, 20 个需要补全
  ✓ 第 740 页完成: 成功 0, 跳过 20, 失败 0 (723.1s)

  ⏳ 总进度: 已处理 0 个, 跳过 12147 个, 失败 0 个 (723.6s)

  📄 第 741 页: 20 个字体, 20 个需要补全
  ✓ 第 741 页完成: 成功 0, 跳过 20, 失败 0 (724.0s)
  📄 第 742 页: 20 个字体, 20 个需要补全
  ✓ 第 742 页完成: 成功 0, 跳过 20, 失败 0 (725.0s)
  📄 第 743 页: 20 个字体, 20 个需要补全
  ✓ 第 743 页完成: 成功 0, 跳过 20, 失败 0 (725.8s)
  📄 第 744 页: 20 个字体, 20 个需要补全
  ✓ 第 744 页完成: 成功 0, 跳过 20, 失败 0 (726.8s)
  📄 第 745 页: 20 个字体, 20 个需要补全
  ✓ 第 745 页完成: 成功 0, 跳过 20, 失败 0 (727.7s)
  📄 第 746 页: 20 个字体, 20 个需要补全
  ✓ 第 746 页完成: 成功 0, 跳过 20, 失败 0 (728.6s)
  📄 第 747 页: 20 个字体, 20 个需要补全
  ✓ 第 747 页完成: 成功 0, 跳过 20, 失败 0 (729.5s)
  📄 第 748 页: 20 个字体, 20 个需要补全
  ✓ 第 748 页完成: 成功 0, 跳过 20, 失败 0 (730.4s)
  📄 第 749 页: 20 个字体, 20 个需要补全
  ✓ 第 749 页完成: 成功 0, 跳过 20, 失败 0 (731.3s)
  📄 第 750 页: 20 个字体, 20 个需要补全
  ✓ 第 750 页完成: 成功 0, 跳过 20, 失败 0 (732.2s)
  📄 第 751 页: 20 个字体, 20 个需要补全
  ✓ 第 751 页完成: 成功 0, 跳过 20, 失败 0 (733.2s)
  📄 第 752 页: 20 个字体, 20 个需要补全
  ✓ 第 752 页完成: 成功 0, 跳过 20, 失败 0 (734.1s)
  📄 第 753 页: 20 个字体, 20 个需要补全
  ✓ 第 753 页完成: 成功 0, 跳过 20, 失败 0 (734.9s)
  📄 第 754 页: 20 个字体, 16 个需要补全
  ✓ 第 754 页完成: 成功 0, 跳过 16, 失败 0 (735.8s)
  📄 第 755 页: 20 个字体, 10 个需要补全
  ✓ 第 755 页完成: 成功 0, 跳过 10, 失败 0 (736.7s)
  📄 第 756 页: 20 个字体, 9 个需要补全
  ✓ 第 756 页完成: 成功 0, 跳过 9, 失败 0 (737.6s)
  📄 第 757 页: 20 个字体, 8 个需要补全
  ✓ 第 757 页完成: 成功 0, 跳过 8, 失败 0 (738.5s)
  📄 第 758 页: 20 个字体, 5 个需要补全
  ✓ 第 758 页完成: 成功 0, 跳过 5, 失败 0 (739.4s)
  📄 第 759 页: 20 个字体, 8 个需要补全
  ✓ 第 759 页完成: 成功 0, 跳过 8, 失败 0 (740.3s)
  📄 第 760 页: 20 个字体, 9 个需要补全
  ✓ 第 760 页完成: 成功 0, 跳过 9, 失败 0 (741.2s)

  ⏳ 总进度: 已处理 0 个, 跳过 12472 个, 失败 0 个 (741.7s)

  📄 第 761 页: 20 个字体, 9 个需要补全
  ✓ 第 761 页完成: 成功 0, 跳过 9, 失败 0 (742.1s)
  📄 第 762 页: 20 个字体, 15 个需要补全
  ✓ 第 762 页完成: 成功 0, 跳过 15, 失败 0 (743.1s)
  📄 第 763 页: 20 个字体, 13 个需要补全
  ✓ 第 763 页完成: 成功 0, 跳过 13, 失败 0 (744.0s)
  📄 第 764 页: 20 个字体, 9 个需要补全
  ✓ 第 764 页完成: 成功 0, 跳过 9, 失败 0 (744.9s)
  📄 第 765 页: 20 个字体, 18 个需要补全
  ✓ 第 765 页完成: 成功 0, 跳过 18, 失败 0 (745.8s)
  📄 第 766 页: 20 个字体, 20 个需要补全
  ✓ 第 766 页完成: 成功 0, 跳过 20, 失败 0 (746.7s)
  📄 第 767 页: 20 个字体, 20 个需要补全
  ✓ 第 767 页完成: 成功 0, 跳过 20, 失败 0 (747.6s)
  📄 第 768 页: 20 个字体, 20 个需要补全
  ✓ 第 768 页完成: 成功 0, 跳过 20, 失败 0 (748.5s)
  📄 第 769 页: 20 个字体, 20 个需要补全
  ✓ 第 769 页完成: 成功 0, 跳过 20, 失败 0 (749.4s)
  📄 第 770 页: 20 个字体, 20 个需要补全
  ✓ 第 770 页完成: 成功 0, 跳过 20, 失败 0 (750.3s)
  📄 第 771 页: 20 个字体, 20 个需要补全
  ✓ 第 771 页完成: 成功 0, 跳过 20, 失败 0 (751.2s)
  📄 第 772 页: 20 个字体, 20 个需要补全
  ✓ 第 772 页完成: 成功 0, 跳过 20, 失败 0 (752.1s)
  📄 第 773 页: 20 个字体, 20 个需要补全
  ✓ 第 773 页完成: 成功 0, 跳过 20, 失败 0 (753.0s)
  📄 第 774 页: 20 个字体, 20 个需要补全
  ✓ 第 774 页完成: 成功 0, 跳过 20, 失败 0 (753.9s)
  📄 第 775 页: 20 个字体, 20 个需要补全
  ✓ 第 775 页完成: 成功 0, 跳过 20, 失败 0 (754.9s)
  📄 第 776 页: 20 个字体, 20 个需要补全
  ✓ 第 776 页完成: 成功 0, 跳过 20, 失败 0 (755.8s)
  📄 第 777 页: 20 个字体, 20 个需要补全
  ✓ 第 777 页完成: 成功 0, 跳过 20, 失败 0 (756.7s)
  📄 第 778 页: 20 个字体, 20 个需要补全
  ✓ 第 778 页完成: 成功 0, 跳过 20, 失败 0 (757.6s)
  📄 第 779 页: 20 个字体, 20 个需要补全
  ✓ 第 779 页完成: 成功 0, 跳过 20, 失败 0 (758.5s)
  📄 第 780 页: 20 个字体, 20 个需要补全
  ✓ 第 780 页完成: 成功 0, 跳过 20, 失败 0 (759.4s)

  ⏳ 总进度: 已处理 0 个, 跳过 12836 个, 失败 0 个 (760.0s)

  📄 第 781 页: 20 个字体, 20 个需要补全
  ✓ 第 781 页完成: 成功 0, 跳过 20, 失败 0 (760.4s)
  📄 第 782 页: 20 个字体, 20 个需要补全
  ✓ 第 782 页完成: 成功 0, 跳过 20, 失败 0 (761.3s)
  📄 第 783 页: 20 个字体, 20 个需要补全
  ✓ 第 783 页完成: 成功 0, 跳过 20, 失败 0 (762.2s)
  📄 第 784 页: 20 个字体, 20 个需要补全
  ✓ 第 784 页完成: 成功 0, 跳过 20, 失败 0 (763.1s)
  📄 第 785 页: 20 个字体, 20 个需要补全
  ✓ 第 785 页完成: 成功 0, 跳过 20, 失败 0 (764.0s)
  📄 第 786 页: 20 个字体, 20 个需要补全
  ✓ 第 786 页完成: 成功 0, 跳过 20, 失败 0 (764.9s)
  📄 第 787 页: 20 个字体, 20 个需要补全
  ✓ 第 787 页完成: 成功 0, 跳过 20, 失败 0 (765.8s)
  📄 第 788 页: 20 个字体, 20 个需要补全
  ✓ 第 788 页完成: 成功 0, 跳过 20, 失败 0 (766.7s)
  📄 第 789 页: 20 个字体, 20 个需要补全
  ✓ 第 789 页完成: 成功 0, 跳过 20, 失败 0 (767.6s)
  📄 第 790 页: 20 个字体, 20 个需要补全
  ✓ 第 790 页完成: 成功 0, 跳过 20, 失败 0 (768.5s)
  📄 第 791 页: 20 个字体, 20 个需要补全
  ✓ 第 791 页完成: 成功 0, 跳过 20, 失败 0 (769.4s)
  📄 第 792 页: 20 个字体, 20 个需要补全
  ✓ 第 792 页完成: 成功 0, 跳过 20, 失败 0 (770.3s)
  📄 第 793 页: 20 个字体, 20 个需要补全
  ✓ 第 793 页完成: 成功 0, 跳过 20, 失败 0 (771.2s)
  📄 第 794 页: 20 个字体, 20 个需要补全
  ✓ 第 794 页完成: 成功 0, 跳过 20, 失败 0 (772.1s)
  📄 第 795 页: 20 个字体, 20 个需要补全
  ✓ 第 795 页完成: 成功 0, 跳过 20, 失败 0 (773.0s)
  📄 第 796 页: 20 个字体, 20 个需要补全
  ✓ 第 796 页完成: 成功 0, 跳过 20, 失败 0 (773.9s)
  📄 第 797 页: 20 个字体, 20 个需要补全
  ✓ 第 797 页完成: 成功 0, 跳过 20, 失败 0 (774.8s)
  📄 第 798 页: 20 个字体, 20 个需要补全
  ✓ 第 798 页完成: 成功 0, 跳过 20, 失败 0 (775.7s)
  📄 第 799 页: 20 个字体, 20 个需要补全
  ✓ 第 799 页完成: 成功 0, 跳过 20, 失败 0 (776.6s)
  📄 第 800 页: 20 个字体, 20 个需要补全
  ✓ 第 800 页完成: 成功 0, 跳过 20, 失败 0 (777.5s)

  ⏳ 总进度: 已处理 0 个, 跳过 13236 个, 失败 0 个 (778.0s)

  📄 第 801 页: 20 个字体, 20 个需要补全
  ✓ 第 801 页完成: 成功 0, 跳过 20, 失败 0 (778.4s)
  📄 第 802 页: 20 个字体, 20 个需要补全
  ✓ 第 802 页完成: 成功 0, 跳过 20, 失败 0 (779.3s)
  📄 第 803 页: 20 个字体, 20 个需要补全
  ✓ 第 803 页完成: 成功 0, 跳过 20, 失败 0 (780.2s)
  📄 第 804 页: 20 个字体, 20 个需要补全
  ✓ 第 804 页完成: 成功 0, 跳过 20, 失败 0 (781.2s)
  📄 第 805 页: 20 个字体, 20 个需要补全
  ✓ 第 805 页完成: 成功 0, 跳过 20, 失败 0 (782.0s)
  📄 第 806 页: 20 个字体, 20 个需要补全
  ✓ 第 806 页完成: 成功 0, 跳过 20, 失败 0 (782.9s)
  📄 第 807 页: 20 个字体, 20 个需要补全
  ✓ 第 807 页完成: 成功 0, 跳过 20, 失败 0 (784.1s)
  📄 第 808 页: 20 个字体, 20 个需要补全
  ✓ 第 808 页完成: 成功 0, 跳过 20, 失败 0 (785.0s)
  📄 第 809 页: 20 个字体, 20 个需要补全
  ✓ 第 809 页完成: 成功 0, 跳过 20, 失败 0 (785.9s)
  📄 第 810 页: 20 个字体, 20 个需要补全
  ✓ 第 810 页完成: 成功 0, 跳过 20, 失败 0 (786.8s)
  📄 第 811 页: 20 个字体, 20 个需要补全
  ✓ 第 811 页完成: 成功 0, 跳过 20, 失败 0 (787.7s)
  📄 第 812 页: 20 个字体, 20 个需要补全
  ✓ 第 812 页完成: 成功 0, 跳过 20, 失败 0 (788.6s)
  📄 第 813 页: 20 个字体, 20 个需要补全
  ✓ 第 813 页完成: 成功 0, 跳过 20, 失败 0 (789.5s)
  📄 第 814 页: 20 个字体, 20 个需要补全
  ✓ 第 814 页完成: 成功 0, 跳过 20, 失败 0 (790.4s)
  📄 第 815 页: 20 个字体, 20 个需要补全
  ✓ 第 815 页完成: 成功 0, 跳过 20, 失败 0 (791.3s)
  📄 第 816 页: 20 个字体, 20 个需要补全
  ✓ 第 816 页完成: 成功 0, 跳过 20, 失败 0 (792.2s)
  📄 第 817 页: 20 个字体, 20 个需要补全
  ✓ 第 817 页完成: 成功 0, 跳过 20, 失败 0 (793.1s)
  📄 第 818 页: 20 个字体, 20 个需要补全
  ✓ 第 818 页完成: 成功 0, 跳过 20, 失败 0 (794.0s)
  📄 第 819 页: 20 个字体, 20 个需要补全
  ✓ 第 819 页完成: 成功 0, 跳过 20, 失败 0 (794.9s)
  📄 第 820 页: 20 个字体, 20 个需要补全
  ✓ 第 820 页完成: 成功 0, 跳过 20, 失败 0 (795.8s)

  ⏳ 总进度: 已处理 0 个, 跳过 13636 个, 失败 0 个 (796.3s)

  📄 第 821 页: 20 个字体, 20 个需要补全
  ✓ 第 821 页完成: 成功 0, 跳过 20, 失败 0 (796.7s)
  📄 第 822 页: 20 个字体, 20 个需要补全
  ✓ 第 822 页完成: 成功 0, 跳过 20, 失败 0 (797.6s)
  📄 第 823 页: 20 个字体, 20 个需要补全
  ✓ 第 823 页完成: 成功 0, 跳过 20, 失败 0 (798.5s)
  📄 第 824 页: 20 个字体, 20 个需要补全
  ✓ 第 824 页完成: 成功 0, 跳过 20, 失败 0 (799.4s)
  📄 第 825 页: 20 个字体, 20 个需要补全
  ✓ 第 825 页完成: 成功 0, 跳过 20, 失败 0 (800.3s)
  📄 第 826 页: 20 个字体, 20 个需要补全
  ✓ 第 826 页完成: 成功 0, 跳过 20, 失败 0 (801.2s)
  📄 第 827 页: 20 个字体, 20 个需要补全
  ✓ 第 827 页完成: 成功 0, 跳过 20, 失败 0 (802.1s)
  📄 第 828 页: 20 个字体, 20 个需要补全
  ✓ 第 828 页完成: 成功 0, 跳过 20, 失败 0 (803.0s)
  📄 第 829 页: 20 个字体, 20 个需要补全
  ✓ 第 829 页完成: 成功 0, 跳过 20, 失败 0 (803.9s)
  📄 第 830 页: 20 个字体, 20 个需要补全
  ✓ 第 830 页完成: 成功 0, 跳过 20, 失败 0 (804.8s)
  📄 第 831 页: 20 个字体, 20 个需要补全
  ✓ 第 831 页完成: 成功 0, 跳过 20, 失败 0 (805.7s)
  📄 第 832 页: 20 个字体, 20 个需要补全
  ✓ 第 832 页完成: 成功 0, 跳过 20, 失败 0 (806.6s)
  📄 第 833 页: 20 个字体, 20 个需要补全
  ✓ 第 833 页完成: 成功 0, 跳过 20, 失败 0 (807.5s)
  📄 第 834 页: 20 个字体, 20 个需要补全
  ✓ 第 834 页完成: 成功 0, 跳过 20, 失败 0 (808.4s)
  📄 第 835 页: 20 个字体, 20 个需要补全
  ✓ 第 835 页完成: 成功 0, 跳过 20, 失败 0 (809.3s)
  📄 第 836 页: 20 个字体, 20 个需要补全
  ✓ 第 836 页完成: 成功 0, 跳过 20, 失败 0 (810.2s)
  📄 第 837 页: 20 个字体, 20 个需要补全
  ✓ 第 837 页完成: 成功 0, 跳过 20, 失败 0 (811.1s)
  📄 第 838 页: 20 个字体, 20 个需要补全
  ✓ 第 838 页完成: 成功 0, 跳过 20, 失败 0 (812.0s)
  📄 第 839 页: 20 个字体, 20 个需要补全
  ✓ 第 839 页完成: 成功 0, 跳过 20, 失败 0 (812.9s)
  📄 第 840 页: 20 个字体, 20 个需要补全
  ✓ 第 840 页完成: 成功 0, 跳过 20, 失败 0 (813.8s)

  ⏳ 总进度: 已处理 0 个, 跳过 14036 个, 失败 0 个 (814.3s)

  📄 第 841 页: 20 个字体, 20 个需要补全
  ✓ 第 841 页完成: 成功 0, 跳过 20, 失败 0 (814.7s)
  📄 第 842 页: 20 个字体, 20 个需要补全
  ✓ 第 842 页完成: 成功 0, 跳过 20, 失败 0 (815.6s)
  📄 第 843 页: 20 个字体, 20 个需要补全
  ✓ 第 843 页完成: 成功 0, 跳过 20, 失败 0 (816.5s)
  📄 第 844 页: 20 个字体, 20 个需要补全
  ✓ 第 844 页完成: 成功 0, 跳过 20, 失败 0 (817.4s)
  📄 第 845 页: 20 个字体, 20 个需要补全
  ✓ 第 845 页完成: 成功 0, 跳过 20, 失败 0 (818.3s)
  📄 第 846 页: 20 个字体, 20 个需要补全
  ✓ 第 846 页完成: 成功 0, 跳过 20, 失败 0 (819.2s)
  📄 第 847 页: 20 个字体, 20 个需要补全
  ✓ 第 847 页完成: 成功 0, 跳过 20, 失败 0 (820.1s)
  📄 第 848 页: 20 个字体, 20 个需要补全
  ✓ 第 848 页完成: 成功 0, 跳过 20, 失败 0 (821.0s)
  📄 第 849 页: 20 个字体, 20 个需要补全
  ✓ 第 849 页完成: 成功 0, 跳过 20, 失败 0 (821.9s)
  📄 第 850 页: 20 个字体, 20 个需要补全
  ✓ 第 850 页完成: 成功 0, 跳过 20, 失败 0 (822.8s)
  📄 第 851 页: 20 个字体, 14 个需要补全
  ✓ 第 851 页完成: 成功 0, 跳过 14, 失败 0 (823.7s)
  📄 第 852 页: 20 个字体, 15 个需要补全
  ✓ 第 852 页完成: 成功 0, 跳过 15, 失败 0 (824.6s)
  📄 第 853 页: 20 个字体, 11 个需要补全
  ✓ 第 853 页完成: 成功 0, 跳过 11, 失败 0 (825.5s)
  📄 第 854 页: 20 个字体, 9 个需要补全
  ✓ 第 854 页完成: 成功 0, 跳过 9, 失败 0 (826.4s)
  📄 第 855 页: 20 个字体, 14 个需要补全
  ✓ 第 855 页完成: 成功 0, 跳过 14, 失败 0 (827.3s)
  📄 第 856 页: 20 个字体, 9 个需要补全
  ✓ 第 856 页完成: 成功 0, 跳过 9, 失败 0 (828.2s)
  📄 第 857 页: 20 个字体, 12 个需要补全
  ✓ 第 857 页完成: 成功 0, 跳过 12, 失败 0 (829.0s)
  📄 第 858 页: 20 个字体, 14 个需要补全
  ✓ 第 858 页完成: 成功 0, 跳过 14, 失败 0 (830.0s)
  📄 第 859 页: 20 个字体, 9 个需要补全
  ✓ 第 859 页完成: 成功 0, 跳过 9, 失败 0 (830.8s)
  📄 第 860 页: 20 个字体, 14 个需要补全
  ✓ 第 860 页完成: 成功 0, 跳过 14, 失败 0 (831.7s)

  ⏳ 总进度: 已处理 0 个, 跳过 14357 个, 失败 0 个 (832.2s)

  📄 第 861 页: 20 个字体, 9 个需要补全
  ✓ 第 861 页完成: 成功 0, 跳过 9, 失败 0 (832.6s)
  📄 第 862 页: 20 个字体, 11 个需要补全
  ✓ 第 862 页完成: 成功 0, 跳过 11, 失败 0 (833.5s)
  📄 第 863 页: 20 个字体, 6 个需要补全
  ✓ 第 863 页完成: 成功 0, 跳过 6, 失败 0 (834.4s)
  📄 第 864 页: 20 个字体, 11 个需要补全
  ✓ 第 864 页完成: 成功 0, 跳过 11, 失败 0 (835.2s)
  📄 第 865 页: 20 个字体, 11 个需要补全
  ✓ 第 865 页完成: 成功 0, 跳过 11, 失败 0 (836.1s)
  📄 第 866 页: 20 个字体, 11 个需要补全
  ✓ 第 866 页完成: 成功 0, 跳过 11, 失败 0 (837.0s)
  📄 第 867 页: 20 个字体, 11 个需要补全
  ✓ 第 867 页完成: 成功 0, 跳过 11, 失败 0 (837.9s)
  📄 第 868 页: 20 个字体, 12 个需要补全
  ✓ 第 868 页完成: 成功 0, 跳过 12, 失败 0 (838.8s)
  📄 第 869 页: 20 个字体, 11 个需要补全
  ✓ 第 869 页完成: 成功 0, 跳过 11, 失败 0 (839.7s)
  📄 第 870 页: 20 个字体, 12 个需要补全
  ✓ 第 870 页完成: 成功 0, 跳过 12, 失败 0 (840.6s)
  📄 第 871 页: 20 个字体, 9 个需要补全
  ✓ 第 871 页完成: 成功 0, 跳过 9, 失败 0 (841.4s)
  📄 第 872 页: 20 个字体, 12 个需要补全
  ✓ 第 872 页完成: 成功 0, 跳过 12, 失败 0 (842.3s)
  📄 第 873 页: 20 个字体, 11 个需要补全
  ✓ 第 873 页完成: 成功 0, 跳过 11, 失败 0 (843.2s)
  📄 第 874 页: 20 个字体, 9 个需要补全
  ✓ 第 874 页完成: 成功 0, 跳过 9, 失败 0 (844.4s)
  📄 第 875 页: 20 个字体, 10 个需要补全
  ✓ 第 875 页完成: 成功 0, 跳过 10, 失败 0 (845.3s)
  📄 第 876 页: 20 个字体, 10 个需要补全
  ✓ 第 876 页完成: 成功 0, 跳过 10, 失败 0 (846.1s)
  📄 第 877 页: 20 个字体, 9 个需要补全
  ✓ 第 877 页完成: 成功 0, 跳过 9, 失败 0 (847.0s)
  📄 第 878 页: 20 个字体, 13 个需要补全
  ✓ 第 878 页完成: 成功 0, 跳过 13, 失败 0 (847.9s)
  📄 第 879 页: 20 个字体, 10 个需要补全
  ✓ 第 879 页完成: 成功 0, 跳过 10, 失败 0 (848.7s)
  📄 第 880 页: 20 个字体, 7 个需要补全
  ✓ 第 880 页完成: 成功 0, 跳过 7, 失败 0 (849.6s)

  ⏳ 总进度: 已处理 0 个, 跳过 14562 个, 失败 0 个 (850.1s)

  📄 第 881 页: 20 个字体, 1 个需要补全
  ✓ 第 881 页完成: 成功 0, 跳过 1, 失败 0 (850.5s)
  📄 第 882 页: 20 个字体, 5 个需要补全
  ✓ 第 882 页完成: 成功 0, 跳过 5, 失败 0 (851.4s)
  📄 第 883 页: 20 个字体, 3 个需要补全
  ✓ 第 883 页完成: 成功 0, 跳过 3, 失败 0 (852.2s)
  📄 第 884 页: 20 个字体, 6 个需要补全
  ✓ 第 884 页完成: 成功 0, 跳过 6, 失败 0 (853.1s)
  📄 第 885 页: 20 个字体, 4 个需要补全
  ✓ 第 885 页完成: 成功 0, 跳过 4, 失败 0 (854.0s)
  📄 第 886 页: 20 个字体, 8 个需要补全
  ✓ 第 886 页完成: 成功 0, 跳过 8, 失败 0 (854.9s)
  📄 第 887 页: 20 个字体, 7 个需要补全
  ✓ 第 887 页完成: 成功 0, 跳过 7, 失败 0 (855.7s)
  📄 第 888 页: 20 个字体, 10 个需要补全
  ✓ 第 888 页完成: 成功 0, 跳过 10, 失败 0 (856.6s)
  📄 第 889 页: 20 个字体, 9 个需要补全
  ✓ 第 889 页完成: 成功 0, 跳过 9, 失败 0 (857.8s)
  📄 第 890 页: 20 个字体, 10 个需要补全
  ✓ 第 890 页完成: 成功 0, 跳过 10, 失败 0 (858.7s)
  📄 第 891 页: 20 个字体, 13 个需要补全
  ✓ 第 891 页完成: 成功 0, 跳过 13, 失败 0 (859.6s)
  📄 第 892 页: 20 个字体, 10 个需要补全
  ✓ 第 892 页完成: 成功 0, 跳过 10, 失败 0 (860.5s)
  📄 第 893 页: 20 个字体, 11 个需要补全
  ✓ 第 893 页完成: 成功 0, 跳过 11, 失败 0 (861.3s)
  📄 第 894 页: 20 个字体, 12 个需要补全
  ✓ 第 894 页完成: 成功 0, 跳过 12, 失败 0 (862.2s)
  📄 第 895 页: 20 个字体, 7 个需要补全
  ✓ 第 895 页完成: 成功 0, 跳过 7, 失败 0 (863.1s)
  📄 第 896 页: 20 个字体, 9 个需要补全
  ✓ 第 896 页完成: 成功 0, 跳过 9, 失败 0 (864.0s)
  📄 第 897 页: 20 个字体, 10 个需要补全
  ✓ 第 897 页完成: 成功 0, 跳过 10, 失败 0 (864.8s)
  📄 第 898 页: 20 个字体, 13 个需要补全
  ✓ 第 898 页完成: 成功 0, 跳过 13, 失败 0 (865.7s)
  📄 第 899 页: 20 个字体, 8 个需要补全
  ✓ 第 899 页完成: 成功 0, 跳过 8, 失败 0 (866.6s)
  📄 第 900 页: 20 个字体, 13 个需要补全
  ✓ 第 900 页完成: 成功 0, 跳过 13, 失败 0 (867.4s)

  ⏳ 总进度: 已处理 0 个, 跳过 14731 个, 失败 0 个 (867.9s)

  📄 第 901 页: 20 个字体, 20 个需要补全
  ✓ 第 901 页完成: 成功 0, 跳过 20, 失败 0 (868.4s)
  📄 第 902 页: 20 个字体, 20 个需要补全
  ✓ 第 902 页完成: 成功 0, 跳过 20, 失败 0 (869.3s)
  📄 第 903 页: 20 个字体, 20 个需要补全
  ✓ 第 903 页完成: 成功 0, 跳过 20, 失败 0 (870.1s)
  📄 第 904 页: 20 个字体, 20 个需要补全
  ✓ 第 904 页完成: 成功 0, 跳过 20, 失败 0 (871.0s)
  📄 第 905 页: 20 个字体, 20 个需要补全
  ✓ 第 905 页完成: 成功 0, 跳过 20, 失败 0 (872.2s)
  📄 第 906 页: 20 个字体, 20 个需要补全
  ✓ 第 906 页完成: 成功 0, 跳过 20, 失败 0 (873.1s)
  📄 第 907 页: 20 个字体, 20 个需要补全
  ✓ 第 907 页完成: 成功 0, 跳过 20, 失败 0 (874.0s)
  📄 第 908 页: 20 个字体, 20 个需要补全
  ✓ 第 908 页完成: 成功 0, 跳过 20, 失败 0 (875.0s)
  📄 第 909 页: 20 个字体, 20 个需要补全
  ✓ 第 909 页完成: 成功 0, 跳过 20, 失败 0 (875.9s)
  📄 第 910 页: 20 个字体, 20 个需要补全
  ✓ 第 910 页完成: 成功 0, 跳过 20, 失败 0 (876.8s)
  📄 第 911 页: 13 个字体, 11 个需要补全
  ✓ 第 911 页完成: 成功 0, 跳过 11, 失败 0 (877.7s)

============================================================
✅ 字体库信息批量补全完成!
   总处理: 0 个字体
   跳过: 14942 个 (信息已完整)
   失败: 0 个
   耗时: 878.2s
============================================================

