🚀 启动监控...
=== 2026-08-01 21:21:10 ===
字体: 357 / 18213 (2.0%)
PSD模板: 0
状态: ✅ 运行中
=== 2026-08-01 21:22:11 ===
字体: 378 / 18213 (2.1%)
PSD模板: 0
状态: ✅ 运行中
=== 2026-08-01 21:23:11 ===
字体: 388 / 18213 (2.1%)
PSD模板: 0
状态: ✅ 运行中
=== 2026-08-01 21:24:11 ===
字体: 397 / 18213 (2.2%)
PSD模板: 0
状态: ✅ 运行中
=== 2026-08-01 21:25:12 ===
字体: 410 / 18213 (2.3%)
PSD模板: 0
状态: ✅ 运行中
=== 2026-08-01 21:26:12 ===
字体: 410 / 18213 (2.3%)
PSD模板: 0 / 445 (0.0%)
状态: ✅ 运行中
=== 2026-08-01 21:27:12 ===
字体: 410 / 18213 (2.3%)
PSD模板: 0 / 445 (0.0%)
状态: ✅ 运行中
[Sat Aug  1 21:28:13 CST 2026] 🔄 脚本未运行，正在重启...
[Sat Aug  1 21:28:13 CST 2026] ✅ 脚本已重启，PID: 44192
=== 2026-08-01 21:28:13 ===
字体: 410 / 18213 (2.3%)
PSD模板: 0 / 445 (0.0%)
状态: ✅ 运行中
=== 2026-08-01 21:29:13 ===
字体: 420 / 18213 (2.3%)
PSD模板: 0 / 445 (0.0%)
状态: ✅ 运行中
=== 2026-08-01 21:30:14 ===
字体: 420 / 18213 (2.3%)
PSD模板: 0 / 445 (0.0%)
状态: ✅ 运行中
=== 2026-08-01 21:31:14 ===
字体: 421 / 18213 (2.3%)
PSD模板: 5 / 445 (1.1%)
状态: ✅ 运行中
=== 2026-08-01 21:32:14 ===
字体: 424 / 18213 (2.3%)
PSD模板: 25 / 445 (5.6%)
状态: ✅ 运行中
=== 2026-08-01 21:33:15 ===
字体: 429 / 18213 (2.4%)
PSD模板: 45 / 445 (10.1%)
状态: ✅ 运行中
=== 2026-08-01 21:34:15 ===
字体: 431 / 18213 (2.4%)
PSD模板: 65 / 445 (14.6%)
状态: ✅ 运行中
=== 2026-08-01 21:35:16 ===
字体: 431 / 18213 (2.4%)
PSD模板: 85 / 445 (19.1%)
状态: ✅ 运行中
=== 2026-08-01 21:36:16 ===
字体: 431 / 18213 (2.4%)
PSD模板: 110 / 445 (24.7%)
状态: ✅ 运行中
=== 2026-08-01 21:37:17 ===
字体: 431 / 18213 (2.4%)
PSD模板: 130 / 445 (29.2%)
状态: ✅ 运行中
=== 2026-08-01 21:38:18 ===
字体: 431 / 18213 (2.4%)
PSD模板: 145 / 445 (32.6%)
状态: ✅ 运行中
=== 2026-08-01 21:39:18 ===
字体: 431 / 18213 (2.4%)
PSD模板: 170 / 445 (38.2%)
状态: ✅ 运行中
=== 2026-08-01 21:40:19 ===
字体: 431 / 18213 (2.4%)
PSD模板: 190 / 445 (42.7%)
状态: ✅ 运行中
=== 2026-08-01 21:41:19 ===
字体: 431 / 18213 (2.4%)
PSD模板: 210 / 445 (47.2%)
状态: ✅ 运行中
=== 2026-08-01 21:42:20 ===
字体: 431 / 18213 (2.4%)
PSD模板: 230 / 445 (51.7%)
状态: ✅ 运行中
=== 2026-08-01 21:43:20 ===
字体: 431 / 18213 (2.4%)
PSD模板: 250 / 445 (56.2%)
状态: ✅ 运行中
=== 2026-08-01 21:44:20 ===
字体: 431 / 18213 (2.4%)
PSD模板: 275 / 445 (61.8%)
状态: ✅ 运行中
=== 2026-08-01 21:45:21 ===
字体: 431 / 18213 (2.4%)
PSD模板: 295 / 445 (66.3%)
状态: ✅ 运行中
=== 2026-08-01 21:46:21 ===
字体: 431 / 18213 (2.4%)
PSD模板: 315 / 445 (70.8%)
状态: ✅ 运行中
=== 2026-08-01 21:47:21 ===
字体: 441 / 18213 (2.4%)
PSD模板: 340 / 445 (76.4%)
状态: ✅ 运行中
=== 2026-08-01 21:48:22 ===
字体: 443 / 18213 (2.4%)
PSD模板: 360 / 445 (80.9%)
状态: ✅ 运行中
=== 2026-08-01 21:49:25 ===
字体: 443 / 18213 (2.4%)
PSD模板: 375 / 445 (84.3%)
状态: ✅ 运行中
=== 2026-08-01 21:50:25 ===
字体: 448 / 18213 (2.5%)
PSD模板: 400 / 445 (89.9%)
状态: ✅ 运行中
=== 2026-08-01 21:51:26 ===
字体: 453 / 18213 (2.5%)
PSD模板: 420 / 445 (94.4%)
状态: ✅ 运行中
=== 2026-08-01 21:52:26 ===
字体: 454 / 18213 (2.5%)
PSD模板: 440 / 445 (98.9%)
状态: ✅ 运行中
=== 2026-08-01 21:53:26 ===
字体: 454 / 18213 (2.5%)
PSD模板: 445 / 445 (100.0%)
状态: ✅ 运行中
=== 2026-08-01 21:54:27 ===
字体: 454 / 18213 (2.5%)
PSD模板: 445 / 445 (100.0%)
状态: ✅ 运行中
=== 2026-08-01 21:55:27 ===
字体: 454 / 18213 (2.5%)
PSD模板: 445 / 445 (100.0%)
状态: ✅ 运行中
=== 2026-08-01 21:56:28 ===
字体: 454 / 18213 (2.5%)
PSD模板: 445 / 445 (100.0%)
状态: ✅ 运行中
=== 2026-08-01 21:57:28 ===
字体: 454 / 18213 (2.5%)
PSD模板: 445 / 445 (100.0%)
状态: ✅ 运行中
=== 2026-08-01 21:58:28 ===
字体: 454 / 18213 (2.5%)
PSD模板: 445 / 445 (100.0%)
状态: ✅ 运行中
=== 2026-08-01 21:59:29 ===
字体: 454 / 18213 (2.5%)
PSD模板: 445 / 445 (100.0%)
状态: ✅ 运行中
=== 2026-08-01 22:00:29 ===
字体: 458 / 18213 (2.5%)
PSD模板: 445 / 445 (100.0%)
状态: ✅ 运行中
=== 2026-08-01 22:01:30 ===
字体: 467 / 18213 (2.6%)
PSD模板: 445 / 445 (100.0%)
状态: ✅ 运行中
=== 2026-08-01 22:02:30 ===
字体: 467 / 18213 (2.6%)
PSD模板: 445 / 445 (100.0%)
状态: ✅ 运行中
=== 2026-08-01 22:03:30 ===
字体: 467 / 18213 (2.6%)
PSD模板: 445 / 445 (100.0%)
状态: ✅ 运行中
=== 2026-08-01 22:04:31 ===
字体: 467 / 18213 (2.6%)
PSD模板: 445 / 445 (100.0%)
状态: ✅ 运行中
=== 2026-08-01 22:05:31 ===
字体: 467 / 18213 (2.6%)
PSD模板: 445 / 445 (100.0%)
状态: ✅ 运行中
=== 2026-08-01 22:06:31 ===
字体: 467 / 18213 (2.6%)
PSD模板: 445 / 445 (100.0%)
状态: ✅ 运行中
=== 2026-08-01 22:07:32 ===
字体: 467 / 18213 (2.6%)
PSD模板: 445 / 445 (100.0%)
状态: ✅ 运行中
=== 2026-08-01 22:08:32 ===
字体: 467 / 18213 (2.6%)
PSD模板: 445 / 445 (100.0%)
状态: ✅ 运行中
=== 2026-08-01 22:09:33 ===
字体: 467 / 18213 (2.6%)
PSD模板: 445 / 445 (100.0%)
状态: ✅ 运行中
=== 2026-08-01 22:10:36 ===
字体: 467 / 18213 (2.6%)
PSD模板: 445 / 445 (100.0%)
状态: ✅ 运行中
=== 2026-08-01 22:11:36 ===
字体: 467 / 18213 (2.6%)
PSD模板: 445 / 445 (100.0%)
状态: ✅ 运行中
=== 2026-08-01 22:12:36 ===
字体: 467 / 18213 (2.6%)
PSD模板: 445 / 445 (100.0%)
状态: ✅ 运行中
=== 2026-08-01 22:13:37 ===
字体: 467 / 18213 (2.6%)
PSD模板: 445 / 445 (100.0%)
状态: ✅ 运行中
=== 2026-08-01 22:14:37 ===
字体: 467 / 18213 (2.6%)
PSD模板: 445 / 445 (100.0%)
状态: ✅ 运行中
=== 2026-08-01 22:15:37 ===
字体: 468 / 18213 (2.6%)
PSD模板: 445 / 445 (100.0%)
状态: ✅ 运行中
=== 2026-08-01 22:16:38 ===
字体: 472 / 18213 (2.6%)
PSD模板: 445 / 445 (100.0%)
状态: ✅ 运行中
=== 2026-08-01 22:17:38 ===
字体: 477 / 18213 (2.6%)
PSD模板: 445 / 445 (100.0%)
状态: ✅ 运行中
=== 2026-08-01 22:18:39 ===
字体: 484 / 18213 (2.7%)
PSD模板: 445 / 445 (100.0%)
状态: ✅ 运行中
=== 2026-08-01 22:19:39 ===
字体: 484 / 18213 (2.7%)
PSD模板: 445 / 445 (100.0%)
状态: ✅ 运行中
=== 2026-08-01 22:20:40 ===
字体: 484 / 18213 (2.7%)
PSD模板: 445 / 445 (100.0%)
状态: ✅ 运行中
=== 2026-08-01 22:21:40 ===
字体: 484 / 18213 (2.7%)
PSD模板: 445 / 445 (100.0%)
状态: ✅ 运行中
=== 2026-08-01 22:22:41 ===
字体: 484 / 18213 (2.7%)
PSD模板: 445 / 445 (100.0%)
状态: ✅ 运行中
=== 2026-08-01 22:23:41 ===
字体: 484 / 18213 (2.7%)
PSD模板: 445 / 445 (100.0%)
状态: ✅ 运行中
=== 2026-08-01 22:24:42 ===
字体: 484 / 18213 (2.7%)
PSD模板: 445 / 445 (100.0%)
状态: ✅ 运行中
=== 2026-08-01 22:25:42 ===
字体: 484 / 18213 (2.7%)
PSD模板: 445 / 445 (100.0%)
状态: ✅ 运行中
=== 2026-08-01 22:26:42 ===
字体: 484 / 18213 (2.7%)
PSD模板: 445 / 445 (100.0%)
状态: ✅ 运行中
=== 2026-08-01 22:27:43 ===
字体: 487 / 18213 (2.7%)
PSD模板: 445 / 445 (100.0%)
状态: ✅ 运行中
=== 2026-08-01 22:28:43 ===
字体: 495 / 18213 (2.7%)
PSD模板: 445 / 445 (100.0%)
状态: ✅ 运行中
=== 2026-08-01 22:29:43 ===
字体: 498 / 18213 (2.7%)
PSD模板: 445 / 445 (100.0%)
状态: ✅ 运行中
=== 2026-08-01 22:30:44 ===
字体: 498 / 18213 (2.7%)
PSD模板: 445 / 445 (100.0%)
状态: ✅ 运行中
=== 2026-08-01 22:31:44 ===
字体: 498 / 18213 (2.7%)
PSD模板: 445 / 445 (100.0%)
状态: ✅ 运行中
=== 2026-08-01 22:32:45 ===
字体: 500 / 18213 (2.7%)
PSD模板: 445 / 445 (100.0%)
状态: ✅ 运行中
=== 2026-08-01 22:33:45 ===
字体: 501 / 18213 (2.8%)
PSD模板: 445 / 445 (100.0%)
状态: ✅ 运行中
=== 2026-08-01 22:34:45 ===
字体: 501 / 18213 (2.8%)
PSD模板: 445 / 445 (100.0%)
状态: ✅ 运行中
=== 2026-08-01 22:35:46 ===
字体: 501 / 18213 (2.8%)
PSD模板: 445 / 445 (100.0%)
状态: ✅ 运行中
=== 2026-08-01 22:36:46 ===
字体: 501 / 18213 (2.8%)
PSD模板: 445 / 445 (100.0%)
状态: ✅ 运行中
=== 2026-08-01 22:37:47 ===
字体: 513 / 18213 (2.8%)
PSD模板: 445 / 445 (100.0%)
状态: ✅ 运行中
=== 2026-08-01 22:38:47 ===
字体: 527 / 18213 (2.9%)
PSD模板: 445 / 445 (100.0%)
状态: ✅ 运行中
=== 2026-08-01 22:39:47 ===
字体: 530 / 18213 (2.9%)
PSD模板: 445 / 445 (100.0%)
状态: ✅ 运行中
=== 2026-08-01 22:40:48 ===
字体: 538 / 18213 (3.0%)
PSD模板: 445 / 445 (100.0%)
状态: ✅ 运行中
=== 2026-08-01 22:41:48 ===
字体: 538 / 18213 (3.0%)
PSD模板: 445 / 445 (100.0%)
状态: ✅ 运行中
=== 2026-08-01 22:42:49 ===
字体: 538 / 18213 (3.0%)
PSD模板: 445 / 445 (100.0%)
状态: ✅ 运行中
=== 2026-08-01 22:43:50 ===
字体: 538 / 18213 (3.0%)
PSD模板: 445 / 445 (100.0%)
状态: ✅ 运行中
=== 2026-08-01 22:44:50 ===
字体: 538 / 18213 (3.0%)
PSD模板: 445 / 445 (100.0%)
状态: ✅ 运行中
=== 2026-08-01 22:45:51 ===
字体: 538 / 18213 (3.0%)
PSD模板: 445 / 445 (100.0%)
状态: ✅ 运行中
=== 2026-08-01 22:46:51 ===
字体: 544 / 18213 (3.0%)
PSD模板: 445 / 445 (100.0%)
状态: ✅ 运行中
=== 2026-08-01 22:47:51 ===
字体: 563 / 18213 (3.1%)
PSD模板: 445 / 445 (100.0%)
状态: ✅ 运行中
=== 2026-08-01 22:48:52 ===
字体: 578 / 18213 (3.2%)
PSD模板: 445 / 445 (100.0%)
状态: ✅ 运行中
=== 2026-08-01 22:49:52 ===
字体: 595 / 18213 (3.3%)
PSD模板: 445 / 445 (100.0%)
状态: ✅ 运行中
=== 2026-08-01 22:50:52 ===
字体: 612 / 18213 (3.4%)
PSD模板: 445 / 445 (100.0%)
状态: ✅ 运行中
=== 2026-08-01 22:51:53 ===
字体: 624 / 18213 (3.4%)
PSD模板: 445 / 445 (100.0%)
状态: ✅ 运行中
=== 2026-08-01 22:52:53 ===
字体: 637 / 18213 (3.5%)
PSD模板: 445 / 445 (100.0%)
状态: ✅ 运行中
=== 2026-08-01 22:53:54 ===
字体: 650 / 18213 (3.6%)
PSD模板: 445 / 445 (100.0%)
状态: ✅ 运行中
=== 2026-08-01 22:54:54 ===
字体: 656 / 18213 (3.6%)
PSD模板: 445 / 445 (100.0%)
状态: ✅ 运行中
=== 2026-08-01 22:55:54 ===
字体: 668 / 18213 (3.7%)
PSD模板: 445 / 445 (100.0%)
状态: ✅ 运行中
=== 2026-08-01 22:56:55 ===
字体: 674 / 18213 (3.7%)
PSD模板: 445 / 445 (100.0%)
状态: ✅ 运行中
=== 2026-08-01 22:57:55 ===
字体: 683 / 18213 (3.8%)
PSD模板: 445 / 445 (100.0%)
状态: ✅ 运行中
=== 2026-08-01 22:58:55 ===
字体: 693 / 18213 (3.8%)
PSD模板: 445 / 445 (100.0%)
状态: ✅ 运行中
=== 2026-08-01 22:59:56 ===
字体: 698 / 18213 (3.8%)
PSD模板: 445 / 445 (100.0%)
状态: ✅ 运行中
=== 2026-08-01 23:00:56 ===
字体: 709 / 18213 (3.9%)
PSD模板: 445 / 445 (100.0%)
状态: ✅ 运行中
=== 2026-08-01 23:01:57 ===
字体: 715 / 18213 (3.9%)
PSD模板: 445 / 445 (100.0%)
状态: ✅ 运行中
=== 2026-08-01 23:02:57 ===
字体: 724 / 18213 (4.0%)
PSD模板: 445 / 445 (100.0%)
状态: ✅ 运行中
=== 2026-08-01 23:03:57 ===
字体: 731 / 18213 (4.0%)
PSD模板: 445 / 445 (100.0%)
状态: ✅ 运行中
=== 2026-08-01 23:04:58 ===
字体: 738 / 18213 (4.1%)
PSD模板: 445 / 445 (100.0%)
状态: ✅ 运行中
=== 2026-08-01 23:05:58 ===
字体: 745 / 18213 (4.1%)
PSD模板: 445 / 445 (100.0%)
状态: ✅ 运行中
=== 2026-08-01 23:06:59 ===
字体: 752 / 18213 (4.1%)
PSD模板: 445 / 445 (100.0%)
状态: ✅ 运行中
=== 2026-08-01 23:07:59 ===
字体: 752 / 18213 (4.1%)
PSD模板: 445 / 445 (100.0%)
状态: ✅ 运行中
=== 2026-08-01 23:08:59 ===
字体: 752 / 18213 (4.1%)
PSD模板: 445 / 445 (100.0%)
状态: ✅ 运行中
=== 2026-08-01 23:10:00 ===
字体: 752 / 18213 (4.1%)
PSD模板: 445 / 445 (100.0%)
状态: ✅ 运行中
=== 2026-08-01 23:11:00 ===
字体: 752 / 18213 (4.1%)
PSD模板: 445 / 445 (100.0%)
状态: ✅ 运行中
=== 2026-08-01 23:12:00 ===
字体: 752 / 18213 (4.1%)
PSD模板: 445 / 445 (100.0%)
状态: ✅ 运行中
=== 2026-08-01 23:13:01 ===
字体: 752 / 18213 (4.1%)
PSD模板: 445 / 445 (100.0%)
状态: ✅ 运行中
=== 2026-08-01 23:14:01 ===
字体: 752 / 18213 (4.1%)
PSD模板: 445 / 445 (100.0%)
状态: ✅ 运行中
=== 2026-08-01 23:15:02 ===
字体: 752 / 18213 (4.1%)
PSD模板: 445 / 445 (100.0%)
状态: ✅ 运行中
=== 2026-08-01 23:16:02 ===
字体: 752 / 18213 (4.1%)
PSD模板: 445 / 445 (100.0%)
状态: ✅ 运行中
=== 2026-08-01 23:17:02 ===
字体: 752 / 18213 (4.1%)
PSD模板: 445 / 445 (100.0%)
状态: ✅ 运行中
=== 2026-08-01 23:18:03 ===
字体: 752 / 18213 (4.1%)
PSD模板: 445 / 445 (100.0%)
状态: ✅ 运行中
=== 2026-08-01 23:19:03 ===
字体: 752 / 18213 (4.1%)
PSD模板: 445 / 445 (100.0%)
状态: ✅ 运行中
=== 2026-08-01 23:20:04 ===
字体: 752 / 18213 (4.1%)
PSD模板: 445 / 445 (100.0%)
状态: ✅ 运行中
=== 2026-08-01 23:21:04 ===
字体: 752 / 18213 (4.1%)
PSD模板: 445 / 445 (100.0%)
状态: ✅ 运行中
=== 2026-08-01 23:22:05 ===
字体: 752 / 18213 (4.1%)
PSD模板: 445 / 445 (100.0%)
状态: ✅ 运行中
=== 2026-08-01 23:23:05 ===
字体: 752 / 18213 (4.1%)
PSD模板: 445 / 445 (100.0%)
状态: ✅ 运行中
=== 2026-08-01 23:24:06 ===
字体: 752 / 18213 (4.1%)
PSD模板: 445 / 445 (100.0%)
状态: ✅ 运行中
=== 2026-08-01 23:25:06 ===
字体: 752 / 18213 (4.1%)
PSD模板: 445 / 445 (100.0%)
状态: ✅ 运行中
=== 2026-08-01 23:26:06 ===
字体: 752 / 18213 (4.1%)
PSD模板: 445 / 445 (100.0%)
状态: ✅ 运行中
=== 2026-08-01 23:27:07 ===
字体: 752 / 18213 (4.1%)
PSD模板: 445 / 445 (100.0%)
状态: ✅ 运行中
=== 2026-08-01 23:28:07 ===
字体: 752 / 18213 (4.1%)
PSD模板: 445 / 445 (100.0%)
状态: ✅ 运行中
=== 2026-08-01 23:29:08 ===
字体: 752 / 18213 (4.1%)
PSD模板: 445 / 445 (100.0%)
状态: ✅ 运行中
=== 2026-08-01 23:30:08 ===
字体: 752 / 18213 (4.1%)
PSD模板: 445 / 445 (100.0%)
状态: ✅ 运行中
=== 2026-08-01 23:31:08 ===
字体: 752 / 18213 (4.1%)
PSD模板: 445 / 445 (100.0%)
状态: ✅ 运行中
=== 2026-08-01 23:32:09 ===
字体: 752 / 18213 (4.1%)
PSD模板: 445 / 445 (100.0%)
状态: ✅ 运行中
=== 2026-08-01 23:33:09 ===
字体: 752 / 18213 (4.1%)
PSD模板: 445 / 445 (100.0%)
状态: ✅ 运行中
=== 2026-08-01 23:34:10 ===
字体: 752 / 18213 (4.1%)
PSD模板: 445 / 445 (100.0%)
状态: ✅ 运行中
=== 2026-08-01 23:35:10 ===
字体: 752 / 18213 (4.1%)
PSD模板: 445 / 445 (100.0%)
状态: ✅ 运行中
=== 2026-08-01 23:36:10 ===
字体: 752 / 18213 (4.1%)
PSD模板: 445 / 445 (100.0%)
状态: ✅ 运行中
=== 2026-08-01 23:37:11 ===
字体: 752 / 18213 (4.1%)
PSD模板: 445 / 445 (100.0%)
状态: ✅ 运行中
=== 2026-08-01 23:38:12 ===
字体: 762 / 18213 (4.2%)
PSD模板: 445 / 445 (100.0%)
状态: ✅ 运行中
=== 2026-08-01 23:39:12 ===
字体: 770 / 18213 (4.2%)
PSD模板: 445 / 445 (100.0%)
状态: ✅ 运行中
=== 2026-08-01 23:40:13 ===
字体: 782 / 18213 (4.3%)
PSD模板: 445 / 445 (100.0%)
状态: ✅ 运行中
=== 2026-08-01 23:41:14 ===
字体: 797 / 18213 (4.4%)
PSD模板: 445 / 445 (100.0%)
状态: ✅ 运行中
=== 2026-08-01 23:42:14 ===
字体: 810 / 18213 (4.4%)
PSD模板: 445 / 445 (100.0%)
状态: ✅ 运行中
=== 2026-08-01 23:43:15 ===
字体: 825 / 18213 (4.5%)
PSD模板: 445 / 445 (100.0%)
状态: ✅ 运行中
=== 2026-08-01 23:44:15 ===
字体: 833 / 18213 (4.6%)
PSD模板: 445 / 445 (100.0%)
状态: ✅ 运行中
=== 2026-08-01 23:45:15 ===
字体: 833 / 18213 (4.6%)
PSD模板: 445 / 445 (100.0%)
状态: ✅ 运行中
=== 2026-08-01 23:46:16 ===
字体: 833 / 18213 (4.6%)
PSD模板: 445 / 445 (100.0%)
状态: ✅ 运行中
=== 2026-08-01 23:47:16 ===
字体: 833 / 18213 (4.6%)
PSD模板: 445 / 445 (100.0%)
状态: ✅ 运行中
=== 2026-08-01 23:48:16 ===
字体: 833 / 18213 (4.6%)
PSD模板: 445 / 445 (100.0%)
状态: ✅ 运行中
=== 2026-08-01 23:49:17 ===
字体: 833 / 18213 (4.6%)
PSD模板: 445 / 445 (100.0%)
状态: ✅ 运行中
=== 2026-08-01 23:50:18 ===
字体: 833 / 18213 (4.6%)
PSD模板: 445 / 445 (100.0%)
状态: ✅ 运行中
=== 2026-08-01 23:51:18 ===
字体: 833 / 18213 (4.6%)
PSD模板: 445 / 445 (100.0%)
状态: ✅ 运行中
=== 2026-08-01 23:52:19 ===
字体: 833 / 18213 (4.6%)
PSD模板: 445 / 445 (100.0%)
状态: ✅ 运行中
=== 2026-08-01 23:53:19 ===
字体: 847 / 18213 (4.7%)
PSD模板: 445 / 445 (100.0%)
状态: ✅ 运行中
=== 2026-08-01 23:54:20 ===
字体: 849 / 18213 (4.7%)
PSD模板: 445 / 445 (100.0%)
状态: ✅ 运行中
=== 2026-08-01 23:55:20 ===
字体: 849 / 18213 (4.7%)
PSD模板: 445 / 445 (100.0%)
状态: ✅ 运行中
=== 2026-08-01 23:56:21 ===
字体: 849 / 18213 (4.7%)
PSD模板: 445 / 445 (100.0%)
状态: ✅ 运行中
=== 2026-08-01 23:57:21 ===
字体: 849 / 18213 (4.7%)
PSD模板: 445 / 445 (100.0%)
状态: ✅ 运行中
=== 2026-08-01 23:58:21 ===
字体: 849 / 18213 (4.7%)
PSD模板: 445 / 445 (100.0%)
状态: ✅ 运行中
=== 2026-08-01 23:59:22 ===
字体: 849 / 18213 (4.7%)
PSD模板: 445 / 445 (100.0%)
状态: ✅ 运行中
=== 2026-08-02 00:00:22 ===
字体: 870 / 18213 (4.8%)
PSD模板: 445 / 445 (100.0%)
状态: ✅ 运行中
=== 2026-08-02 00:01:22 ===
字体: 878 / 18213 (4.8%)
PSD模板: 445 / 445 (100.0%)
状态: ✅ 运行中
=== 2026-08-02 00:02:23 ===
字体: 892 / 18213 (4.9%)
PSD模板: 445 / 445 (100.0%)
状态: ✅ 运行中
[Sun Aug  2 00:03:28 CST 2026] ⚠️ 服务异常，等待恢复...
=== 2026-08-02 00:03:28 ===
字体: 904 / 18213 (5.0%)
PSD模板: 445 / 445 (100.0%)
状态: ✅ 运行中
[Sun Aug  2 00:04:33 CST 2026] ⚠️ 服务异常，等待恢复...
=== 2026-08-02 00:04:33 ===
字体: 904 / 18213 (5.0%)
PSD模板: 445 / 445 (100.0%)
状态: ✅ 运行中
[Sun Aug  2 00:05:38 CST 2026] ⚠️ 服务异常，等待恢复...
=== 2026-08-02 00:05:38 ===
字体: 904 / 18213 (5.0%)
PSD模板: 445 / 445 (100.0%)
状态: ✅ 运行中
[Sun Aug  2 00:06:43 CST 2026] ⚠️ 服务异常，等待恢复...
=== 2026-08-02 00:06:43 ===
字体: 904 / 18213 (5.0%)
PSD模板: 445 / 445 (100.0%)
状态: ✅ 运行中
[Sun Aug  2 00:07:49 CST 2026] ⚠️ 服务异常，等待恢复...
=== 2026-08-02 00:07:49 ===
字体: 904 / 18213 (5.0%)
PSD模板: 445 / 445 (100.0%)
状态: ✅ 运行中
[Sun Aug  2 00:08:54 CST 2026] ⚠️ 服务异常，等待恢复...
=== 2026-08-02 00:08:54 ===
字体: 904 / 18213 (5.0%)
PSD模板: 445 / 445 (100.0%)
状态: ✅ 运行中
[Sun Aug  2 00:09:59 CST 2026] ⚠️ 服务异常，等待恢复...
=== 2026-08-02 00:09:59 ===
字体: 904 / 18213 (5.0%)
PSD模板: 445 / 445 (100.0%)
状态: ✅ 运行中
[Sun Aug  2 00:11:04 CST 2026] ⚠️ 服务异常，等待恢复...
=== 2026-08-02 00:11:04 ===
字体: 904 / 18213 (5.0%)
PSD模板: 445 / 445 (100.0%)
状态: ✅ 运行中
[Sun Aug  2 00:12:09 CST 2026] ⚠️ 服务异常，等待恢复...
=== 2026-08-02 00:12:09 ===
字体: 904 / 18213 (5.0%)
PSD模板: 445 / 445 (100.0%)
状态: ✅ 运行中
[Sun Aug  2 00:13:14 CST 2026] ⚠️ 服务异常，等待恢复...
=== 2026-08-02 00:13:14 ===
字体: 904 / 18213 (5.0%)
PSD模板: 445 / 445 (100.0%)
状态: ✅ 运行中
[Sun Aug  2 00:14:19 CST 2026] ⚠️ 服务异常，等待恢复...
=== 2026-08-02 00:14:19 ===
字体: 904 / 18213 (5.0%)
PSD模板: 445 / 445 (100.0%)
状态: ✅ 运行中
[Sun Aug  2 00:15:25 CST 2026] ⚠️ 服务异常，等待恢复...
=== 2026-08-02 00:15:25 ===
字体: 904 / 18213 (5.0%)
PSD模板: 445 / 445 (100.0%)
状态: ✅ 运行中
[Sun Aug  2 00:16:30 CST 2026] ⚠️ 服务异常，等待恢复...
=== 2026-08-02 00:16:30 ===
字体: 904 / 18213 (5.0%)
PSD模板: 445 / 445 (100.0%)
状态: ✅ 运行中
[Sun Aug  2 00:17:35 CST 2026] ⚠️ 服务异常，等待恢复...
=== 2026-08-02 00:17:35 ===
字体: 904 / 18213 (5.0%)
PSD模板: 445 / 445 (100.0%)
状态: ✅ 运行中
[Sun Aug  2 00:18:40 CST 2026] ⚠️ 服务异常，等待恢复...
=== 2026-08-02 00:18:40 ===
字体: 904 / 18213 (5.0%)
PSD模板: 445 / 445 (100.0%)
状态: ✅ 运行中
[Sun Aug  2 00:19:45 CST 2026] ⚠️ 服务异常，等待恢复...
=== 2026-08-02 00:19:45 ===
字体: 904 / 18213 (5.0%)
PSD模板: 445 / 445 (100.0%)
状态: ✅ 运行中
[Sun Aug  2 00:20:50 CST 2026] ⚠️ 服务异常，等待恢复...
=== 2026-08-02 00:20:50 ===
字体: 904 / 18213 (5.0%)
PSD模板: 445 / 445 (100.0%)
状态: ✅ 运行中
[Sun Aug  2 00:21:55 CST 2026] ⚠️ 服务异常，等待恢复...
=== 2026-08-02 00:21:55 ===
字体: 904 / 18213 (5.0%)
PSD模板: 445 / 445 (100.0%)
状态: ✅ 运行中
[Sun Aug  2 00:23:00 CST 2026] ⚠️ 服务异常，等待恢复...
=== 2026-08-02 00:23:00 ===
字体: 904 / 18213 (5.0%)
PSD模板: 445 / 445 (100.0%)
状态: ✅ 运行中
[Sun Aug  2 00:24:06 CST 2026] ⚠️ 服务异常，等待恢复...
=== 2026-08-02 00:24:06 ===
字体: 904 / 18213 (5.0%)
PSD模板: 445 / 445 (100.0%)
状态: ✅ 运行中
[Sun Aug  2 00:25:11 CST 2026] ⚠️ 服务异常，等待恢复...
=== 2026-08-02 00:25:11 ===
字体: 904 / 18213 (5.0%)
PSD模板: 445 / 445 (100.0%)
状态: ✅ 运行中
[Sun Aug  2 00:26:16 CST 2026] ⚠️ 服务异常，等待恢复...
=== 2026-08-02 00:26:16 ===
字体: 904 / 18213 (5.0%)
PSD模板: 445 / 445 (100.0%)
状态: ✅ 运行中
[Sun Aug  2 00:27:21 CST 2026] ⚠️ 服务异常，等待恢复...
=== 2026-08-02 00:27:21 ===
字体: 904 / 18213 (5.0%)
PSD模板: 445 / 445 (100.0%)
状态: ✅ 运行中
[Sun Aug  2 00:28:26 CST 2026] ⚠️ 服务异常，等待恢复...
=== 2026-08-02 00:28:26 ===
字体: 904 / 18213 (5.0%)
PSD模板: 445 / 445 (100.0%)
状态: ✅ 运行中
[Sun Aug  2 00:29:31 CST 2026] ⚠️ 服务异常，等待恢复...
=== 2026-08-02 00:29:31 ===
字体: 904 / 18213 (5.0%)
PSD模板: 445 / 445 (100.0%)
状态: ✅ 运行中
[Sun Aug  2 00:30:36 CST 2026] ⚠️ 服务异常，等待恢复...
=== 2026-08-02 00:30:36 ===
字体: 904 / 18213 (5.0%)
PSD模板: 445 / 445 (100.0%)
状态: ✅ 运行中
[Sun Aug  2 00:31:42 CST 2026] ⚠️ 服务异常，等待恢复...
=== 2026-08-02 00:31:42 ===
字体: 904 / 18213 (5.0%)
PSD模板: 445 / 445 (100.0%)
状态: ✅ 运行中
[Sun Aug  2 00:32:47 CST 2026] ⚠️ 服务异常，等待恢复...
=== 2026-08-02 00:32:47 ===
字体: 904 / 18213 (5.0%)
PSD模板: 445 / 445 (100.0%)
状态: ✅ 运行中
[Sun Aug  2 00:33:52 CST 2026] ⚠️ 服务异常，等待恢复...
=== 2026-08-02 00:33:52 ===
字体: 904 / 18213 (5.0%)
PSD模板: 445 / 445 (100.0%)
状态: ✅ 运行中
[Sun Aug  2 00:34:57 CST 2026] ⚠️ 服务异常，等待恢复...
=== 2026-08-02 00:34:57 ===
字体: 904 / 18213 (5.0%)
PSD模板: 445 / 445 (100.0%)
状态: ✅ 运行中
[Sun Aug  2 00:36:02 CST 2026] ⚠️ 服务异常，等待恢复...
=== 2026-08-02 00:36:02 ===
字体: 904 / 18213 (5.0%)
PSD模板: 445 / 445 (100.0%)
状态: ✅ 运行中
[Sun Aug  2 00:37:07 CST 2026] ⚠️ 服务异常，等待恢复...
=== 2026-08-02 00:37:07 ===
字体: 904 / 18213 (5.0%)
PSD模板: 445 / 445 (100.0%)
状态: ✅ 运行中
[Sun Aug  2 00:38:12 CST 2026] ⚠️ 服务异常，等待恢复...
=== 2026-08-02 00:38:12 ===
字体: 904 / 18213 (5.0%)
PSD模板: 445 / 445 (100.0%)
状态: ✅ 运行中
[Sun Aug  2 00:39:17 CST 2026] ⚠️ 服务异常，等待恢复...
=== 2026-08-02 00:39:17 ===
字体: 904 / 18213 (5.0%)
PSD模板: 445 / 445 (100.0%)
状态: ✅ 运行中
[Sun Aug  2 00:40:23 CST 2026] ⚠️ 服务异常，等待恢复...
=== 2026-08-02 00:40:23 ===
字体: 904 / 18213 (5.0%)
PSD模板: 445 / 445 (100.0%)
状态: ✅ 运行中
[Sun Aug  2 00:41:28 CST 2026] ⚠️ 服务异常，等待恢复...
=== 2026-08-02 00:41:28 ===
字体: 904 / 18213 (5.0%)
PSD模板: 445 / 445 (100.0%)
状态: ✅ 运行中
[Sun Aug  2 00:42:33 CST 2026] ⚠️ 服务异常，等待恢复...
=== 2026-08-02 00:42:33 ===
字体: 904 / 18213 (5.0%)
PSD模板: 445 / 445 (100.0%)
状态: ✅ 运行中
[Sun Aug  2 00:43:38 CST 2026] ⚠️ 服务异常，等待恢复...
=== 2026-08-02 00:43:38 ===
字体: 904 / 18213 (5.0%)
PSD模板: 445 / 445 (100.0%)
状态: ✅ 运行中
[Sun Aug  2 00:44:43 CST 2026] ⚠️ 服务异常，等待恢复...
=== 2026-08-02 00:44:43 ===
字体: 904 / 18213 (5.0%)
PSD模板: 445 / 445 (100.0%)
状态: ✅ 运行中
[Sun Aug  2 00:45:48 CST 2026] ⚠️ 服务异常，等待恢复...
=== 2026-08-02 00:45:48 ===
字体: 904 / 18213 (5.0%)
PSD模板: 445 / 445 (100.0%)
状态: ✅ 运行中
[Sun Aug  2 00:46:53 CST 2026] ⚠️ 服务异常，等待恢复...
=== 2026-08-02 00:46:53 ===
字体: 904 / 18213 (5.0%)
PSD模板: 445 / 445 (100.0%)
状态: ✅ 运行中
[Sun Aug  2 00:47:59 CST 2026] ⚠️ 服务异常，等待恢复...
=== 2026-08-02 00:47:59 ===
字体: 904 / 18213 (5.0%)
PSD模板: 445 / 445 (100.0%)
状态: ✅ 运行中
[Sun Aug  2 00:49:04 CST 2026] ⚠️ 服务异常，等待恢复...
=== 2026-08-02 00:49:04 ===
字体: 904 / 18213 (5.0%)
PSD模板: 445 / 445 (100.0%)
状态: ✅ 运行中
[Sun Aug  2 00:50:04 CST 2026] ⚠️ 服务异常，等待恢复...
=== 2026-08-02 00:50:04 ===
字体: 904 / 18213 (5.0%)
PSD模板: 445 / 445 (100.0%)
状态: ✅ 运行中
[Sun Aug  2 00:51:04 CST 2026] ⚠️ 服务异常，等待恢复...
=== 2026-08-02 00:51:04 ===
字体: 904 / 18213 (5.0%)
PSD模板: 445 / 445 (100.0%)
状态: ✅ 运行中
[Sun Aug  2 00:52:05 CST 2026] ⚠️ 服务异常，等待恢复...
=== 2026-08-02 00:52:05 ===
字体: 904 / 18213 (5.0%)
PSD模板: 445 / 445 (100.0%)
状态: ✅ 运行中
[Sun Aug  2 00:53:05 CST 2026] ⚠️ 服务异常，等待恢复...
=== 2026-08-02 00:53:05 ===
字体: 904 / 18213 (5.0%)
PSD模板: 445 / 445 (100.0%)
状态: ✅ 运行中
[Sun Aug  2 00:54:05 CST 2026] ⚠️ 服务异常，等待恢复...
=== 2026-08-02 00:54:05 ===
字体: 904 / 18213 (5.0%)
PSD模板: 445 / 445 (100.0%)
状态: ✅ 运行中
[Sun Aug  2 00:55:05 CST 2026] ⚠️ 服务异常，等待恢复...
=== 2026-08-02 00:55:05 ===
字体: 904 / 18213 (5.0%)
PSD模板: 445 / 445 (100.0%)
状态: ✅ 运行中
[Sun Aug  2 00:56:05 CST 2026] ⚠️ 服务异常，等待恢复...
=== 2026-08-02 00:56:05 ===
字体: 904 / 18213 (5.0%)
PSD模板: 445 / 445 (100.0%)
状态: ✅ 运行中
[Sun Aug  2 00:57:05 CST 2026] ⚠️ 服务异常，等待恢复...
=== 2026-08-02 00:57:05 ===
字体: 904 / 18213 (5.0%)
PSD模板: 445 / 445 (100.0%)
状态: ✅ 运行中
[Sun Aug  2 00:58:05 CST 2026] ⚠️ 服务异常，等待恢复...
=== 2026-08-02 00:58:05 ===
字体: 904 / 18213 (5.0%)
PSD模板: 445 / 445 (100.0%)
状态: ✅ 运行中
[Sun Aug  2 00:59:05 CST 2026] ⚠️ 服务异常，等待恢复...
=== 2026-08-02 00:59:05 ===
字体: 904 / 18213 (5.0%)
PSD模板: 445 / 445 (100.0%)
状态: ✅ 运行中
[Sun Aug  2 01:00:05 CST 2026] ⚠️ 服务异常，等待恢复...
=== 2026-08-02 01:00:05 ===
字体: 904 / 18213 (5.0%)
PSD模板: 445 / 445 (100.0%)
状态: ✅ 运行中
[Sun Aug  2 01:01:05 CST 2026] ⚠️ 服务异常，等待恢复...
=== 2026-08-02 01:01:05 ===
字体: 904 / 18213 (5.0%)
PSD模板: 445 / 445 (100.0%)
状态: ✅ 运行中
[Sun Aug  2 01:02:05 CST 2026] ⚠️ 服务异常，等待恢复...
=== 2026-08-02 01:02:05 ===
字体: 904 / 18213 (5.0%)
PSD模板: 445 / 445 (100.0%)
状态: ✅ 运行中
[Sun Aug  2 01:03:05 CST 2026] ⚠️ 服务异常，等待恢复...
=== 2026-08-02 01:03:05 ===
字体: 904 / 18213 (5.0%)
PSD模板: 445 / 445 (100.0%)
状态: ✅ 运行中
[Sun Aug  2 01:04:05 CST 2026] ⚠️ 服务异常，等待恢复...
=== 2026-08-02 01:04:05 ===
字体: 904 / 18213 (5.0%)
PSD模板: 445 / 445 (100.0%)
状态: ✅ 运行中
[Sun Aug  2 01:05:06 CST 2026] ⚠️ 服务异常，等待恢复...
=== 2026-08-02 01:05:06 ===
字体: 904 / 18213 (5.0%)
PSD模板: 445 / 445 (100.0%)
状态: ✅ 运行中
[Sun Aug  2 01:06:06 CST 2026] ⚠️ 服务异常，等待恢复...
=== 2026-08-02 01:06:06 ===
字体: 904 / 18213 (5.0%)
PSD模板: 445 / 445 (100.0%)
状态: ✅ 运行中
[Sun Aug  2 01:07:06 CST 2026] ⚠️ 服务异常，等待恢复...
=== 2026-08-02 01:07:06 ===
字体: 904 / 18213 (5.0%)
PSD模板: 445 / 445 (100.0%)
状态: ❌ 需要重启
[Sun Aug  2 01:08:06 CST 2026] ⚠️ 服务异常，等待恢复...
=== 2026-08-02 01:08:06 ===
字体: 904 / 18213 (5.0%)
PSD模板: 445 / 445 (100.0%)
状态: ❌ 需要重启
[Sun Aug  2 01:09:06 CST 2026] ⚠️ 服务异常，等待恢复...
=== 2026-08-02 01:09:06 ===
字体: 904 / 18213 (5.0%)
PSD模板: 445 / 445 (100.0%)
状态: ❌ 需要重启
[Sun Aug  2 01:10:06 CST 2026] ⚠️ 服务异常，等待恢复...
=== 2026-08-02 01:10:06 ===
字体: 904 / 18213 (5.0%)
PSD模板: 445 / 445 (100.0%)
状态: ❌ 需要重启
[Sun Aug  2 01:11:06 CST 2026] ⚠️ 服务异常，等待恢复...
=== 2026-08-02 01:11:06 ===
字体: 904 / 18213 (5.0%)
PSD模板: 445 / 445 (100.0%)
状态: ❌ 需要重启
[Sun Aug  2 01:12:06 CST 2026] ⚠️ 服务异常，等待恢复...
=== 2026-08-02 01:12:06 ===
字体: 904 / 18213 (5.0%)
PSD模板: 445 / 445 (100.0%)
状态: ❌ 需要重启
[Sun Aug  2 01:13:06 CST 2026] ⚠️ 服务异常，等待恢复...
=== 2026-08-02 01:13:06 ===
字体: 904 / 18213 (5.0%)
PSD模板: 445 / 445 (100.0%)
状态: ❌ 需要重启
[Sun Aug  2 01:14:06 CST 2026] ⚠️ 服务异常，等待恢复...
=== 2026-08-02 01:14:06 ===
字体: 904 / 18213 (5.0%)
PSD模板: 445 / 445 (100.0%)
状态: ❌ 需要重启
[Sun Aug  2 01:15:07 CST 2026] ⚠️ 服务异常，等待恢复...
=== 2026-08-02 01:15:07 ===
字体: 904 / 18213 (5.0%)
PSD模板: 445 / 445 (100.0%)
状态: ❌ 需要重启
[Sun Aug  2 01:16:07 CST 2026] ⚠️ 服务异常，等待恢复...
=== 2026-08-02 01:16:07 ===
字体: 904 / 18213 (5.0%)
PSD模板: 445 / 445 (100.0%)
状态: ❌ 需要重启
[Sun Aug  2 01:17:07 CST 2026] ⚠️ 服务异常，等待恢复...
=== 2026-08-02 01:17:07 ===
字体: 904 / 18213 (5.0%)
PSD模板: 445 / 445 (100.0%)
状态: ❌ 需要重启
[Sun Aug  2 01:18:07 CST 2026] ⚠️ 服务异常，等待恢复...
=== 2026-08-02 01:18:07 ===
字体: 904 / 18213 (5.0%)
PSD模板: 445 / 445 (100.0%)
状态: ❌ 需要重启
[Sun Aug  2 01:19:07 CST 2026] ⚠️ 服务异常，等待恢复...
=== 2026-08-02 01:19:07 ===
字体: 904 / 18213 (5.0%)
PSD模板: 445 / 445 (100.0%)
状态: ❌ 需要重启
[Sun Aug  2 01:20:07 CST 2026] ⚠️ 服务异常，等待恢复...
=== 2026-08-02 01:20:07 ===
字体: 904 / 18213 (5.0%)
PSD模板: 445 / 445 (100.0%)
状态: ❌ 需要重启
[Sun Aug  2 01:21:07 CST 2026] ⚠️ 服务异常，等待恢复...
=== 2026-08-02 01:21:07 ===
字体: 904 / 18213 (5.0%)
PSD模板: 445 / 445 (100.0%)
状态: ❌ 需要重启
[Sun Aug  2 01:22:07 CST 2026] ⚠️ 服务异常，等待恢复...
=== 2026-08-02 01:22:07 ===
字体: 904 / 18213 (5.0%)
PSD模板: 445 / 445 (100.0%)
状态: ❌ 需要重启
[Sun Aug  2 01:23:07 CST 2026] ⚠️ 服务异常，等待恢复...
=== 2026-08-02 01:23:07 ===
字体: 904 / 18213 (5.0%)
PSD模板: 445 / 445 (100.0%)
状态: ❌ 需要重启
[Sun Aug  2 01:24:07 CST 2026] ⚠️ 服务异常，等待恢复...
=== 2026-08-02 01:24:07 ===
字体: 904 / 18213 (5.0%)
PSD模板: 445 / 445 (100.0%)
状态: ❌ 需要重启
[Sun Aug  2 01:25:08 CST 2026] ⚠️ 服务异常，等待恢复...
=== 2026-08-02 01:25:08 ===
字体: 904 / 18213 (5.0%)
PSD模板: 445 / 445 (100.0%)
状态: ❌ 需要重启
[Sun Aug  2 01:26:08 CST 2026] ⚠️ 服务异常，等待恢复...
=== 2026-08-02 01:26:08 ===
字体: 904 / 18213 (5.0%)
PSD模板: 445 / 445 (100.0%)
状态: ❌ 需要重启
[Sun Aug  2 01:27:08 CST 2026] ⚠️ 服务异常，等待恢复...
=== 2026-08-02 01:27:08 ===
字体: 904 / 18213 (5.0%)
PSD模板: 445 / 445 (100.0%)
状态: ❌ 需要重启
[Sun Aug  2 01:28:08 CST 2026] ⚠️ 服务异常，等待恢复...
=== 2026-08-02 01:28:08 ===
字体: 904 / 18213 (5.0%)
PSD模板: 445 / 445 (100.0%)
状态: ❌ 需要重启
[Sun Aug  2 01:29:08 CST 2026] ⚠️ 服务异常，等待恢复...
=== 2026-08-02 01:29:08 ===
字体: 904 / 18213 (5.0%)
PSD模板: 445 / 445 (100.0%)
状态: ❌ 需要重启
[Sun Aug  2 01:30:08 CST 2026] ⚠️ 服务异常，等待恢复...
=== 2026-08-02 01:30:08 ===
字体: 904 / 18213 (5.0%)
PSD模板: 445 / 445 (100.0%)
状态: ❌ 需要重启
[Sun Aug  2 01:31:08 CST 2026] ⚠️ 服务异常，等待恢复...
=== 2026-08-02 01:31:08 ===
字体: 904 / 18213 (5.0%)
PSD模板: 445 / 445 (100.0%)
状态: ❌ 需要重启
[Sun Aug  2 01:32:08 CST 2026] ⚠️ 服务异常，等待恢复...
=== 2026-08-02 01:32:08 ===
字体: 904 / 18213 (5.0%)
PSD模板: 445 / 445 (100.0%)
状态: ❌ 需要重启
[Sun Aug  2 01:33:08 CST 2026] ⚠️ 服务异常，等待恢复...
=== 2026-08-02 01:33:08 ===
字体: 904 / 18213 (5.0%)
PSD模板: 445 / 445 (100.0%)
状态: ❌ 需要重启
[Sun Aug  2 01:34:08 CST 2026] ⚠️ 服务异常，等待恢复...
=== 2026-08-02 01:34:08 ===
字体: 904 / 18213 (5.0%)
PSD模板: 445 / 445 (100.0%)
状态: ❌ 需要重启
[Sun Aug  2 01:35:08 CST 2026] ⚠️ 服务异常，等待恢复...
=== 2026-08-02 01:35:08 ===
字体: 904 / 18213 (5.0%)
PSD模板: 445 / 445 (100.0%)
状态: ❌ 需要重启
[Sun Aug  2 01:36:08 CST 2026] ⚠️ 服务异常，等待恢复...
=== 2026-08-02 01:36:08 ===
字体: 904 / 18213 (5.0%)
PSD模板: 445 / 445 (100.0%)
状态: ❌ 需要重启
[Sun Aug  2 01:37:09 CST 2026] ⚠️ 服务异常，等待恢复...
=== 2026-08-02 01:37:09 ===
字体: 904 / 18213 (5.0%)
PSD模板: 445 / 445 (100.0%)
状态: ❌ 需要重启
[Sun Aug  2 01:38:09 CST 2026] ⚠️ 服务异常，等待恢复...
=== 2026-08-02 01:38:09 ===
字体: 904 / 18213 (5.0%)
PSD模板: 445 / 445 (100.0%)
状态: ❌ 需要重启
[Sun Aug  2 01:39:09 CST 2026] ⚠️ 服务异常，等待恢复...
=== 2026-08-02 01:39:09 ===
字体: 904 / 18213 (5.0%)
PSD模板: 445 / 445 (100.0%)
状态: ❌ 需要重启
[Sun Aug  2 01:40:09 CST 2026] ⚠️ 服务异常，等待恢复...
=== 2026-08-02 01:40:09 ===
字体: 904 / 18213 (5.0%)
PSD模板: 445 / 445 (100.0%)
状态: ❌ 需要重启
[Sun Aug  2 01:41:09 CST 2026] ⚠️ 服务异常，等待恢复...
=== 2026-08-02 01:41:09 ===
字体: 904 / 18213 (5.0%)
PSD模板: 445 / 445 (100.0%)
状态: ❌ 需要重启
[Sun Aug  2 01:42:09 CST 2026] ⚠️ 服务异常，等待恢复...
=== 2026-08-02 01:42:09 ===
字体: 904 / 18213 (5.0%)
PSD模板: 445 / 445 (100.0%)
状态: ❌ 需要重启
[Sun Aug  2 01:43:09 CST 2026] ⚠️ 服务异常，等待恢复...
=== 2026-08-02 01:43:09 ===
字体: 904 / 18213 (5.0%)
PSD模板: 445 / 445 (100.0%)
状态: ❌ 需要重启
[Sun Aug  2 01:44:09 CST 2026] ⚠️ 服务异常，等待恢复...
=== 2026-08-02 01:44:09 ===
字体: 904 / 18213 (5.0%)
PSD模板: 445 / 445 (100.0%)
状态: ❌ 需要重启
[Sun Aug  2 01:45:09 CST 2026] ⚠️ 服务异常，等待恢复...
=== 2026-08-02 01:45:09 ===
字体: 904 / 18213 (5.0%)
PSD模板: 445 / 445 (100.0%)
状态: ❌ 需要重启
[Sun Aug  2 01:46:10 CST 2026] ⚠️ 服务异常，等待恢复...
=== 2026-08-02 01:46:10 ===
字体: 904 / 18213 (5.0%)
PSD模板: 445 / 445 (100.0%)
状态: ❌ 需要重启
[Sun Aug  2 01:47:10 CST 2026] ⚠️ 服务异常，等待恢复...
=== 2026-08-02 01:47:10 ===
字体: 904 / 18213 (5.0%)
PSD模板: 445 / 445 (100.0%)
状态: ❌ 需要重启
[Sun Aug  2 01:48:10 CST 2026] ⚠️ 服务异常，等待恢复...
=== 2026-08-02 01:48:10 ===
字体: 904 / 18213 (5.0%)
PSD模板: 445 / 445 (100.0%)
状态: ❌ 需要重启
[Sun Aug  2 01:49:10 CST 2026] ⚠️ 服务异常，等待恢复...
=== 2026-08-02 01:49:10 ===
字体: 904 / 18213 (5.0%)
PSD模板: 445 / 445 (100.0%)
状态: ❌ 需要重启
[Sun Aug  2 01:50:10 CST 2026] ⚠️ 服务异常，等待恢复...
=== 2026-08-02 01:50:10 ===
字体: 904 / 18213 (5.0%)
PSD模板: 445 / 445 (100.0%)
状态: ❌ 需要重启
[Sun Aug  2 01:51:10 CST 2026] ⚠️ 服务异常，等待恢复...
=== 2026-08-02 01:51:10 ===
字体: 904 / 18213 (5.0%)
PSD模板: 445 / 445 (100.0%)
状态: ❌ 需要重启
[Sun Aug  2 01:52:10 CST 2026] ⚠️ 服务异常，等待恢复...
=== 2026-08-02 01:52:10 ===
字体: 904 / 18213 (5.0%)
PSD模板: 445 / 445 (100.0%)
状态: ❌ 需要重启
[Sun Aug  2 01:53:10 CST 2026] ⚠️ 服务异常，等待恢复...
=== 2026-08-02 01:53:10 ===
字体: 904 / 18213 (5.0%)
PSD模板: 445 / 445 (100.0%)
状态: ❌ 需要重启
[Sun Aug  2 01:54:10 CST 2026] ⚠️ 服务异常，等待恢复...
=== 2026-08-02 01:54:10 ===
字体: 904 / 18213 (5.0%)
PSD模板: 445 / 445 (100.0%)
状态: ❌ 需要重启
[Sun Aug  2 01:55:10 CST 2026] ⚠️ 服务异常，等待恢复...
=== 2026-08-02 01:55:10 ===
字体: 904 / 18213 (5.0%)
PSD模板: 445 / 445 (100.0%)
状态: ❌ 需要重启
[Sun Aug  2 01:56:11 CST 2026] ⚠️ 服务异常，等待恢复...
=== 2026-08-02 01:56:11 ===
字体: 904 / 18213 (5.0%)
PSD模板: 445 / 445 (100.0%)
状态: ❌ 需要重启
[Sun Aug  2 01:57:11 CST 2026] ⚠️ 服务异常，等待恢复...
=== 2026-08-02 01:57:11 ===
字体: 904 / 18213 (5.0%)
PSD模板: 445 / 445 (100.0%)
状态: ❌ 需要重启
[Sun Aug  2 01:58:11 CST 2026] ⚠️ 服务异常，等待恢复...
=== 2026-08-02 01:58:11 ===
字体: 904 / 18213 (5.0%)
PSD模板: 445 / 445 (100.0%)
状态: ❌ 需要重启
[Sun Aug  2 01:59:11 CST 2026] ⚠️ 服务异常，等待恢复...
=== 2026-08-02 01:59:11 ===
字体: 904 / 18213 (5.0%)
PSD模板: 445 / 445 (100.0%)
状态: ❌ 需要重启
[Sun Aug  2 02:00:11 CST 2026] ⚠️ 服务异常，等待恢复...
=== 2026-08-02 02:00:11 ===
字体: 904 / 18213 (5.0%)
PSD模板: 445 / 445 (100.0%)
状态: ❌ 需要重启
[Sun Aug  2 02:01:11 CST 2026] ⚠️ 服务异常，等待恢复...
=== 2026-08-02 02:01:11 ===
字体: 904 / 18213 (5.0%)
PSD模板: 445 / 445 (100.0%)
状态: ❌ 需要重启
[Sun Aug  2 02:02:11 CST 2026] ⚠️ 服务异常，等待恢复...
=== 2026-08-02 02:02:11 ===
字体: 904 / 18213 (5.0%)
PSD模板: 445 / 445 (100.0%)
状态: ❌ 需要重启
[Sun Aug  2 02:03:11 CST 2026] ⚠️ 服务异常，等待恢复...
=== 2026-08-02 02:03:11 ===
字体: 904 / 18213 (5.0%)
PSD模板: 445 / 445 (100.0%)
状态: ❌ 需要重启
[Sun Aug  2 02:04:11 CST 2026] ⚠️ 服务异常，等待恢复...
=== 2026-08-02 02:04:11 ===
字体: 904 / 18213 (5.0%)
PSD模板: 445 / 445 (100.0%)
状态: ❌ 需要重启
[Sun Aug  2 02:05:11 CST 2026] ⚠️ 服务异常，等待恢复...
=== 2026-08-02 02:05:11 ===
字体: 904 / 18213 (5.0%)
PSD模板: 445 / 445 (100.0%)
状态: ❌ 需要重启
[Sun Aug  2 02:06:12 CST 2026] ⚠️ 服务异常，等待恢复...
=== 2026-08-02 02:06:12 ===
字体: 904 / 18213 (5.0%)
PSD模板: 445 / 445 (100.0%)
状态: ❌ 需要重启
[Sun Aug  2 02:07:12 CST 2026] ⚠️ 服务异常，等待恢复...
=== 2026-08-02 02:07:12 ===
字体: 904 / 18213 (5.0%)
PSD模板: 445 / 445 (100.0%)
状态: ❌ 需要重启
[Sun Aug  2 02:08:12 CST 2026] ⚠️ 服务异常，等待恢复...
=== 2026-08-02 02:08:12 ===
字体: 904 / 18213 (5.0%)
PSD模板: 445 / 445 (100.0%)
状态: ❌ 需要重启
[Sun Aug  2 02:09:12 CST 2026] ⚠️ 服务异常，等待恢复...
=== 2026-08-02 02:09:12 ===
字体: 904 / 18213 (5.0%)
PSD模板: 445 / 445 (100.0%)
状态: ❌ 需要重启
[Sun Aug  2 02:10:12 CST 2026] ⚠️ 服务异常，等待恢复...
=== 2026-08-02 02:10:12 ===
字体: 904 / 18213 (5.0%)
PSD模板: 445 / 445 (100.0%)
状态: ❌ 需要重启
[Sun Aug  2 02:11:12 CST 2026] ⚠️ 服务异常，等待恢复...
=== 2026-08-02 02:11:12 ===
字体: 904 / 18213 (5.0%)
PSD模板: 445 / 445 (100.0%)
状态: ❌ 需要重启
[Sun Aug  2 02:12:12 CST 2026] ⚠️ 服务异常，等待恢复...
=== 2026-08-02 02:12:12 ===
字体: 904 / 18213 (5.0%)
PSD模板: 445 / 445 (100.0%)
状态: ❌ 需要重启
[Sun Aug  2 02:13:12 CST 2026] ⚠️ 服务异常，等待恢复...
=== 2026-08-02 02:13:12 ===
字体: 904 / 18213 (5.0%)
PSD模板: 445 / 445 (100.0%)
状态: ❌ 需要重启
[Sun Aug  2 02:14:12 CST 2026] ⚠️ 服务异常，等待恢复...
=== 2026-08-02 02:14:12 ===
字体: 904 / 18213 (5.0%)
PSD模板: 445 / 445 (100.0%)
状态: ❌ 需要重启
[Sun Aug  2 02:15:12 CST 2026] ⚠️ 服务异常，等待恢复...
=== 2026-08-02 02:15:12 ===
字体: 904 / 18213 (5.0%)
PSD模板: 445 / 445 (100.0%)
状态: ❌ 需要重启
[Sun Aug  2 02:16:13 CST 2026] ⚠️ 服务异常，等待恢复...
=== 2026-08-02 02:16:13 ===
字体: 904 / 18213 (5.0%)
PSD模板: 445 / 445 (100.0%)
状态: ❌ 需要重启
[Sun Aug  2 02:17:13 CST 2026] ⚠️ 服务异常，等待恢复...
=== 2026-08-02 02:17:13 ===
字体: 904 / 18213 (5.0%)
PSD模板: 445 / 445 (100.0%)
状态: ❌ 需要重启
[Sun Aug  2 02:18:13 CST 2026] ⚠️ 服务异常，等待恢复...
=== 2026-08-02 02:18:13 ===
字体: 904 / 18213 (5.0%)
PSD模板: 445 / 445 (100.0%)
状态: ❌ 需要重启
[Sun Aug  2 02:19:13 CST 2026] ⚠️ 服务异常，等待恢复...
=== 2026-08-02 02:19:13 ===
字体: 904 / 18213 (5.0%)
PSD模板: 445 / 445 (100.0%)
状态: ❌ 需要重启
[Sun Aug  2 02:20:13 CST 2026] ⚠️ 服务异常，等待恢复...
=== 2026-08-02 02:20:13 ===
字体: 904 / 18213 (5.0%)
PSD模板: 445 / 445 (100.0%)
状态: ❌ 需要重启
[Sun Aug  2 02:21:13 CST 2026] ⚠️ 服务异常，等待恢复...
=== 2026-08-02 02:21:13 ===
字体: 904 / 18213 (5.0%)
PSD模板: 445 / 445 (100.0%)
状态: ❌ 需要重启
[Sun Aug  2 02:22:13 CST 2026] ⚠️ 服务异常，等待恢复...
=== 2026-08-02 02:22:13 ===
字体: 904 / 18213 (5.0%)
PSD模板: 445 / 445 (100.0%)
状态: ❌ 需要重启
[Sun Aug  2 02:23:13 CST 2026] ⚠️ 服务异常，等待恢复...
=== 2026-08-02 02:23:13 ===
字体: 904 / 18213 (5.0%)
PSD模板: 445 / 445 (100.0%)
状态: ❌ 需要重启
[Sun Aug  2 02:24:13 CST 2026] ⚠️ 服务异常，等待恢复...
=== 2026-08-02 02:24:13 ===
字体: 904 / 18213 (5.0%)
PSD模板: 445 / 445 (100.0%)
状态: ❌ 需要重启
[Sun Aug  2 02:25:13 CST 2026] ⚠️ 服务异常，等待恢复...
=== 2026-08-02 02:25:13 ===
字体: 904 / 18213 (5.0%)
PSD模板: 445 / 445 (100.0%)
状态: ❌ 需要重启
[Sun Aug  2 02:26:14 CST 2026] ⚠️ 服务异常，等待恢复...
=== 2026-08-02 02:26:14 ===
字体: 904 / 18213 (5.0%)
PSD模板: 445 / 445 (100.0%)
状态: ❌ 需要重启
[Sun Aug  2 02:27:14 CST 2026] ⚠️ 服务异常，等待恢复...
=== 2026-08-02 02:27:14 ===
字体: 904 / 18213 (5.0%)
PSD模板: 445 / 445 (100.0%)
状态: ❌ 需要重启
[Sun Aug  2 02:28:14 CST 2026] ⚠️ 服务异常，等待恢复...
=== 2026-08-02 02:28:14 ===
字体: 904 / 18213 (5.0%)
PSD模板: 445 / 445 (100.0%)
状态: ❌ 需要重启
[Sun Aug  2 02:29:14 CST 2026] ⚠️ 服务异常，等待恢复...
=== 2026-08-02 02:29:14 ===
字体: 904 / 18213 (5.0%)
PSD模板: 445 / 445 (100.0%)
状态: ❌ 需要重启
[Sun Aug  2 02:30:14 CST 2026] ⚠️ 服务异常，等待恢复...
=== 2026-08-02 02:30:14 ===
字体: 904 / 18213 (5.0%)
PSD模板: 445 / 445 (100.0%)
状态: ❌ 需要重启
[Sun Aug  2 02:31:14 CST 2026] ⚠️ 服务异常，等待恢复...
=== 2026-08-02 02:31:14 ===
字体: 904 / 18213 (5.0%)
PSD模板: 445 / 445 (100.0%)
状态: ❌ 需要重启
[Sun Aug  2 02:32:14 CST 2026] ⚠️ 服务异常，等待恢复...
=== 2026-08-02 02:32:14 ===
字体: 904 / 18213 (5.0%)
PSD模板: 445 / 445 (100.0%)
状态: ❌ 需要重启
[Sun Aug  2 02:33:14 CST 2026] ⚠️ 服务异常，等待恢复...
=== 2026-08-02 02:33:14 ===
字体: 904 / 18213 (5.0%)
PSD模板: 445 / 445 (100.0%)
状态: ❌ 需要重启
[Sun Aug  2 02:34:14 CST 2026] ⚠️ 服务异常，等待恢复...
=== 2026-08-02 02:34:14 ===
字体: 904 / 18213 (5.0%)
PSD模板: 445 / 445 (100.0%)
状态: ❌ 需要重启
[Sun Aug  2 02:35:15 CST 2026] ⚠️ 服务异常，等待恢复...
=== 2026-08-02 02:35:15 ===
字体: 904 / 18213 (5.0%)
PSD模板: 445 / 445 (100.0%)
状态: ❌ 需要重启
[Sun Aug  2 02:36:15 CST 2026] ⚠️ 服务异常，等待恢复...
=== 2026-08-02 02:36:15 ===
字体: 904 / 18213 (5.0%)
PSD模板: 445 / 445 (100.0%)
状态: ❌ 需要重启
[Sun Aug  2 02:37:15 CST 2026] ⚠️ 服务异常，等待恢复...
=== 2026-08-02 02:37:15 ===
字体: 904 / 18213 (5.0%)
PSD模板: 445 / 445 (100.0%)
状态: ❌ 需要重启
[Sun Aug  2 02:38:15 CST 2026] ⚠️ 服务异常，等待恢复...
=== 2026-08-02 02:38:15 ===
字体: 904 / 18213 (5.0%)
PSD模板: 445 / 445 (100.0%)
状态: ❌ 需要重启
[Sun Aug  2 02:39:15 CST 2026] ⚠️ 服务异常，等待恢复...
=== 2026-08-02 02:39:15 ===
字体: 904 / 18213 (5.0%)
PSD模板: 445 / 445 (100.0%)
状态: ❌ 需要重启
[Sun Aug  2 02:40:15 CST 2026] ⚠️ 服务异常，等待恢复...
=== 2026-08-02 02:40:15 ===
字体: 904 / 18213 (5.0%)
PSD模板: 445 / 445 (100.0%)
状态: ❌ 需要重启
[Sun Aug  2 02:41:15 CST 2026] ⚠️ 服务异常，等待恢复...
=== 2026-08-02 02:41:15 ===
字体: 904 / 18213 (5.0%)
PSD模板: 445 / 445 (100.0%)
状态: ❌ 需要重启
[Sun Aug  2 02:42:15 CST 2026] ⚠️ 服务异常，等待恢复...
=== 2026-08-02 02:42:15 ===
字体: 904 / 18213 (5.0%)
PSD模板: 445 / 445 (100.0%)
状态: ❌ 需要重启
[Sun Aug  2 02:43:15 CST 2026] ⚠️ 服务异常，等待恢复...
=== 2026-08-02 02:43:15 ===
字体: 904 / 18213 (5.0%)
PSD模板: 445 / 445 (100.0%)
状态: ❌ 需要重启
[Sun Aug  2 02:44:16 CST 2026] ⚠️ 服务异常，等待恢复...
=== 2026-08-02 02:44:16 ===
字体: 904 / 18213 (5.0%)
PSD模板: 445 / 445 (100.0%)
状态: ❌ 需要重启
[Sun Aug  2 02:45:16 CST 2026] ⚠️ 服务异常，等待恢复...
=== 2026-08-02 02:45:16 ===
字体: 904 / 18213 (5.0%)
PSD模板: 445 / 445 (100.0%)
状态: ❌ 需要重启
[Sun Aug  2 02:46:16 CST 2026] ⚠️ 服务异常，等待恢复...
=== 2026-08-02 02:46:16 ===
字体: 904 / 18213 (5.0%)
PSD模板: 445 / 445 (100.0%)
状态: ❌ 需要重启
[Sun Aug  2 02:47:16 CST 2026] ⚠️ 服务异常，等待恢复...
=== 2026-08-02 02:47:16 ===
字体: 904 / 18213 (5.0%)
PSD模板: 445 / 445 (100.0%)
状态: ❌ 需要重启
[Sun Aug  2 02:48:16 CST 2026] ⚠️ 服务异常，等待恢复...
=== 2026-08-02 02:48:16 ===
字体: 904 / 18213 (5.0%)
PSD模板: 445 / 445 (100.0%)
状态: ❌ 需要重启
[Sun Aug  2 02:49:16 CST 2026] ⚠️ 服务异常，等待恢复...
=== 2026-08-02 02:49:16 ===
字体: 904 / 18213 (5.0%)
PSD模板: 445 / 445 (100.0%)
状态: ❌ 需要重启
[Sun Aug  2 02:50:16 CST 2026] ⚠️ 服务异常，等待恢复...
=== 2026-08-02 02:50:16 ===
字体: 904 / 18213 (5.0%)
PSD模板: 445 / 445 (100.0%)
状态: ❌ 需要重启
[Sun Aug  2 02:51:16 CST 2026] ⚠️ 服务异常，等待恢复...
=== 2026-08-02 02:51:16 ===
字体: 904 / 18213 (5.0%)
PSD模板: 445 / 445 (100.0%)
状态: ❌ 需要重启
[Sun Aug  2 02:52:16 CST 2026] ⚠️ 服务异常，等待恢复...
=== 2026-08-02 02:52:16 ===
字体: 904 / 18213 (5.0%)
PSD模板: 445 / 445 (100.0%)
状态: ❌ 需要重启
[Sun Aug  2 02:53:17 CST 2026] ⚠️ 服务异常，等待恢复...
=== 2026-08-02 02:53:17 ===
字体: 904 / 18213 (5.0%)
PSD模板: 445 / 445 (100.0%)
状态: ❌ 需要重启
[Sun Aug  2 02:54:17 CST 2026] ⚠️ 服务异常，等待恢复...
=== 2026-08-02 02:54:17 ===
字体: 904 / 18213 (5.0%)
PSD模板: 445 / 445 (100.0%)
状态: ❌ 需要重启
[Sun Aug  2 02:55:17 CST 2026] ⚠️ 服务异常，等待恢复...
=== 2026-08-02 02:55:17 ===
字体: 904 / 18213 (5.0%)
PSD模板: 445 / 445 (100.0%)
状态: ❌ 需要重启
[Sun Aug  2 02:56:17 CST 2026] ⚠️ 服务异常，等待恢复...
=== 2026-08-02 02:56:17 ===
字体: 904 / 18213 (5.0%)
PSD模板: 445 / 445 (100.0%)
状态: ❌ 需要重启
[Sun Aug  2 02:57:17 CST 2026] ⚠️ 服务异常，等待恢复...
=== 2026-08-02 02:57:17 ===
字体: 904 / 18213 (5.0%)
PSD模板: 445 / 445 (100.0%)
状态: ❌ 需要重启
[Sun Aug  2 02:58:17 CST 2026] ⚠️ 服务异常，等待恢复...
=== 2026-08-02 02:58:17 ===
字体: 904 / 18213 (5.0%)
PSD模板: 445 / 445 (100.0%)
状态: ❌ 需要重启
[Sun Aug  2 02:59:17 CST 2026] ⚠️ 服务异常，等待恢复...
=== 2026-08-02 02:59:17 ===
字体: 904 / 18213 (5.0%)
PSD模板: 445 / 445 (100.0%)
状态: ❌ 需要重启
[Sun Aug  2 03:00:17 CST 2026] ⚠️ 服务异常，等待恢复...
=== 2026-08-02 03:00:17 ===
字体: 904 / 18213 (5.0%)
PSD模板: 445 / 445 (100.0%)
状态: ❌ 需要重启
[Sun Aug  2 03:01:17 CST 2026] ⚠️ 服务异常，等待恢复...
=== 2026-08-02 03:01:17 ===
字体: 904 / 18213 (5.0%)
PSD模板: 445 / 445 (100.0%)
状态: ❌ 需要重启
[Sun Aug  2 03:02:17 CST 2026] ⚠️ 服务异常，等待恢复...
=== 2026-08-02 03:02:17 ===
字体: 904 / 18213 (5.0%)
PSD模板: 445 / 445 (100.0%)
状态: ❌ 需要重启
[Sun Aug  2 03:03:18 CST 2026] ⚠️ 服务异常，等待恢复...
=== 2026-08-02 03:03:18 ===
字体: 904 / 18213 (5.0%)
PSD模板: 445 / 445 (100.0%)
状态: ❌ 需要重启
[Sun Aug  2 03:04:18 CST 2026] ⚠️ 服务异常，等待恢复...
=== 2026-08-02 03:04:18 ===
字体: 904 / 18213 (5.0%)
PSD模板: 445 / 445 (100.0%)
状态: ❌ 需要重启
[Sun Aug  2 03:05:18 CST 2026] ⚠️ 服务异常，等待恢复...
=== 2026-08-02 03:05:18 ===
字体: 904 / 18213 (5.0%)
PSD模板: 445 / 445 (100.0%)
状态: ❌ 需要重启
[Sun Aug  2 03:06:18 CST 2026] ⚠️ 服务异常，等待恢复...
=== 2026-08-02 03:06:18 ===
字体: 904 / 18213 (5.0%)
PSD模板: 445 / 445 (100.0%)
状态: ❌ 需要重启
[Sun Aug  2 03:07:18 CST 2026] ⚠️ 服务异常，等待恢复...
=== 2026-08-02 03:07:18 ===
字体: 904 / 18213 (5.0%)
PSD模板: 445 / 445 (100.0%)
状态: ❌ 需要重启
[Sun Aug  2 03:08:18 CST 2026] ⚠️ 服务异常，等待恢复...
=== 2026-08-02 03:08:18 ===
字体: 904 / 18213 (5.0%)
PSD模板: 445 / 445 (100.0%)
状态: ❌ 需要重启
[Sun Aug  2 03:09:18 CST 2026] ⚠️ 服务异常，等待恢复...
=== 2026-08-02 03:09:18 ===
字体: 904 / 18213 (5.0%)
PSD模板: 445 / 445 (100.0%)
状态: ❌ 需要重启
[Sun Aug  2 03:10:18 CST 2026] ⚠️ 服务异常，等待恢复...
=== 2026-08-02 03:10:18 ===
字体: 904 / 18213 (5.0%)
PSD模板: 445 / 445 (100.0%)
状态: ❌ 需要重启
[Sun Aug  2 03:11:18 CST 2026] ⚠️ 服务异常，等待恢复...
=== 2026-08-02 03:11:18 ===
字体: 904 / 18213 (5.0%)
PSD模板: 445 / 445 (100.0%)
状态: ❌ 需要重启
[Sun Aug  2 03:12:19 CST 2026] ⚠️ 服务异常，等待恢复...
=== 2026-08-02 03:12:19 ===
字体: 904 / 18213 (5.0%)
PSD模板: 445 / 445 (100.0%)
状态: ❌ 需要重启
[Sun Aug  2 03:13:19 CST 2026] ⚠️ 服务异常，等待恢复...
=== 2026-08-02 03:13:19 ===
字体: 904 / 18213 (5.0%)
PSD模板: 445 / 445 (100.0%)
状态: ❌ 需要重启
[Sun Aug  2 03:14:19 CST 2026] ⚠️ 服务异常，等待恢复...
=== 2026-08-02 03:14:19 ===
字体: 904 / 18213 (5.0%)
PSD模板: 445 / 445 (100.0%)
状态: ❌ 需要重启
[Sun Aug  2 03:15:19 CST 2026] ⚠️ 服务异常，等待恢复...
=== 2026-08-02 03:15:19 ===
字体: 904 / 18213 (5.0%)
PSD模板: 445 / 445 (100.0%)
状态: ❌ 需要重启
[Sun Aug  2 03:16:19 CST 2026] ⚠️ 服务异常，等待恢复...
=== 2026-08-02 03:16:19 ===
字体: 904 / 18213 (5.0%)
PSD模板: 445 / 445 (100.0%)
状态: ❌ 需要重启
[Sun Aug  2 03:17:19 CST 2026] ⚠️ 服务异常，等待恢复...
=== 2026-08-02 03:17:19 ===
字体: 904 / 18213 (5.0%)
PSD模板: 445 / 445 (100.0%)
状态: ❌ 需要重启
[Sun Aug  2 03:18:19 CST 2026] ⚠️ 服务异常，等待恢复...
=== 2026-08-02 03:18:19 ===
字体: 904 / 18213 (5.0%)
PSD模板: 445 / 445 (100.0%)
状态: ❌ 需要重启
[Sun Aug  2 03:19:19 CST 2026] ⚠️ 服务异常，等待恢复...
=== 2026-08-02 03:19:19 ===
字体: 904 / 18213 (5.0%)
PSD模板: 445 / 445 (100.0%)
状态: ❌ 需要重启
[Sun Aug  2 03:20:19 CST 2026] ⚠️ 服务异常，等待恢复...
=== 2026-08-02 03:20:19 ===
字体: 904 / 18213 (5.0%)
PSD模板: 445 / 445 (100.0%)
状态: ❌ 需要重启
[Sun Aug  2 03:21:19 CST 2026] ⚠️ 服务异常，等待恢复...
=== 2026-08-02 03:21:19 ===
字体: 904 / 18213 (5.0%)
PSD模板: 445 / 445 (100.0%)
状态: ❌ 需要重启
[Sun Aug  2 03:22:20 CST 2026] ⚠️ 服务异常，等待恢复...
=== 2026-08-02 03:22:20 ===
字体: 904 / 18213 (5.0%)
PSD模板: 445 / 445 (100.0%)
状态: ❌ 需要重启
[Sun Aug  2 03:23:20 CST 2026] ⚠️ 服务异常，等待恢复...
=== 2026-08-02 03:23:20 ===
字体: 904 / 18213 (5.0%)
PSD模板: 445 / 445 (100.0%)
状态: ❌ 需要重启
[Sun Aug  2 03:24:20 CST 2026] ⚠️ 服务异常，等待恢复...
=== 2026-08-02 03:24:20 ===
字体: 904 / 18213 (5.0%)
PSD模板: 445 / 445 (100.0%)
状态: ❌ 需要重启
[Sun Aug  2 03:25:20 CST 2026] ⚠️ 服务异常，等待恢复...
=== 2026-08-02 03:25:20 ===
字体: 904 / 18213 (5.0%)
PSD模板: 445 / 445 (100.0%)
状态: ❌ 需要重启
[Sun Aug  2 03:26:20 CST 2026] ⚠️ 服务异常，等待恢复...
=== 2026-08-02 03:26:20 ===
字体: 904 / 18213 (5.0%)
PSD模板: 445 / 445 (100.0%)
状态: ❌ 需要重启
[Sun Aug  2 03:27:20 CST 2026] ⚠️ 服务异常，等待恢复...
=== 2026-08-02 03:27:20 ===
字体: 904 / 18213 (5.0%)
PSD模板: 445 / 445 (100.0%)
状态: ❌ 需要重启
[Sun Aug  2 03:28:20 CST 2026] ⚠️ 服务异常，等待恢复...
=== 2026-08-02 03:28:20 ===
字体: 904 / 18213 (5.0%)
PSD模板: 445 / 445 (100.0%)
状态: ❌ 需要重启
[Sun Aug  2 03:29:20 CST 2026] ⚠️ 服务异常，等待恢复...
=== 2026-08-02 03:29:20 ===
字体: 904 / 18213 (5.0%)
PSD模板: 445 / 445 (100.0%)
状态: ❌ 需要重启
[Sun Aug  2 03:30:20 CST 2026] ⚠️ 服务异常，等待恢复...
=== 2026-08-02 03:30:20 ===
字体: 904 / 18213 (5.0%)
PSD模板: 445 / 445 (100.0%)
状态: ❌ 需要重启
[Sun Aug  2 03:31:21 CST 2026] ⚠️ 服务异常，等待恢复...
=== 2026-08-02 03:31:21 ===
字体: 904 / 18213 (5.0%)
PSD模板: 445 / 445 (100.0%)
状态: ❌ 需要重启
[Sun Aug  2 03:32:21 CST 2026] ⚠️ 服务异常，等待恢复...
=== 2026-08-02 03:32:21 ===
字体: 904 / 18213 (5.0%)
PSD模板: 445 / 445 (100.0%)
状态: ❌ 需要重启
[Sun Aug  2 03:33:21 CST 2026] ⚠️ 服务异常，等待恢复...
=== 2026-08-02 03:33:21 ===
字体: 904 / 18213 (5.0%)
PSD模板: 445 / 445 (100.0%)
状态: ❌ 需要重启
[Sun Aug  2 03:34:21 CST 2026] ⚠️ 服务异常，等待恢复...
=== 2026-08-02 03:34:21 ===
字体: 904 / 18213 (5.0%)
PSD模板: 445 / 445 (100.0%)
状态: ❌ 需要重启
[Sun Aug  2 03:35:21 CST 2026] ⚠️ 服务异常，等待恢复...
=== 2026-08-02 03:35:21 ===
字体: 904 / 18213 (5.0%)
PSD模板: 445 / 445 (100.0%)
状态: ❌ 需要重启
[Sun Aug  2 03:36:21 CST 2026] ⚠️ 服务异常，等待恢复...
=== 2026-08-02 03:36:21 ===
字体: 904 / 18213 (5.0%)
PSD模板: 445 / 445 (100.0%)
状态: ❌ 需要重启
[Sun Aug  2 03:37:21 CST 2026] ⚠️ 服务异常，等待恢复...
=== 2026-08-02 03:37:21 ===
字体: 904 / 18213 (5.0%)
PSD模板: 445 / 445 (100.0%)
状态: ❌ 需要重启
[Sun Aug  2 03:38:21 CST 2026] ⚠️ 服务异常，等待恢复...
=== 2026-08-02 03:38:21 ===
字体: 904 / 18213 (5.0%)
PSD模板: 445 / 445 (100.0%)
状态: ❌ 需要重启
[Sun Aug  2 03:39:21 CST 2026] ⚠️ 服务异常，等待恢复...
=== 2026-08-02 03:39:21 ===
字体: 904 / 18213 (5.0%)
PSD模板: 445 / 445 (100.0%)
状态: ❌ 需要重启
[Sun Aug  2 03:40:22 CST 2026] ⚠️ 服务异常，等待恢复...
=== 2026-08-02 03:40:22 ===
字体: 904 / 18213 (5.0%)
PSD模板: 445 / 445 (100.0%)
状态: ❌ 需要重启
[Sun Aug  2 03:41:22 CST 2026] ⚠️ 服务异常，等待恢复...
=== 2026-08-02 03:41:22 ===
字体: 904 / 18213 (5.0%)
PSD模板: 445 / 445 (100.0%)
状态: ❌ 需要重启
[Sun Aug  2 03:42:22 CST 2026] ⚠️ 服务异常，等待恢复...
=== 2026-08-02 03:42:22 ===
字体: 904 / 18213 (5.0%)
PSD模板: 445 / 445 (100.0%)
状态: ❌ 需要重启
[Sun Aug  2 03:43:22 CST 2026] ⚠️ 服务异常，等待恢复...
=== 2026-08-02 03:43:22 ===
字体: 904 / 18213 (5.0%)
PSD模板: 445 / 445 (100.0%)
状态: ❌ 需要重启
[Sun Aug  2 03:44:22 CST 2026] ⚠️ 服务异常，等待恢复...
=== 2026-08-02 03:44:22 ===
字体: 904 / 18213 (5.0%)
PSD模板: 445 / 445 (100.0%)
状态: ❌ 需要重启
[Sun Aug  2 03:45:22 CST 2026] ⚠️ 服务异常，等待恢复...
=== 2026-08-02 03:45:22 ===
字体: 904 / 18213 (5.0%)
PSD模板: 445 / 445 (100.0%)
状态: ❌ 需要重启
[Sun Aug  2 03:46:22 CST 2026] ⚠️ 服务异常，等待恢复...
=== 2026-08-02 03:46:22 ===
字体: 904 / 18213 (5.0%)
PSD模板: 445 / 445 (100.0%)
状态: ❌ 需要重启
[Sun Aug  2 03:47:22 CST 2026] ⚠️ 服务异常，等待恢复...
=== 2026-08-02 03:47:22 ===
字体: 904 / 18213 (5.0%)
PSD模板: 445 / 445 (100.0%)
状态: ❌ 需要重启
[Sun Aug  2 03:48:22 CST 2026] ⚠️ 服务异常，等待恢复...
=== 2026-08-02 03:48:22 ===
字体: 904 / 18213 (5.0%)
PSD模板: 445 / 445 (100.0%)
状态: ❌ 需要重启
[Sun Aug  2 03:49:23 CST 2026] ⚠️ 服务异常，等待恢复...
=== 2026-08-02 03:49:23 ===
字体: 904 / 18213 (5.0%)
PSD模板: 445 / 445 (100.0%)
状态: ❌ 需要重启
[Sun Aug  2 03:50:23 CST 2026] ⚠️ 服务异常，等待恢复...
=== 2026-08-02 03:50:23 ===
字体: 904 / 18213 (5.0%)
PSD模板: 445 / 445 (100.0%)
状态: ❌ 需要重启
[Sun Aug  2 03:51:23 CST 2026] ⚠️ 服务异常，等待恢复...
=== 2026-08-02 03:51:23 ===
字体: 904 / 18213 (5.0%)
PSD模板: 445 / 445 (100.0%)
状态: ❌ 需要重启
[Sun Aug  2 03:52:23 CST 2026] ⚠️ 服务异常，等待恢复...
=== 2026-08-02 03:52:23 ===
字体: 904 / 18213 (5.0%)
PSD模板: 445 / 445 (100.0%)
状态: ❌ 需要重启
[Sun Aug  2 03:53:23 CST 2026] ⚠️ 服务异常，等待恢复...
=== 2026-08-02 03:53:23 ===
字体: 904 / 18213 (5.0%)
PSD模板: 445 / 445 (100.0%)
状态: ❌ 需要重启
[Sun Aug  2 03:54:23 CST 2026] ⚠️ 服务异常，等待恢复...
=== 2026-08-02 03:54:23 ===
字体: 904 / 18213 (5.0%)
PSD模板: 445 / 445 (100.0%)
状态: ❌ 需要重启
[Sun Aug  2 03:55:23 CST 2026] ⚠️ 服务异常，等待恢复...
=== 2026-08-02 03:55:23 ===
字体: 904 / 18213 (5.0%)
PSD模板: 445 / 445 (100.0%)
状态: ❌ 需要重启
[Sun Aug  2 03:56:23 CST 2026] ⚠️ 服务异常，等待恢复...
=== 2026-08-02 03:56:23 ===
字体: 904 / 18213 (5.0%)
PSD模板: 445 / 445 (100.0%)
状态: ❌ 需要重启
[Sun Aug  2 03:57:23 CST 2026] ⚠️ 服务异常，等待恢复...
=== 2026-08-02 03:57:23 ===
字体: 904 / 18213 (5.0%)
PSD模板: 445 / 445 (100.0%)
状态: ❌ 需要重启
[Sun Aug  2 03:58:23 CST 2026] ⚠️ 服务异常，等待恢复...
=== 2026-08-02 03:58:23 ===
字体: 904 / 18213 (5.0%)
PSD模板: 445 / 445 (100.0%)
状态: ❌ 需要重启
[Sun Aug  2 03:59:24 CST 2026] ⚠️ 服务异常，等待恢复...
=== 2026-08-02 03:59:24 ===
字体: 904 / 18213 (5.0%)
PSD模板: 445 / 445 (100.0%)
状态: ❌ 需要重启
[Sun Aug  2 04:00:24 CST 2026] ⚠️ 服务异常，等待恢复...
=== 2026-08-02 04:00:24 ===
字体: 904 / 18213 (5.0%)
PSD模板: 445 / 445 (100.0%)
状态: ❌ 需要重启
[Sun Aug  2 04:01:24 CST 2026] ⚠️ 服务异常，等待恢复...
=== 2026-08-02 04:01:24 ===
字体: 904 / 18213 (5.0%)
PSD模板: 445 / 445 (100.0%)
状态: ❌ 需要重启
[Sun Aug  2 04:02:24 CST 2026] ⚠️ 服务异常，等待恢复...
=== 2026-08-02 04:02:24 ===
字体: 904 / 18213 (5.0%)
PSD模板: 445 / 445 (100.0%)
状态: ❌ 需要重启
[Sun Aug  2 04:03:24 CST 2026] ⚠️ 服务异常，等待恢复...
=== 2026-08-02 04:03:24 ===
字体: 904 / 18213 (5.0%)
PSD模板: 445 / 445 (100.0%)
状态: ❌ 需要重启
[Sun Aug  2 04:04:24 CST 2026] ⚠️ 服务异常，等待恢复...
=== 2026-08-02 04:04:24 ===
字体: 904 / 18213 (5.0%)
PSD模板: 445 / 445 (100.0%)
状态: ❌ 需要重启
[Sun Aug  2 04:05:24 CST 2026] ⚠️ 服务异常，等待恢复...
=== 2026-08-02 04:05:24 ===
字体: 904 / 18213 (5.0%)
PSD模板: 445 / 445 (100.0%)
状态: ❌ 需要重启
[Sun Aug  2 04:06:24 CST 2026] ⚠️ 服务异常，等待恢复...
=== 2026-08-02 04:06:24 ===
字体: 904 / 18213 (5.0%)
PSD模板: 445 / 445 (100.0%)
状态: ❌ 需要重启
[Sun Aug  2 04:07:24 CST 2026] ⚠️ 服务异常，等待恢复...
=== 2026-08-02 04:07:24 ===
字体: 904 / 18213 (5.0%)
PSD模板: 445 / 445 (100.0%)
状态: ❌ 需要重启
[Sun Aug  2 04:08:25 CST 2026] ⚠️ 服务异常，等待恢复...
=== 2026-08-02 04:08:25 ===
字体: 904 / 18213 (5.0%)
PSD模板: 445 / 445 (100.0%)
状态: ❌ 需要重启
[Sun Aug  2 04:09:25 CST 2026] ⚠️ 服务异常，等待恢复...
=== 2026-08-02 04:09:25 ===
字体: 904 / 18213 (5.0%)
PSD模板: 445 / 445 (100.0%)
状态: ❌ 需要重启
[Sun Aug  2 04:10:25 CST 2026] ⚠️ 服务异常，等待恢复...
=== 2026-08-02 04:10:25 ===
字体: 904 / 18213 (5.0%)
PSD模板: 445 / 445 (100.0%)
状态: ❌ 需要重启
[Sun Aug  2 04:11:25 CST 2026] ⚠️ 服务异常，等待恢复...
=== 2026-08-02 04:11:25 ===
字体: 904 / 18213 (5.0%)
PSD模板: 445 / 445 (100.0%)
状态: ❌ 需要重启
[Sun Aug  2 04:12:25 CST 2026] ⚠️ 服务异常，等待恢复...
=== 2026-08-02 04:12:25 ===
字体: 904 / 18213 (5.0%)
PSD模板: 445 / 445 (100.0%)
状态: ❌ 需要重启
[Sun Aug  2 04:13:25 CST 2026] ⚠️ 服务异常，等待恢复...
=== 2026-08-02 04:13:25 ===
字体: 904 / 18213 (5.0%)
PSD模板: 445 / 445 (100.0%)
状态: ❌ 需要重启
[Sun Aug  2 04:14:25 CST 2026] ⚠️ 服务异常，等待恢复...
=== 2026-08-02 04:14:25 ===
字体: 904 / 18213 (5.0%)
PSD模板: 445 / 445 (100.0%)
状态: ❌ 需要重启
[Sun Aug  2 04:15:25 CST 2026] ⚠️ 服务异常，等待恢复...
=== 2026-08-02 04:15:25 ===
字体: 904 / 18213 (5.0%)
PSD模板: 445 / 445 (100.0%)
状态: ❌ 需要重启
[Sun Aug  2 04:16:26 CST 2026] ⚠️ 服务异常，等待恢复...
=== 2026-08-02 04:16:26 ===
字体: 904 / 18213 (5.0%)
PSD模板: 445 / 445 (100.0%)
状态: ❌ 需要重启
[Sun Aug  2 04:17:26 CST 2026] ⚠️ 服务异常，等待恢复...
=== 2026-08-02 04:17:26 ===
字体: 904 / 18213 (5.0%)
PSD模板: 445 / 445 (100.0%)
状态: ❌ 需要重启
[Sun Aug  2 04:18:26 CST 2026] ⚠️ 服务异常，等待恢复...
=== 2026-08-02 04:18:26 ===
字体: 904 / 18213 (5.0%)
PSD模板: 445 / 445 (100.0%)
状态: ❌ 需要重启
[Sun Aug  2 04:19:26 CST 2026] ⚠️ 服务异常，等待恢复...
=== 2026-08-02 04:19:26 ===
字体: 904 / 18213 (5.0%)
PSD模板: 445 / 445 (100.0%)
状态: ❌ 需要重启
[Sun Aug  2 04:20:26 CST 2026] ⚠️ 服务异常，等待恢复...
=== 2026-08-02 04:20:26 ===
字体: 904 / 18213 (5.0%)
PSD模板: 445 / 445 (100.0%)
状态: ❌ 需要重启
[Sun Aug  2 04:21:26 CST 2026] ⚠️ 服务异常，等待恢复...
=== 2026-08-02 04:21:26 ===
字体: 904 / 18213 (5.0%)
PSD模板: 445 / 445 (100.0%)
状态: ❌ 需要重启
[Sun Aug  2 04:22:26 CST 2026] ⚠️ 服务异常，等待恢复...
=== 2026-08-02 04:22:26 ===
字体: 904 / 18213 (5.0%)
PSD模板: 445 / 445 (100.0%)
状态: ❌ 需要重启
[Sun Aug  2 04:23:26 CST 2026] ⚠️ 服务异常，等待恢复...
=== 2026-08-02 04:23:26 ===
字体: 904 / 18213 (5.0%)
PSD模板: 445 / 445 (100.0%)
状态: ❌ 需要重启
[Sun Aug  2 04:24:26 CST 2026] ⚠️ 服务异常，等待恢复...
=== 2026-08-02 04:24:26 ===
字体: 904 / 18213 (5.0%)
PSD模板: 445 / 445 (100.0%)
状态: ❌ 需要重启
[Sun Aug  2 04:25:27 CST 2026] ⚠️ 服务异常，等待恢复...
=== 2026-08-02 04:25:27 ===
字体: 904 / 18213 (5.0%)
PSD模板: 445 / 445 (100.0%)
状态: ❌ 需要重启
[Sun Aug  2 04:26:27 CST 2026] ⚠️ 服务异常，等待恢复...
=== 2026-08-02 04:26:27 ===
字体: 904 / 18213 (5.0%)
PSD模板: 445 / 445 (100.0%)
状态: ❌ 需要重启
[Sun Aug  2 04:27:27 CST 2026] ⚠️ 服务异常，等待恢复...
=== 2026-08-02 04:27:27 ===
字体: 904 / 18213 (5.0%)
PSD模板: 445 / 445 (100.0%)
状态: ❌ 需要重启
[Sun Aug  2 04:28:27 CST 2026] ⚠️ 服务异常，等待恢复...
=== 2026-08-02 04:28:27 ===
字体: 904 / 18213 (5.0%)
PSD模板: 445 / 445 (100.0%)
状态: ❌ 需要重启
[Sun Aug  2 04:29:27 CST 2026] ⚠️ 服务异常，等待恢复...
=== 2026-08-02 04:29:27 ===
字体: 904 / 18213 (5.0%)
PSD模板: 445 / 445 (100.0%)
状态: ❌ 需要重启
[Sun Aug  2 04:30:27 CST 2026] ⚠️ 服务异常，等待恢复...
=== 2026-08-02 04:30:27 ===
字体: 904 / 18213 (5.0%)
PSD模板: 445 / 445 (100.0%)
状态: ❌ 需要重启
[Sun Aug  2 04:31:27 CST 2026] ⚠️ 服务异常，等待恢复...
=== 2026-08-02 04:31:27 ===
字体: 904 / 18213 (5.0%)
PSD模板: 445 / 445 (100.0%)
状态: ❌ 需要重启
[Sun Aug  2 04:32:27 CST 2026] ⚠️ 服务异常，等待恢复...
=== 2026-08-02 04:32:27 ===
字体: 904 / 18213 (5.0%)
PSD模板: 445 / 445 (100.0%)
状态: ❌ 需要重启
[Sun Aug  2 04:33:27 CST 2026] ⚠️ 服务异常，等待恢复...
=== 2026-08-02 04:33:27 ===
字体: 904 / 18213 (5.0%)
PSD模板: 445 / 445 (100.0%)
状态: ❌ 需要重启
[Sun Aug  2 04:34:28 CST 2026] ⚠️ 服务异常，等待恢复...
=== 2026-08-02 04:34:28 ===
字体: 904 / 18213 (5.0%)
PSD模板: 445 / 445 (100.0%)
状态: ❌ 需要重启
[Sun Aug  2 04:35:28 CST 2026] ⚠️ 服务异常，等待恢复...
=== 2026-08-02 04:35:28 ===
字体: 904 / 18213 (5.0%)
PSD模板: 445 / 445 (100.0%)
状态: ❌ 需要重启
[Sun Aug  2 04:36:28 CST 2026] ⚠️ 服务异常，等待恢复...
=== 2026-08-02 04:36:28 ===
字体: 904 / 18213 (5.0%)
PSD模板: 445 / 445 (100.0%)
状态: ❌ 需要重启
[Sun Aug  2 04:37:28 CST 2026] ⚠️ 服务异常，等待恢复...
=== 2026-08-02 04:37:28 ===
字体: 904 / 18213 (5.0%)
PSD模板: 445 / 445 (100.0%)
状态: ❌ 需要重启
[Sun Aug  2 04:38:28 CST 2026] ⚠️ 服务异常，等待恢复...
=== 2026-08-02 04:38:28 ===
字体: 904 / 18213 (5.0%)
PSD模板: 445 / 445 (100.0%)
状态: ❌ 需要重启
[Sun Aug  2 04:39:28 CST 2026] ⚠️ 服务异常，等待恢复...
=== 2026-08-02 04:39:28 ===
字体: 904 / 18213 (5.0%)
PSD模板: 445 / 445 (100.0%)
状态: ❌ 需要重启
[Sun Aug  2 04:40:28 CST 2026] ⚠️ 服务异常，等待恢复...
=== 2026-08-02 04:40:28 ===
字体: 904 / 18213 (5.0%)
PSD模板: 445 / 445 (100.0%)
状态: ❌ 需要重启
[Sun Aug  2 04:41:28 CST 2026] ⚠️ 服务异常，等待恢复...
=== 2026-08-02 04:41:28 ===
字体: 904 / 18213 (5.0%)
PSD模板: 445 / 445 (100.0%)
状态: ❌ 需要重启
[Sun Aug  2 04:42:28 CST 2026] ⚠️ 服务异常，等待恢复...
=== 2026-08-02 04:42:28 ===
字体: 904 / 18213 (5.0%)
PSD模板: 445 / 445 (100.0%)
状态: ❌ 需要重启
[Sun Aug  2 04:43:29 CST 2026] ⚠️ 服务异常，等待恢复...
=== 2026-08-02 04:43:29 ===
字体: 904 / 18213 (5.0%)
PSD模板: 445 / 445 (100.0%)
状态: ❌ 需要重启
[Sun Aug  2 04:44:29 CST 2026] ⚠️ 服务异常，等待恢复...
=== 2026-08-02 04:44:29 ===
字体: 904 / 18213 (5.0%)
PSD模板: 445 / 445 (100.0%)
状态: ❌ 需要重启
[Sun Aug  2 04:45:29 CST 2026] ⚠️ 服务异常，等待恢复...
=== 2026-08-02 04:45:29 ===
字体: 904 / 18213 (5.0%)
PSD模板: 445 / 445 (100.0%)
状态: ❌ 需要重启
[Sun Aug  2 04:46:29 CST 2026] ⚠️ 服务异常，等待恢复...
=== 2026-08-02 04:46:29 ===
字体: 904 / 18213 (5.0%)
PSD模板: 445 / 445 (100.0%)
状态: ❌ 需要重启
[Sun Aug  2 04:47:29 CST 2026] ⚠️ 服务异常，等待恢复...
=== 2026-08-02 04:47:29 ===
字体: 904 / 18213 (5.0%)
PSD模板: 445 / 445 (100.0%)
状态: ❌ 需要重启
[Sun Aug  2 04:48:29 CST 2026] ⚠️ 服务异常，等待恢复...
=== 2026-08-02 04:48:29 ===
字体: 904 / 18213 (5.0%)
PSD模板: 445 / 445 (100.0%)
状态: ❌ 需要重启
[Sun Aug  2 04:49:29 CST 2026] ⚠️ 服务异常，等待恢复...
=== 2026-08-02 04:49:29 ===
字体: 904 / 18213 (5.0%)
PSD模板: 445 / 445 (100.0%)
状态: ❌ 需要重启
[Sun Aug  2 04:50:29 CST 2026] ⚠️ 服务异常，等待恢复...
=== 2026-08-02 04:50:29 ===
字体: 904 / 18213 (5.0%)
PSD模板: 445 / 445 (100.0%)
状态: ❌ 需要重启
[Sun Aug  2 04:51:29 CST 2026] ⚠️ 服务异常，等待恢复...
=== 2026-08-02 04:51:29 ===
字体: 904 / 18213 (5.0%)
PSD模板: 445 / 445 (100.0%)
状态: ❌ 需要重启
[Sun Aug  2 04:52:30 CST 2026] ⚠️ 服务异常，等待恢复...
=== 2026-08-02 04:52:30 ===
字体: 904 / 18213 (5.0%)
PSD模板: 445 / 445 (100.0%)
状态: ❌ 需要重启
[Sun Aug  2 04:53:30 CST 2026] ⚠️ 服务异常，等待恢复...
=== 2026-08-02 04:53:30 ===
字体: 904 / 18213 (5.0%)
PSD模板: 445 / 445 (100.0%)
状态: ❌ 需要重启
[Sun Aug  2 04:54:30 CST 2026] ⚠️ 服务异常，等待恢复...
=== 2026-08-02 04:54:30 ===
字体: 904 / 18213 (5.0%)
PSD模板: 445 / 445 (100.0%)
状态: ❌ 需要重启
[Sun Aug  2 04:55:30 CST 2026] ⚠️ 服务异常，等待恢复...
=== 2026-08-02 04:55:30 ===
字体: 904 / 18213 (5.0%)
PSD模板: 445 / 445 (100.0%)
状态: ❌ 需要重启
[Sun Aug  2 04:56:30 CST 2026] ⚠️ 服务异常，等待恢复...
=== 2026-08-02 04:56:30 ===
字体: 904 / 18213 (5.0%)
PSD模板: 445 / 445 (100.0%)
状态: ❌ 需要重启
[Sun Aug  2 04:57:30 CST 2026] ⚠️ 服务异常，等待恢复...
=== 2026-08-02 04:57:30 ===
字体: 904 / 18213 (5.0%)
PSD模板: 445 / 445 (100.0%)
状态: ❌ 需要重启
[Sun Aug  2 04:58:30 CST 2026] ⚠️ 服务异常，等待恢复...
=== 2026-08-02 04:58:30 ===
字体: 904 / 18213 (5.0%)
PSD模板: 445 / 445 (100.0%)
状态: ❌ 需要重启
[Sun Aug  2 04:59:30 CST 2026] ⚠️ 服务异常，等待恢复...
=== 2026-08-02 04:59:30 ===
字体: 904 / 18213 (5.0%)
PSD模板: 445 / 445 (100.0%)
状态: ❌ 需要重启
[Sun Aug  2 05:00:30 CST 2026] ⚠️ 服务异常，等待恢复...
=== 2026-08-02 05:00:30 ===
字体: 904 / 18213 (5.0%)
PSD模板: 445 / 445 (100.0%)
状态: ❌ 需要重启
[Sun Aug  2 05:01:31 CST 2026] ⚠️ 服务异常，等待恢复...
=== 2026-08-02 05:01:31 ===
字体: 904 / 18213 (5.0%)
PSD模板: 445 / 445 (100.0%)
状态: ❌ 需要重启
[Sun Aug  2 05:02:31 CST 2026] ⚠️ 服务异常，等待恢复...
=== 2026-08-02 05:02:31 ===
字体: 904 / 18213 (5.0%)
PSD模板: 445 / 445 (100.0%)
状态: ❌ 需要重启
[Sun Aug  2 05:03:31 CST 2026] ⚠️ 服务异常，等待恢复...
=== 2026-08-02 05:03:31 ===
字体: 904 / 18213 (5.0%)
PSD模板: 445 / 445 (100.0%)
状态: ❌ 需要重启
[Sun Aug  2 05:04:31 CST 2026] ⚠️ 服务异常，等待恢复...
=== 2026-08-02 05:04:31 ===
字体: 904 / 18213 (5.0%)
PSD模板: 445 / 445 (100.0%)
状态: ❌ 需要重启
[Sun Aug  2 05:05:31 CST 2026] ⚠️ 服务异常，等待恢复...
=== 2026-08-02 05:05:31 ===
字体: 904 / 18213 (5.0%)
PSD模板: 445 / 445 (100.0%)
状态: ❌ 需要重启
[Sun Aug  2 05:06:31 CST 2026] ⚠️ 服务异常，等待恢复...
=== 2026-08-02 05:06:31 ===
字体: 904 / 18213 (5.0%)
PSD模板: 445 / 445 (100.0%)
状态: ❌ 需要重启
[Sun Aug  2 05:07:31 CST 2026] ⚠️ 服务异常，等待恢复...
=== 2026-08-02 05:07:31 ===
字体: 904 / 18213 (5.0%)
PSD模板: 445 / 445 (100.0%)
状态: ❌ 需要重启
[Sun Aug  2 05:08:31 CST 2026] ⚠️ 服务异常，等待恢复...
=== 2026-08-02 05:08:31 ===
字体: 904 / 18213 (5.0%)
PSD模板: 445 / 445 (100.0%)
状态: ❌ 需要重启
[Sun Aug  2 05:09:32 CST 2026] ⚠️ 服务异常，等待恢复...
=== 2026-08-02 05:09:32 ===
字体: 904 / 18213 (5.0%)
PSD模板: 445 / 445 (100.0%)
状态: ❌ 需要重启
[Sun Aug  2 05:10:32 CST 2026] ⚠️ 服务异常，等待恢复...
=== 2026-08-02 05:10:32 ===
字体: 904 / 18213 (5.0%)
PSD模板: 445 / 445 (100.0%)
状态: ❌ 需要重启
[Sun Aug  2 05:11:32 CST 2026] ⚠️ 服务异常，等待恢复...
=== 2026-08-02 05:11:32 ===
字体: 904 / 18213 (5.0%)
PSD模板: 445 / 445 (100.0%)
状态: ❌ 需要重启
[Sun Aug  2 05:12:32 CST 2026] ⚠️ 服务异常，等待恢复...
=== 2026-08-02 05:12:32 ===
字体: 904 / 18213 (5.0%)
PSD模板: 445 / 445 (100.0%)
状态: ❌ 需要重启
[Sun Aug  2 05:13:32 CST 2026] ⚠️ 服务异常，等待恢复...
=== 2026-08-02 05:13:32 ===
字体: 904 / 18213 (5.0%)
PSD模板: 445 / 445 (100.0%)
状态: ❌ 需要重启
[Sun Aug  2 05:14:32 CST 2026] ⚠️ 服务异常，等待恢复...
=== 2026-08-02 05:14:32 ===
字体: 904 / 18213 (5.0%)
PSD模板: 445 / 445 (100.0%)
状态: ❌ 需要重启
[Sun Aug  2 05:15:32 CST 2026] ⚠️ 服务异常，等待恢复...
=== 2026-08-02 05:15:32 ===
字体: 904 / 18213 (5.0%)
PSD模板: 445 / 445 (100.0%)
状态: ❌ 需要重启
[Sun Aug  2 05:16:33 CST 2026] 🔄 脚本未运行，正在重启...
[Sun Aug  2 05:16:33 CST 2026] ✅ 脚本已重启，PID: 97730
=== 2026-08-02 05:16:33 ===
字体: 904 / 18213 (5.0%)
PSD模板: 445 / 445 (100.0%)
状态: ✅ 运行中
=== 2026-08-02 05:17:33 ===
字体: 1022 / 18213 (5.6%)
PSD模板: 445 / 445 (100.0%)
状态: ✅ 运行中
=== 2026-08-02 05:18:33 ===
字体: 1126 / 18213 (6.2%)
PSD模板: 445 / 445 (100.0%)
状态: ✅ 运行中
=== 2026-08-02 05:19:34 ===
字体: 1248 / 18213 (6.9%)
PSD模板: 445 / 445 (100.0%)
状态: ✅ 运行中
=== 2026-08-02 05:20:34 ===
字体: 1370 / 18213 (7.5%)
PSD模板: 445 / 445 (100.0%)
状态: ✅ 运行中
=== 2026-08-02 05:21:34 ===
字体: 1509 / 18213 (8.3%)
PSD模板: 445 / 445 (100.0%)
状态: ✅ 运行中
=== 2026-08-02 05:22:35 ===
字体: 1605 / 18213 (8.8%)
PSD模板: 445 / 445 (100.0%)
状态: ✅ 运行中
=== 2026-08-02 05:23:35 ===
字体: 1717 / 18213 (9.4%)
PSD模板: 445 / 445 (100.0%)
状态: ✅ 运行中
=== 2026-08-02 05:24:36 ===
字体: 1878 / 18213 (10.3%)
PSD模板: 445 / 445 (100.0%)
状态: ✅ 运行中
=== 2026-08-02 05:25:36 ===
字体: 1967 / 18213 (10.8%)
PSD模板: 445 / 445 (100.0%)
状态: ✅ 运行中
=== 2026-08-02 05:26:37 ===
字体: 2068 / 18213 (11.4%)
PSD模板: 445 / 445 (100.0%)
状态: ✅ 运行中
=== 2026-08-02 05:27:38 ===
字体: 2114 / 18213 (11.6%)
PSD模板: 445 / 445 (100.0%)
状态: ✅ 运行中
=== 2026-08-02 05:28:38 ===
字体: 2168 / 18213 (11.9%)
PSD模板: 445 / 445 (100.0%)
状态: ✅ 运行中
=== 2026-08-02 05:29:39 ===
字体: 2214 / 18213 (12.2%)
PSD模板: 445 / 445 (100.0%)
状态: ✅ 运行中
=== 2026-08-02 05:30:40 ===
字体: 2259 / 18213 (12.4%)
PSD模板: 445 / 445 (100.0%)
状态: ✅ 运行中
=== 2026-08-02 05:31:40 ===
字体: 2310 / 18213 (12.7%)
PSD模板: 445 / 445 (100.0%)
状态: ✅ 运行中
=== 2026-08-02 05:32:41 ===
字体: 2384 / 18213 (13.1%)
PSD模板: 445 / 445 (100.0%)
状态: ✅ 运行中
=== 2026-08-02 05:33:42 ===
字体: 2443 / 18213 (13.4%)
PSD模板: 445 / 445 (100.0%)
状态: ✅ 运行中
=== 2026-08-02 05:34:43 ===
字体: 2483 / 18213 (13.6%)
PSD模板: 445 / 445 (100.0%)
状态: ✅ 运行中
=== 2026-08-02 05:35:43 ===
字体: 2518 / 18213 (13.8%)
PSD模板: 445 / 445 (100.0%)
状态: ✅ 运行中
=== 2026-08-02 05:36:47 ===
字体: 2548 / 18213 (14.0%)
PSD模板: 445 / 445 (100.0%)
状态: ✅ 运行中
=== 2026-08-02 05:37:47 ===
字体: 2578 / 18213 (14.2%)
PSD模板: 445 / 445 (100.0%)
状态: ✅ 运行中
=== 2026-08-02 05:38:48 ===
字体: 2608 / 18213 (14.3%)
PSD模板: 445 / 445 (100.0%)
状态: ✅ 运行中
=== 2026-08-02 05:39:48 ===
字体: 2638 / 18213 (14.5%)
PSD模板: 445 / 445 (100.0%)
状态: ✅ 运行中
=== 2026-08-02 05:40:49 ===
字体: 2668 / 18213 (14.6%)
PSD模板: 445 / 445 (100.0%)
状态: ✅ 运行中
=== 2026-08-02 05:41:49 ===
字体: 2703 / 18213 (14.8%)
PSD模板: 445 / 445 (100.0%)
状态: ✅ 运行中
=== 2026-08-02 05:42:50 ===
字体: 2728 / 18213 (15.0%)
PSD模板: 445 / 445 (100.0%)
状态: ✅ 运行中
=== 2026-08-02 05:43:50 ===
字体: 2768 / 18213 (15.2%)
PSD模板: 445 / 445 (100.0%)
状态: ✅ 运行中
=== 2026-08-02 05:44:50 ===
字体: 2798 / 18213 (15.4%)
PSD模板: 445 / 445 (100.0%)
状态: ✅ 运行中
=== 2026-08-02 05:45:51 ===
字体: 2833 / 18213 (15.6%)
PSD模板: 445 / 445 (100.0%)
状态: ✅ 运行中
=== 2026-08-02 05:46:51 ===
字体: 2911 / 18213 (16.0%)
PSD模板: 445 / 445 (100.0%)
状态: ✅ 运行中
=== 2026-08-02 05:47:52 ===
字体: 2946 / 18213 (16.2%)
PSD模板: 445 / 445 (100.0%)
状态: ✅ 运行中
=== 2026-08-02 05:48:52 ===
字体: 2976 / 18213 (16.3%)
PSD模板: 445 / 445 (100.0%)
状态: ✅ 运行中
=== 2026-08-02 05:49:53 ===
字体: 3032 / 18213 (16.6%)
PSD模板: 445 / 445 (100.0%)
状态: ✅ 运行中
=== 2026-08-02 05:50:54 ===
字体: 3082 / 18213 (16.9%)
PSD模板: 445 / 445 (100.0%)
状态: ✅ 运行中
=== 2026-08-02 05:51:54 ===
字体: 3126 / 18213 (17.2%)
PSD模板: 445 / 445 (100.0%)
状态: ✅ 运行中
=== 2026-08-02 05:52:55 ===
字体: 3160 / 18213 (17.4%)
PSD模板: 445 / 445 (100.0%)
状态: ✅ 运行中
=== 2026-08-02 05:53:56 ===
字体: 3200 / 18213 (17.6%)
PSD模板: 445 / 445 (100.0%)
状态: ✅ 运行中
=== 2026-08-02 05:54:56 ===
字体: 3225 / 18213 (17.7%)
PSD模板: 445 / 445 (100.0%)
状态: ✅ 运行中
=== 2026-08-02 05:55:57 ===
字体: 3275 / 18213 (18.0%)
PSD模板: 445 / 445 (100.0%)
状态: ✅ 运行中
=== 2026-08-02 05:56:58 ===
字体: 3305 / 18213 (18.1%)
PSD模板: 445 / 445 (100.0%)
状态: ✅ 运行中
=== 2026-08-02 05:57:58 ===
字体: 3330 / 18213 (18.3%)
PSD模板: 445 / 445 (100.0%)
状态: ✅ 运行中
=== 2026-08-02 05:58:59 ===
字体: 3360 / 18213 (18.4%)
PSD模板: 445 / 445 (100.0%)
状态: ✅ 运行中
=== 2026-08-02 05:59:59 ===
字体: 3395 / 18213 (18.6%)
PSD模板: 445 / 445 (100.0%)
状态: ✅ 运行中
=== 2026-08-02 06:00:59 ===
字体: 3430 / 18213 (18.8%)
PSD模板: 445 / 445 (100.0%)
状态: ✅ 运行中
=== 2026-08-02 06:02:00 ===
字体: 3465 / 18213 (19.0%)
PSD模板: 445 / 445 (100.0%)
状态: ✅ 运行中
=== 2026-08-02 06:03:00 ===
字体: 3500 / 18213 (19.2%)
PSD模板: 445 / 445 (100.0%)
状态: ✅ 运行中
=== 2026-08-02 06:04:01 ===
字体: 3545 / 18213 (19.5%)
PSD模板: 445 / 445 (100.0%)
状态: ✅ 运行中
=== 2026-08-02 06:05:01 ===
字体: 3592 / 18213 (19.7%)
PSD模板: 445 / 445 (100.0%)
状态: ✅ 运行中
=== 2026-08-02 06:06:01 ===
字体: 3648 / 18213 (20.0%)
PSD模板: 445 / 445 (100.0%)
状态: ✅ 运行中
=== 2026-08-02 06:07:02 ===
字体: 3697 / 18213 (20.3%)
PSD模板: 445 / 445 (100.0%)
状态: ✅ 运行中
=== 2026-08-02 06:08:02 ===
字体: 3737 / 18213 (20.5%)
PSD模板: 445 / 445 (100.0%)
状态: ✅ 运行中
=== 2026-08-02 06:09:02 ===
字体: 3767 / 18213 (20.7%)
PSD模板: 445 / 445 (100.0%)
状态: ✅ 运行中
=== 2026-08-02 06:10:03 ===
字体: 3807 / 18213 (20.9%)
PSD模板: 445 / 445 (100.0%)
状态: ✅ 运行中
=== 2026-08-02 06:11:03 ===
字体: 3837 / 18213 (21.1%)
PSD模板: 445 / 445 (100.0%)
状态: ✅ 运行中
=== 2026-08-02 06:12:04 ===
字体: 3867 / 18213 (21.2%)
PSD模板: 445 / 445 (100.0%)
状态: ✅ 运行中
=== 2026-08-02 06:13:04 ===
字体: 3892 / 18213 (21.4%)
PSD模板: 445 / 445 (100.0%)
状态: ✅ 运行中
=== 2026-08-02 06:14:04 ===
字体: 3922 / 18213 (21.5%)
PSD模板: 445 / 445 (100.0%)
状态: ✅ 运行中
=== 2026-08-02 06:15:05 ===
字体: 3957 / 18213 (21.7%)
PSD模板: 445 / 445 (100.0%)
状态: ✅ 运行中
=== 2026-08-02 06:16:05 ===
字体: 3987 / 18213 (21.9%)
PSD模板: 445 / 445 (100.0%)
状态: ✅ 运行中
=== 2026-08-02 06:17:05 ===
字体: 4017 / 18213 (22.1%)
PSD模板: 445 / 445 (100.0%)
状态: ✅ 运行中
=== 2026-08-02 06:18:06 ===
字体: 4037 / 18213 (22.2%)
PSD模板: 445 / 445 (100.0%)
状态: ✅ 运行中
=== 2026-08-02 06:19:06 ===
字体: 4057 / 18213 (22.3%)
PSD模板: 445 / 445 (100.0%)
状态: ✅ 运行中
=== 2026-08-02 06:20:07 ===
字体: 4077 / 18213 (22.4%)
PSD模板: 445 / 445 (100.0%)
状态: ✅ 运行中
=== 2026-08-02 06:21:07 ===
字体: 4097 / 18213 (22.5%)
PSD模板: 445 / 445 (100.0%)
状态: ✅ 运行中
=== 2026-08-02 06:22:08 ===
字体: 4117 / 18213 (22.6%)
PSD模板: 445 / 445 (100.0%)
状态: ✅ 运行中
=== 2026-08-02 06:23:08 ===
字体: 4137 / 18213 (22.7%)
PSD模板: 445 / 445 (100.0%)
状态: ✅ 运行中
=== 2026-08-02 06:24:08 ===
字体: 4157 / 18213 (22.8%)
PSD模板: 445 / 445 (100.0%)
状态: ✅ 运行中
=== 2026-08-02 06:25:09 ===
字体: 4172 / 18213 (22.9%)
PSD模板: 445 / 445 (100.0%)
状态: ✅ 运行中
=== 2026-08-02 06:26:09 ===
字体: 4187 / 18213 (23.0%)
PSD模板: 445 / 445 (100.0%)
状态: ✅ 运行中
=== 2026-08-02 06:27:09 ===
字体: 4207 / 18213 (23.1%)
PSD模板: 445 / 445 (100.0%)
状态: ✅ 运行中
=== 2026-08-02 06:28:10 ===
字体: 4227 / 18213 (23.2%)
PSD模板: 445 / 445 (100.0%)
状态: ✅ 运行中
=== 2026-08-02 06:29:11 ===
字体: 4247 / 18213 (23.3%)
PSD模板: 445 / 445 (100.0%)
状态: ✅ 运行中
=== 2026-08-02 06:30:11 ===
字体: 4267 / 18213 (23.4%)
PSD模板: 445 / 445 (100.0%)
状态: ✅ 运行中
=== 2026-08-02 06:31:11 ===
字体: 4292 / 18213 (23.6%)
PSD模板: 445 / 445 (100.0%)
状态: ✅ 运行中
=== 2026-08-02 06:32:12 ===
字体: 4312 / 18213 (23.7%)
PSD模板: 445 / 445 (100.0%)
状态: ✅ 运行中
=== 2026-08-02 06:33:13 ===
字体: 4332 / 18213 (23.8%)
PSD模板: 445 / 445 (100.0%)
状态: ✅ 运行中
[Sun Aug  2 06:34:14 CST 2026] ⚠️ 服务异常，等待恢复...
=== 2026-08-02 06:34:14 ===
字体: 4351 / 18213 (23.9%)
PSD模板: 445 / 445 (100.0%)
状态: ✅ 运行中
=== 2026-08-02 06:35:14 ===
字体: 4381 / 18213 (24.1%)
PSD模板: 445 / 445 (100.0%)
状态: ✅ 运行中
=== 2026-08-02 06:36:15 ===
字体: 4416 / 18213 (24.2%)
PSD模板: 445 / 445 (100.0%)
状态: ✅ 运行中
=== 2026-08-02 06:37:15 ===
字体: 4448 / 18213 (24.4%)
PSD模板: 445 / 445 (100.0%)
状态: ✅ 运行中
=== 2026-08-02 06:38:15 ===
字体: 4475 / 18213 (24.6%)
PSD模板: 445 / 445 (100.0%)
状态: ✅ 运行中
=== 2026-08-02 06:39:16 ===
字体: 4507 / 18213 (24.7%)
PSD模板: 445 / 445 (100.0%)
状态: ✅ 运行中
=== 2026-08-02 06:40:16 ===
字体: 4527 / 18213 (24.9%)
PSD模板: 445 / 445 (100.0%)
状态: ✅ 运行中
=== 2026-08-02 06:41:17 ===
字体: 4552 / 18213 (25.0%)
PSD模板: 445 / 445 (100.0%)
状态: ✅ 运行中
=== 2026-08-02 06:42:17 ===
字体: 4572 / 18213 (25.1%)
PSD模板: 445 / 445 (100.0%)
状态: ✅ 运行中
=== 2026-08-02 06:43:17 ===
字体: 4597 / 18213 (25.2%)
PSD模板: 445 / 445 (100.0%)
状态: ✅ 运行中
=== 2026-08-02 06:44:18 ===
字体: 4617 / 18213 (25.4%)
PSD模板: 445 / 445 (100.0%)
状态: ✅ 运行中
=== 2026-08-02 06:45:18 ===
字体: 4637 / 18213 (25.5%)
PSD模板: 445 / 445 (100.0%)
状态: ✅ 运行中
=== 2026-08-02 06:46:19 ===
字体: 4662 / 18213 (25.6%)
PSD模板: 445 / 445 (100.0%)
状态: ✅ 运行中
=== 2026-08-02 06:47:19 ===
字体: 4682 / 18213 (25.7%)
PSD模板: 445 / 445 (100.0%)
状态: ✅ 运行中
=== 2026-08-02 06:48:19 ===
字体: 4707 / 18213 (25.8%)
PSD模板: 445 / 445 (100.0%)
状态: ✅ 运行中
=== 2026-08-02 06:49:20 ===
字体: 4727 / 18213 (26.0%)
PSD模板: 445 / 445 (100.0%)
状态: ✅ 运行中
=== 2026-08-02 06:50:20 ===
字体: 4747 / 18213 (26.1%)
PSD模板: 445 / 445 (100.0%)
状态: ✅ 运行中
=== 2026-08-02 06:51:21 ===
字体: 4767 / 18213 (26.2%)
PSD模板: 445 / 445 (100.0%)
状态: ✅ 运行中
=== 2026-08-02 06:52:21 ===
字体: 4792 / 18213 (26.3%)
PSD模板: 445 / 445 (100.0%)
状态: ✅ 运行中
=== 2026-08-02 06:53:21 ===
字体: 4812 / 18213 (26.4%)
PSD模板: 445 / 445 (100.0%)
状态: ✅ 运行中
=== 2026-08-02 06:54:22 ===
字体: 4837 / 18213 (26.6%)
PSD模板: 445 / 445 (100.0%)
状态: ✅ 运行中
=== 2026-08-02 06:55:22 ===
字体: 4857 / 18213 (26.7%)
PSD模板: 445 / 445 (100.0%)
状态: ✅ 运行中
=== 2026-08-02 06:56:23 ===
字体: 4877 / 18213 (26.8%)
PSD模板: 445 / 445 (100.0%)
状态: ✅ 运行中
=== 2026-08-02 06:57:23 ===
字体: 4902 / 18213 (26.9%)
PSD模板: 445 / 445 (100.0%)
状态: ✅ 运行中
=== 2026-08-02 06:58:23 ===
字体: 4922 / 18213 (27.0%)
PSD模板: 445 / 445 (100.0%)
状态: ✅ 运行中
=== 2026-08-02 06:59:24 ===
字体: 4949 / 18213 (27.2%)
PSD模板: 445 / 445 (100.0%)
状态: ✅ 运行中
=== 2026-08-02 07:00:24 ===
字体: 4974 / 18213 (27.3%)
PSD模板: 445 / 445 (100.0%)
状态: ✅ 运行中
=== 2026-08-02 07:01:24 ===
字体: 5002 / 18213 (27.5%)
PSD模板: 445 / 445 (100.0%)
状态: ✅ 运行中
=== 2026-08-02 07:02:25 ===
字体: 5021 / 18213 (27.6%)
PSD模板: 445 / 445 (100.0%)
状态: ✅ 运行中
=== 2026-08-02 07:03:25 ===
字体: 5053 / 18213 (27.7%)
PSD模板: 445 / 445 (100.0%)
状态: ✅ 运行中
=== 2026-08-02 07:04:26 ===
字体: 5073 / 18213 (27.9%)
PSD模板: 445 / 445 (100.0%)
状态: ✅ 运行中
=== 2026-08-02 07:05:26 ===
字体: 5093 / 18213 (28.0%)
PSD模板: 445 / 445 (100.0%)
状态: ✅ 运行中
=== 2026-08-02 07:06:26 ===
字体: 5118 / 18213 (28.1%)
PSD模板: 445 / 445 (100.0%)
状态: ✅ 运行中
=== 2026-08-02 07:07:27 ===
字体: 5138 / 18213 (28.2%)
PSD模板: 445 / 445 (100.0%)
状态: ✅ 运行中
=== 2026-08-02 07:08:27 ===
字体: 5163 / 18213 (28.3%)
PSD模板: 445 / 445 (100.0%)
状态: ✅ 运行中
=== 2026-08-02 07:09:27 ===
字体: 5183 / 18213 (28.5%)
PSD模板: 445 / 445 (100.0%)
状态: ✅ 运行中
=== 2026-08-02 07:10:28 ===
字体: 5203 / 18213 (28.6%)
PSD模板: 445 / 445 (100.0%)
状态: ✅ 运行中
=== 2026-08-02 07:11:28 ===
字体: 5225 / 18213 (28.7%)
PSD模板: 445 / 445 (100.0%)
状态: ✅ 运行中
=== 2026-08-02 07:12:29 ===
字体: 5250 / 18213 (28.8%)
PSD模板: 445 / 445 (100.0%)
状态: ✅ 运行中
=== 2026-08-02 07:13:29 ===
字体: 5270 / 18213 (28.9%)
PSD模板: 445 / 445 (100.0%)
状态: ✅ 运行中
=== 2026-08-02 07:14:29 ===
字体: 5290 / 18213 (29.0%)
PSD模板: 445 / 445 (100.0%)
状态: ✅ 运行中
=== 2026-08-02 07:15:30 ===
字体: 5310 / 18213 (29.2%)
PSD模板: 445 / 445 (100.0%)
状态: ✅ 运行中
=== 2026-08-02 07:16:30 ===
字体: 5335 / 18213 (29.3%)
PSD模板: 445 / 445 (100.0%)
状态: ✅ 运行中
=== 2026-08-02 07:17:31 ===
字体: 5355 / 18213 (29.4%)
PSD模板: 445 / 445 (100.0%)
状态: ✅ 运行中
=== 2026-08-02 07:18:31 ===
字体: 5375 / 18213 (29.5%)
PSD模板: 445 / 445 (100.0%)
状态: ✅ 运行中
=== 2026-08-02 07:19:31 ===
字体: 5400 / 18213 (29.6%)
PSD模板: 445 / 445 (100.0%)
状态: ✅ 运行中
=== 2026-08-02 07:20:32 ===
字体: 5422 / 18213 (29.8%)
PSD模板: 445 / 445 (100.0%)
状态: ✅ 运行中
=== 2026-08-02 07:21:32 ===
字体: 5448 / 18213 (29.9%)
PSD模板: 445 / 445 (100.0%)
状态: ✅ 运行中
=== 2026-08-02 07:22:33 ===
字体: 5470 / 18213 (30.0%)
PSD模板: 445 / 445 (100.0%)
状态: ✅ 运行中
=== 2026-08-02 07:23:33 ===
字体: 5499 / 18213 (30.2%)
PSD模板: 445 / 445 (100.0%)
状态: ✅ 运行中
=== 2026-08-02 07:24:33 ===
字体: 5532 / 18213 (30.4%)
PSD模板: 445 / 445 (100.0%)
状态: ✅ 运行中
=== 2026-08-02 07:25:34 ===
字体: 5556 / 18213 (30.5%)
PSD模板: 445 / 445 (100.0%)
状态: ✅ 运行中
=== 2026-08-02 07:26:34 ===
字体: 5586 / 18213 (30.7%)
PSD模板: 445 / 445 (100.0%)
状态: ✅ 运行中
=== 2026-08-02 07:27:35 ===
字体: 5608 / 18213 (30.8%)
PSD模板: 445 / 445 (100.0%)
状态: ✅ 运行中
=== 2026-08-02 07:28:35 ===
字体: 5628 / 18213 (30.9%)
PSD模板: 445 / 445 (100.0%)
状态: ✅ 运行中
=== 2026-08-02 07:29:35 ===
字体: 5648 / 18213 (31.0%)
PSD模板: 445 / 445 (100.0%)
状态: ✅ 运行中
=== 2026-08-02 07:30:36 ===
字体: 5668 / 18213 (31.1%)
PSD模板: 445 / 445 (100.0%)
状态: ✅ 运行中
=== 2026-08-02 07:31:36 ===
字体: 5693 / 18213 (31.3%)
PSD模板: 445 / 445 (100.0%)
状态: ✅ 运行中
=== 2026-08-02 07:32:37 ===
字体: 5713 / 18213 (31.4%)
PSD模板: 445 / 445 (100.0%)
状态: ✅ 运行中
=== 2026-08-02 07:33:37 ===
字体: 5733 / 18213 (31.5%)
PSD模板: 445 / 445 (100.0%)
状态: ✅ 运行中
=== 2026-08-02 07:34:37 ===
字体: 5753 / 18213 (31.6%)
PSD模板: 445 / 445 (100.0%)
状态: ✅ 运行中
=== 2026-08-02 07:35:38 ===
字体: 5773 / 18213 (31.7%)
PSD模板: 445 / 445 (100.0%)
状态: ✅ 运行中
=== 2026-08-02 07:36:38 ===
字体: 5788 / 18213 (31.8%)
PSD模板: 445 / 445 (100.0%)
状态: ✅ 运行中
=== 2026-08-02 07:37:39 ===
字体: 5808 / 18213 (31.9%)
PSD模板: 445 / 445 (100.0%)
状态: ✅ 运行中
=== 2026-08-02 07:38:39 ===
字体: 5828 / 18213 (32.0%)
PSD模板: 445 / 445 (100.0%)
状态: ✅ 运行中
=== 2026-08-02 07:39:40 ===
字体: 5853 / 18213 (32.1%)
PSD模板: 445 / 445 (100.0%)
状态: ✅ 运行中
=== 2026-08-02 07:40:40 ===
字体: 5873 / 18213 (32.2%)
PSD模板: 445 / 445 (100.0%)
状态: ✅ 运行中
=== 2026-08-02 07:41:40 ===
字体: 5907 / 18213 (32.4%)
PSD模板: 445 / 445 (100.0%)
状态: ✅ 运行中
=== 2026-08-02 07:42:41 ===
字体: 5937 / 18213 (32.6%)
PSD模板: 445 / 445 (100.0%)
状态: ✅ 运行中
=== 2026-08-02 07:43:41 ===
字体: 5968 / 18213 (32.8%)
PSD模板: 445 / 445 (100.0%)
状态: ✅ 运行中
=== 2026-08-02 07:44:41 ===
字体: 5994 / 18213 (32.9%)
PSD模板: 445 / 445 (100.0%)
状态: ✅ 运行中
=== 2026-08-02 07:45:42 ===
字体: 6027 / 18213 (33.1%)
PSD模板: 445 / 445 (100.0%)
状态: ✅ 运行中
=== 2026-08-02 07:46:42 ===
字体: 6056 / 18213 (33.3%)
PSD模板: 445 / 445 (100.0%)
状态: ✅ 运行中
=== 2026-08-02 07:47:43 ===
字体: 6085 / 18213 (33.4%)
PSD模板: 445 / 445 (100.0%)
状态: ✅ 运行中
=== 2026-08-02 07:48:43 ===
字体: 6113 / 18213 (33.6%)
PSD模板: 445 / 445 (100.0%)
状态: ✅ 运行中
=== 2026-08-02 07:49:44 ===
字体: 6140 / 18213 (33.7%)
PSD模板: 445 / 445 (100.0%)
状态: ✅ 运行中
=== 2026-08-02 07:50:44 ===
字体: 6169 / 18213 (33.9%)
PSD模板: 445 / 445 (100.0%)
状态: ✅ 运行中
=== 2026-08-02 07:51:44 ===
字体: 6200 / 18213 (34.0%)
PSD模板: 445 / 445 (100.0%)
状态: ✅ 运行中
=== 2026-08-02 07:52:45 ===
字体: 6229 / 18213 (34.2%)
PSD模板: 445 / 445 (100.0%)
状态: ✅ 运行中
=== 2026-08-02 07:53:45 ===
字体: 6254 / 18213 (34.3%)
PSD模板: 445 / 445 (100.0%)
状态: ✅ 运行中
=== 2026-08-02 07:54:46 ===
字体: 6280 / 18213 (34.5%)
PSD模板: 445 / 445 (100.0%)
状态: ✅ 运行中
=== 2026-08-02 07:55:46 ===
字体: 6314 / 18213 (34.7%)
PSD模板: 445 / 445 (100.0%)
状态: ✅ 运行中
=== 2026-08-02 07:56:46 ===
字体: 6345 / 18213 (34.8%)
PSD模板: 445 / 445 (100.0%)
状态: ✅ 运行中
=== 2026-08-02 07:57:47 ===
字体: 6370 / 18213 (35.0%)
PSD模板: 445 / 445 (100.0%)
状态: ✅ 运行中
=== 2026-08-02 07:58:47 ===
字体: 6403 / 18213 (35.2%)
PSD模板: 445 / 445 (100.0%)
状态: ✅ 运行中
=== 2026-08-02 07:59:48 ===
字体: 6434 / 18213 (35.3%)
PSD模板: 445 / 445 (100.0%)
状态: ✅ 运行中
=== 2026-08-02 08:00:48 ===
字体: 6475 / 18213 (35.6%)
PSD模板: 445 / 445 (100.0%)
状态: ✅ 运行中
=== 2026-08-02 08:01:49 ===
字体: 6513 / 18213 (35.8%)
PSD模板: 445 / 445 (100.0%)
状态: ✅ 运行中
=== 2026-08-02 08:02:49 ===
字体: 6547 / 18213 (35.9%)
PSD模板: 445 / 445 (100.0%)
状态: ✅ 运行中
=== 2026-08-02 08:03:49 ===
字体: 6575 / 18213 (36.1%)
PSD模板: 445 / 445 (100.0%)
状态: ✅ 运行中
=== 2026-08-02 08:04:50 ===
字体: 6614 / 18213 (36.3%)
PSD模板: 445 / 445 (100.0%)
状态: ✅ 运行中
=== 2026-08-02 08:05:50 ===
字体: 6643 / 18213 (36.5%)
PSD模板: 445 / 445 (100.0%)
状态: ✅ 运行中
=== 2026-08-02 08:06:51 ===
字体: 6672 / 18213 (36.6%)
PSD模板: 445 / 445 (100.0%)
状态: ✅ 运行中
=== 2026-08-02 08:07:51 ===
字体: 6704 / 18213 (36.8%)
PSD模板: 445 / 445 (100.0%)
状态: ✅ 运行中
=== 2026-08-02 08:08:51 ===
字体: 6740 / 18213 (37.0%)
PSD模板: 445 / 445 (100.0%)
状态: ✅ 运行中
=== 2026-08-02 08:09:52 ===
字体: 6764 / 18213 (37.1%)
PSD模板: 445 / 445 (100.0%)
状态: ✅ 运行中
=== 2026-08-02 08:10:52 ===
字体: 6792 / 18213 (37.3%)
PSD模板: 445 / 445 (100.0%)
状态: ✅ 运行中
=== 2026-08-02 08:11:53 ===
字体: 6822 / 18213 (37.5%)
PSD模板: 445 / 445 (100.0%)
状态: ✅ 运行中
=== 2026-08-02 08:12:53 ===
字体: 6853 / 18213 (37.6%)
PSD模板: 445 / 445 (100.0%)
状态: ✅ 运行中
=== 2026-08-02 08:13:53 ===
字体: 6878 / 18213 (37.8%)
PSD模板: 445 / 445 (100.0%)
状态: ✅ 运行中
=== 2026-08-02 08:14:54 ===
字体: 6901 / 18213 (37.9%)
PSD模板: 445 / 445 (100.0%)
状态: ✅ 运行中
=== 2026-08-02 08:15:54 ===
字体: 6929 / 18213 (38.0%)
PSD模板: 445 / 445 (100.0%)
状态: ✅ 运行中
=== 2026-08-02 08:16:55 ===
字体: 6953 / 18213 (38.2%)
PSD模板: 445 / 445 (100.0%)
状态: ✅ 运行中
=== 2026-08-02 08:17:55 ===
字体: 6976 / 18213 (38.3%)
PSD模板: 445 / 445 (100.0%)
状态: ✅ 运行中
=== 2026-08-02 08:18:55 ===
字体: 7000 / 18213 (38.4%)
PSD模板: 445 / 445 (100.0%)
状态: ✅ 运行中
=== 2026-08-02 08:19:56 ===
字体: 7024 / 18213 (38.6%)
PSD模板: 445 / 445 (100.0%)
状态: ✅ 运行中
=== 2026-08-02 08:20:57 ===
字体: 7046 / 18213 (38.7%)
PSD模板: 445 / 445 (100.0%)
状态: ✅ 运行中
=== 2026-08-02 08:21:57 ===
字体: 7074 / 18213 (38.8%)
PSD模板: 445 / 445 (100.0%)
状态: ✅ 运行中
=== 2026-08-02 08:22:58 ===
字体: 7104 / 18213 (39.0%)
PSD模板: 445 / 445 (100.0%)
状态: ✅ 运行中
=== 2026-08-02 08:23:58 ===
字体: 7131 / 18213 (39.2%)
PSD模板: 445 / 445 (100.0%)
状态: ✅ 运行中
=== 2026-08-02 08:24:59 ===
字体: 7159 / 18213 (39.3%)
PSD模板: 445 / 445 (100.0%)
状态: ✅ 运行中
=== 2026-08-02 08:25:59 ===
字体: 7179 / 18213 (39.4%)
PSD模板: 445 / 445 (100.0%)
状态: ✅ 运行中
=== 2026-08-02 08:27:00 ===
字体: 7199 / 18213 (39.5%)
PSD模板: 445 / 445 (100.0%)
状态: ✅ 运行中
=== 2026-08-02 08:28:01 ===
字体: 7219 / 18213 (39.6%)
PSD模板: 445 / 445 (100.0%)
状态: ✅ 运行中
=== 2026-08-02 08:29:01 ===
字体: 7244 / 18213 (39.8%)
PSD模板: 445 / 445 (100.0%)
状态: ✅ 运行中
=== 2026-08-02 08:30:02 ===
字体: 7264 / 18213 (39.9%)
PSD模板: 445 / 445 (100.0%)
状态: ✅ 运行中
=== 2026-08-02 08:31:02 ===
字体: 7284 / 18213 (40.0%)
PSD模板: 445 / 445 (100.0%)
状态: ✅ 运行中
=== 2026-08-02 08:32:02 ===
字体: 7304 / 18213 (40.1%)
PSD模板: 445 / 445 (100.0%)
状态: ✅ 运行中
=== 2026-08-02 08:33:03 ===
字体: 7324 / 18213 (40.2%)
PSD模板: 445 / 445 (100.0%)
状态: ✅ 运行中
=== 2026-08-02 08:34:03 ===
字体: 7349 / 18213 (40.4%)
PSD模板: 445 / 445 (100.0%)
状态: ✅ 运行中
=== 2026-08-02 08:35:04 ===
字体: 7369 / 18213 (40.5%)
PSD模板: 445 / 445 (100.0%)
状态: ✅ 运行中
=== 2026-08-02 08:36:04 ===
字体: 7389 / 18213 (40.6%)
PSD模板: 445 / 445 (100.0%)
状态: ✅ 运行中
=== 2026-08-02 08:37:04 ===
字体: 7409 / 18213 (40.7%)
PSD模板: 445 / 445 (100.0%)
状态: ✅ 运行中
=== 2026-08-02 08:38:05 ===
字体: 7429 / 18213 (40.8%)
PSD模板: 445 / 445 (100.0%)
状态: ✅ 运行中
=== 2026-08-02 08:39:05 ===
字体: 7449 / 18213 (40.9%)
PSD模板: 445 / 445 (100.0%)
状态: ✅ 运行中
=== 2026-08-02 08:40:06 ===
字体: 7469 / 18213 (41.0%)
PSD模板: 445 / 445 (100.0%)
状态: ✅ 运行中
=== 2026-08-02 08:41:06 ===
字体: 7494 / 18213 (41.1%)
PSD模板: 445 / 445 (100.0%)
状态: ✅ 运行中
=== 2026-08-02 08:42:06 ===
字体: 7514 / 18213 (41.3%)
PSD模板: 445 / 445 (100.0%)
状态: ✅ 运行中
=== 2026-08-02 08:43:07 ===
字体: 7534 / 18213 (41.4%)
PSD模板: 445 / 445 (100.0%)
状态: ✅ 运行中
=== 2026-08-02 08:44:07 ===
字体: 7554 / 18213 (41.5%)
PSD模板: 445 / 445 (100.0%)
状态: ✅ 运行中
=== 2026-08-02 08:45:08 ===
字体: 7579 / 18213 (41.6%)
PSD模板: 445 / 445 (100.0%)
状态: ✅ 运行中
=== 2026-08-02 08:46:12 ===
字体: 7594 / 18213 (41.7%)
PSD模板: 445 / 445 (100.0%)
状态: ✅ 运行中
=== 2026-08-02 08:47:13 ===
字体: 7609 / 18213 (41.8%)
PSD模板: 445 / 445 (100.0%)
状态: ✅ 运行中
[Sun Aug  2 08:48:13 CST 2026] ⚠️ 服务异常，等待恢复...
=== 2026-08-02 08:48:13 ===
字体: 7629 / 18213 (41.9%)
PSD模板: 445 / 445 (100.0%)
状态: ✅ 运行中
=== 2026-08-02 08:49:14 ===
字体: 7648 / 18213 (42.0%)
PSD模板: 445 / 445 (100.0%)
状态: ✅ 运行中
=== 2026-08-02 08:50:14 ===
字体: 7668 / 18213 (42.1%)
PSD模板: 445 / 445 (100.0%)
状态: ✅ 运行中
=== 2026-08-02 08:51:14 ===
字体: 7693 / 18213 (42.2%)
PSD模板: 445 / 445 (100.0%)
状态: ✅ 运行中
=== 2026-08-02 08:52:16 ===
字体: 7713 / 18213 (42.3%)
PSD模板: 445 / 445 (100.0%)
状态: ✅ 运行中
=== 2026-08-02 08:53:16 ===
字体: 7733 / 18213 (42.5%)
PSD模板: 445 / 445 (100.0%)
状态: ✅ 运行中
=== 2026-08-02 08:54:16 ===
字体: 7753 / 18213 (42.6%)
PSD模板: 445 / 445 (100.0%)
状态: ✅ 运行中
=== 2026-08-02 08:55:17 ===
字体: 7773 / 18213 (42.7%)
PSD模板: 445 / 445 (100.0%)
状态: ✅ 运行中
=== 2026-08-02 08:56:17 ===
字体: 7793 / 18213 (42.8%)
PSD模板: 445 / 445 (100.0%)
状态: ✅ 运行中
=== 2026-08-02 08:57:18 ===
字体: 7813 / 18213 (42.9%)
PSD模板: 445 / 445 (100.0%)
状态: ✅ 运行中
=== 2026-08-02 08:58:18 ===
字体: 7838 / 18213 (43.0%)
PSD模板: 445 / 445 (100.0%)
状态: ✅ 运行中
=== 2026-08-02 08:59:19 ===
字体: 7858 / 18213 (43.1%)
PSD模板: 445 / 445 (100.0%)
状态: ✅ 运行中
=== 2026-08-02 09:00:19 ===
字体: 7873 / 18213 (43.2%)
PSD模板: 445 / 445 (100.0%)
状态: ✅ 运行中
=== 2026-08-02 09:01:20 ===
字体: 7898 / 18213 (43.4%)
PSD模板: 445 / 445 (100.0%)
状态: ✅ 运行中
=== 2026-08-02 09:02:20 ===
字体: 7918 / 18213 (43.5%)
PSD模板: 445 / 445 (100.0%)
状态: ✅ 运行中
=== 2026-08-02 09:03:21 ===
字体: 7938 / 18213 (43.6%)
PSD模板: 445 / 445 (100.0%)
状态: ✅ 运行中
=== 2026-08-02 09:04:21 ===
字体: 7955 / 18213 (43.7%)
PSD模板: 445 / 445 (100.0%)
状态: ✅ 运行中
=== 2026-08-02 09:05:21 ===
字体: 7975 / 18213 (43.8%)
PSD模板: 445 / 445 (100.0%)
状态: ✅ 运行中
=== 2026-08-02 09:06:22 ===
字体: 7995 / 18213 (43.9%)
PSD模板: 445 / 445 (100.0%)
状态: ✅ 运行中
=== 2026-08-02 09:07:22 ===
字体: 8015 / 18213 (44.0%)
PSD模板: 445 / 445 (100.0%)
状态: ✅ 运行中
=== 2026-08-02 09:08:23 ===
字体: 8035 / 18213 (44.1%)
PSD模板: 445 / 445 (100.0%)
状态: ✅ 运行中
=== 2026-08-02 09:09:23 ===
字体: 8055 / 18213 (44.2%)
PSD模板: 445 / 445 (100.0%)
状态: ✅ 运行中
=== 2026-08-02 09:10:23 ===
字体: 8075 / 18213 (44.3%)
PSD模板: 445 / 445 (100.0%)
状态: ✅ 运行中
=== 2026-08-02 09:11:24 ===
字体: 8100 / 18213 (44.5%)
PSD模板: 445 / 445 (100.0%)
状态: ✅ 运行中
=== 2026-08-02 09:12:24 ===
字体: 8120 / 18213 (44.6%)
PSD模板: 445 / 445 (100.0%)
状态: ✅ 运行中
=== 2026-08-02 09:13:25 ===
字体: 8140 / 18213 (44.7%)
PSD模板: 445 / 445 (100.0%)
状态: ✅ 运行中
=== 2026-08-02 09:14:25 ===
字体: 8165 / 18213 (44.8%)
PSD模板: 445 / 445 (100.0%)
状态: ✅ 运行中
=== 2026-08-02 09:15:26 ===
字体: 8185 / 18213 (44.9%)
PSD模板: 445 / 445 (100.0%)
状态: ✅ 运行中
=== 2026-08-02 09:16:26 ===
字体: 8205 / 18213 (45.1%)
PSD模板: 445 / 445 (100.0%)
状态: ✅ 运行中
=== 2026-08-02 09:17:27 ===
字体: 8225 / 18213 (45.2%)
PSD模板: 445 / 445 (100.0%)
状态: ✅ 运行中
=== 2026-08-02 09:18:28 ===
字体: 8245 / 18213 (45.3%)
PSD模板: 445 / 445 (100.0%)
状态: ✅ 运行中
=== 2026-08-02 09:19:28 ===
字体: 8270 / 18213 (45.4%)
PSD模板: 445 / 445 (100.0%)
状态: ✅ 运行中
=== 2026-08-02 09:20:29 ===
字体: 8279 / 18213 (45.5%)
PSD模板: 445 / 445 (100.0%)
状态: ✅ 运行中
=== 2026-08-02 09:21:29 ===
字体: 8299 / 18213 (45.6%)
PSD模板: 445 / 445 (100.0%)
状态: ✅ 运行中
=== 2026-08-02 09:22:30 ===
字体: 8319 / 18213 (45.7%)
PSD模板: 445 / 445 (100.0%)
状态: ✅ 运行中
=== 2026-08-02 09:23:30 ===
字体: 8339 / 18213 (45.8%)
PSD模板: 445 / 445 (100.0%)
状态: ✅ 运行中
=== 2026-08-02 09:24:31 ===
字体: 8359 / 18213 (45.9%)
PSD模板: 445 / 445 (100.0%)
状态: ✅ 运行中
=== 2026-08-02 09:25:31 ===
字体: 8384 / 18213 (46.0%)
PSD模板: 445 / 445 (100.0%)
状态: ✅ 运行中
=== 2026-08-02 09:26:31 ===
字体: 8404 / 18213 (46.1%)
PSD模板: 445 / 445 (100.0%)
状态: ✅ 运行中
=== 2026-08-02 09:27:32 ===
字体: 8424 / 18213 (46.3%)
PSD模板: 445 / 445 (100.0%)
状态: ✅ 运行中
=== 2026-08-02 09:28:32 ===
字体: 8459 / 18213 (46.4%)
PSD模板: 445 / 445 (100.0%)
状态: ✅ 运行中
=== 2026-08-02 09:29:33 ===
字体: 8489 / 18213 (46.6%)
PSD模板: 445 / 445 (100.0%)
状态: ✅ 运行中
=== 2026-08-02 09:30:33 ===
字体: 8521 / 18213 (46.8%)
PSD模板: 445 / 445 (100.0%)
状态: ✅ 运行中
=== 2026-08-02 09:31:33 ===
字体: 8557 / 18213 (47.0%)
PSD模板: 445 / 445 (100.0%)
状态: ✅ 运行中
=== 2026-08-02 09:32:34 ===
字体: 8603 / 18213 (47.2%)
PSD模板: 445 / 445 (100.0%)
状态: ✅ 运行中
=== 2026-08-02 09:33:34 ===
字体: 8632 / 18213 (47.4%)
PSD模板: 445 / 445 (100.0%)
状态: ✅ 运行中
=== 2026-08-02 09:34:35 ===
字体: 8663 / 18213 (47.6%)
PSD模板: 445 / 445 (100.0%)
状态: ✅ 运行中
=== 2026-08-02 09:35:35 ===
字体: 8688 / 18213 (47.7%)
PSD模板: 445 / 445 (100.0%)
状态: ✅ 运行中
=== 2026-08-02 09:36:35 ===
字体: 8725 / 18213 (47.9%)
PSD模板: 445 / 445 (100.0%)
状态: ✅ 运行中
=== 2026-08-02 09:37:36 ===
字体: 8752 / 18213 (48.1%)
PSD模板: 445 / 445 (100.0%)
状态: ✅ 运行中
=== 2026-08-02 09:38:36 ===
字体: 8781 / 18213 (48.2%)
PSD模板: 445 / 445 (100.0%)
状态: ✅ 运行中
=== 2026-08-02 09:39:37 ===
字体: 8820 / 18213 (48.4%)
PSD模板: 445 / 445 (100.0%)
状态: ✅ 运行中
=== 2026-08-02 09:40:37 ===
字体: 8848 / 18213 (48.6%)
PSD模板: 445 / 445 (100.0%)
状态: ✅ 运行中
=== 2026-08-02 09:41:38 ===
字体: 8868 / 18213 (48.7%)
PSD模板: 445 / 445 (100.0%)
状态: ✅ 运行中
=== 2026-08-02 09:42:38 ===
字体: 8893 / 18213 (48.8%)
PSD模板: 445 / 445 (100.0%)
状态: ✅ 运行中
=== 2026-08-02 09:43:38 ===
字体: 8913 / 18213 (48.9%)
PSD模板: 445 / 445 (100.0%)
状态: ✅ 运行中
=== 2026-08-02 09:44:39 ===
字体: 8933 / 18213 (49.0%)
PSD模板: 445 / 445 (100.0%)
状态: ✅ 运行中
=== 2026-08-02 09:45:39 ===
字体: 8958 / 18213 (49.2%)
PSD模板: 445 / 445 (100.0%)
状态: ✅ 运行中
=== 2026-08-02 09:46:40 ===
字体: 8978 / 18213 (49.3%)
PSD模板: 445 / 445 (100.0%)
状态: ✅ 运行中
=== 2026-08-02 09:47:40 ===
字体: 8998 / 18213 (49.4%)
PSD模板: 445 / 445 (100.0%)
状态: ✅ 运行中
=== 2026-08-02 09:48:40 ===
字体: 9018 / 18213 (49.5%)
PSD模板: 445 / 445 (100.0%)
状态: ✅ 运行中
=== 2026-08-02 09:49:41 ===
字体: 9043 / 18213 (49.7%)
PSD模板: 445 / 445 (100.0%)
状态: ✅ 运行中
=== 2026-08-02 09:50:41 ===
字体: 9063 / 18213 (49.8%)
PSD模板: 445 / 445 (100.0%)
状态: ✅ 运行中
=== 2026-08-02 09:51:42 ===
字体: 9083 / 18213 (49.9%)
PSD模板: 445 / 445 (100.0%)
状态: ✅ 运行中
=== 2026-08-02 09:52:42 ===
字体: 9103 / 18213 (50.0%)
PSD模板: 445 / 445 (100.0%)
状态: ✅ 运行中
=== 2026-08-02 09:53:42 ===
字体: 9128 / 18213 (50.1%)
PSD模板: 445 / 445 (100.0%)
状态: ✅ 运行中
=== 2026-08-02 09:54:43 ===
字体: 9148 / 18213 (50.2%)
PSD模板: 445 / 445 (100.0%)
状态: ✅ 运行中
=== 2026-08-02 09:55:43 ===
字体: 9168 / 18213 (50.3%)
PSD模板: 445 / 445 (100.0%)
状态: ✅ 运行中
=== 2026-08-02 09:56:43 ===
字体: 9188 / 18213 (50.4%)
PSD模板: 445 / 445 (100.0%)
状态: ✅ 运行中
=== 2026-08-02 09:57:44 ===
字体: 9213 / 18213 (50.6%)
PSD模板: 445 / 445 (100.0%)
状态: ✅ 运行中
=== 2026-08-02 09:58:44 ===
字体: 9233 / 18213 (50.7%)
PSD模板: 445 / 445 (100.0%)
状态: ✅ 运行中
./monitor.sh: line 55: 97730 Killed: 9               nohup node $SCRIPT_NAME all 1 2 >> $LOG_FILE 2>&1
[Sun Aug  2 09:59:45 CST 2026] 🔄 脚本未运行，正在重启...
[Sun Aug  2 09:59:45 CST 2026] ✅ 脚本已重启，PID: 59568
=== 2026-08-02 09:59:45 ===
字体: 9248 / 18213 (50.8%)
PSD模板: 445 / 445 (100.0%)
状态: ✅ 运行中
./monitor.sh: line 55: 59568 Killed: 9               nohup node $SCRIPT_NAME all 1 2 >> $LOG_FILE 2>&1
[Sun Aug  2 10:00:45 CST 2026] 🔄 脚本未运行，正在重启...
[Sun Aug  2 10:00:45 CST 2026] ✅ 脚本已重启，PID: 60559
=== 2026-08-02 10:00:45 ===
字体: 9248 / 18213 (50.8%)
PSD模板: 445 / 445 (100.0%)
状态: ✅ 运行中
=== 2026-08-02 10:01:46 ===
字体: 9248 / 18213 (50.8%)
PSD模板: 445 / 445 (100.0%)
状态: ✅ 运行中
=== 2026-08-02 10:02:46 ===
字体: 9248 / 18213 (50.8%)
PSD模板: 445 / 445 (100.0%)
状态: ✅ 运行中
=== 2026-08-02 10:03:47 ===
字体: 9248 / 18213 (50.8%)
PSD模板: 445 / 445 (100.0%)
状态: ✅ 运行中
=== 2026-08-02 10:04:48 ===
字体: 9272 / 18213 (50.9%)
PSD模板: 445 / 445 (100.0%)
状态: ✅ 运行中
=== 2026-08-02 10:05:48 ===
字体: 9301 / 18213 (51.1%)
PSD模板: 445 / 445 (100.0%)
状态: ✅ 运行中
=== 2026-08-02 10:06:49 ===
字体: 9311 / 18213 (51.1%)
PSD模板: 445 / 445 (100.0%)
状态: ✅ 运行中
=== 2026-08-02 10:07:49 ===
字体: 9311 / 18213 (51.1%)
PSD模板: 445 / 445 (100.0%)
状态: ✅ 运行中
=== 2026-08-02 10:08:50 ===
字体: 9311 / 18213 (51.1%)
PSD模板: 445 / 445 (100.0%)
状态: ✅ 运行中
=== 2026-08-02 10:09:50 ===
字体: 9332 / 18213 (51.2%)
PSD模板: 445 / 445 (100.0%)
状态: ✅ 运行中
=== 2026-08-02 10:10:50 ===
字体: 9352 / 18213 (51.3%)
PSD模板: 445 / 445 (100.0%)
状态: ✅ 运行中
=== 2026-08-02 10:11:51 ===
字体: 9367 / 18213 (51.4%)
PSD模板: 445 / 445 (100.0%)
状态: ✅ 运行中
=== 2026-08-02 10:12:51 ===
字体: 9390 / 18213 (51.6%)
PSD模板: 445 / 445 (100.0%)
状态: ✅ 运行中
=== 2026-08-02 10:13:51 ===
字体: 9410 / 18213 (51.7%)
PSD模板: 445 / 445 (100.0%)
状态: ✅ 运行中
=== 2026-08-02 10:14:52 ===
字体: 9435 / 18213 (51.8%)
PSD模板: 445 / 445 (100.0%)
状态: ✅ 运行中
=== 2026-08-02 10:15:52 ===
字体: 9455 / 18213 (51.9%)
PSD模板: 445 / 445 (100.0%)
状态: ✅ 运行中
=== 2026-08-02 10:16:53 ===
字体: 9471 / 18213 (52.0%)
PSD模板: 445 / 445 (100.0%)
状态: ✅ 运行中
=== 2026-08-02 10:17:53 ===
字体: 9491 / 18213 (52.1%)
PSD模板: 445 / 445 (100.0%)
状态: ✅ 运行中
=== 2026-08-02 10:18:53 ===
字体: 9511 / 18213 (52.2%)
PSD模板: 445 / 445 (100.0%)
状态: ✅ 运行中
=== 2026-08-02 10:19:54 ===
字体: 9536 / 18213 (52.4%)
PSD模板: 445 / 445 (100.0%)
状态: ✅ 运行中
=== 2026-08-02 10:20:54 ===
字体: 9557 / 18213 (52.5%)
PSD模板: 445 / 445 (100.0%)
状态: ✅ 运行中
=== 2026-08-02 10:21:55 ===
字体: 9582 / 18213 (52.6%)
PSD模板: 445 / 445 (100.0%)
状态: ✅ 运行中
=== 2026-08-02 10:22:55 ===
字体: 9614 / 18213 (52.8%)
PSD模板: 445 / 445 (100.0%)
状态: ✅ 运行中
=== 2026-08-02 10:23:55 ===
字体: 9626 / 18213 (52.9%)
PSD模板: 445 / 445 (100.0%)
状态: ✅ 运行中
=== 2026-08-02 10:24:56 ===
字体: 9651 / 18213 (53.0%)
PSD模板: 445 / 445 (100.0%)
状态: ✅ 运行中
=== 2026-08-02 10:25:56 ===
字体: 9689 / 18213 (53.2%)
PSD模板: 445 / 445 (100.0%)
状态: ✅ 运行中
=== 2026-08-02 10:26:57 ===
字体: 9727 / 18213 (53.4%)
PSD模板: 445 / 445 (100.0%)
状态: ✅ 运行中
=== 2026-08-02 10:27:57 ===
字体: 9780 / 18213 (53.7%)
PSD模板: 445 / 445 (100.0%)
状态: ✅ 运行中
=== 2026-08-02 10:28:57 ===
字体: 9805 / 18213 (53.8%)
PSD模板: 445 / 445 (100.0%)
状态: ✅ 运行中
=== 2026-08-02 10:29:58 ===
字体: 9825 / 18213 (53.9%)
PSD模板: 445 / 445 (100.0%)
状态: ✅ 运行中
=== 2026-08-02 10:30:58 ===
字体: 9845 / 18213 (54.1%)
PSD模板: 445 / 445 (100.0%)
状态: ✅ 运行中
=== 2026-08-02 10:31:59 ===
字体: 9865 / 18213 (54.2%)
PSD模板: 445 / 445 (100.0%)
状态: ✅ 运行中
=== 2026-08-02 10:32:59 ===
字体: 9885 / 18213 (54.3%)
PSD模板: 445 / 445 (100.0%)
状态: ✅ 运行中
=== 2026-08-02 10:33:59 ===
字体: 9900 / 18213 (54.4%)
PSD模板: 445 / 445 (100.0%)
状态: ✅ 运行中
=== 2026-08-02 10:35:02 ===
字体: 9915 / 18213 (54.4%)
PSD模板: 445 / 445 (100.0%)
状态: ✅ 运行中
=== 2026-08-02 10:36:03 ===
字体: 9935 / 18213 (54.5%)
PSD模板: 445 / 445 (100.0%)
状态: ✅ 运行中
=== 2026-08-02 10:37:03 ===
字体: 9955 / 18213 (54.7%)
PSD模板: 445 / 445 (100.0%)
状态: ✅ 运行中
=== 2026-08-02 10:38:04 ===
字体: 9975 / 18213 (54.8%)
PSD模板: 445 / 445 (100.0%)
状态: ✅ 运行中
=== 2026-08-02 10:39:04 ===
字体: 9995 / 18213 (54.9%)
PSD模板: 445 / 445 (100.0%)
状态: ✅ 运行中
=== 2026-08-02 10:40:04 ===
字体: 10015 / 18213 (55.0%)
PSD模板: 445 / 445 (100.0%)
状态: ✅ 运行中
=== 2026-08-02 10:41:06 ===
字体: 10035 / 18213 (55.1%)
PSD模板: 445 / 445 (100.0%)
状态: ✅ 运行中
=== 2026-08-02 10:42:07 ===
字体: 10056 / 18213 (55.2%)
PSD模板: 445 / 445 (100.0%)
状态: ✅ 运行中
=== 2026-08-02 10:43:08 ===
字体: 10098 / 18213 (55.4%)
PSD模板: 445 / 445 (100.0%)
状态: ✅ 运行中
=== 2026-08-02 10:44:08 ===
字体: 10141 / 18213 (55.7%)
PSD模板: 445 / 445 (100.0%)
状态: ✅ 运行中
=== 2026-08-02 10:45:08 ===
字体: 10171 / 18213 (55.8%)
PSD模板: 445 / 445 (100.0%)
状态: ✅ 运行中
=== 2026-08-02 10:46:09 ===
字体: 10203 / 18213 (56.0%)
PSD模板: 445 / 445 (100.0%)
状态: ✅ 运行中
=== 2026-08-02 10:47:09 ===
字体: 10236 / 18213 (56.2%)
PSD模板: 445 / 445 (100.0%)
状态: ✅ 运行中
=== 2026-08-02 10:48:10 ===
字体: 10274 / 18213 (56.4%)
PSD模板: 445 / 445 (100.0%)
状态: ✅ 运行中
=== 2026-08-02 10:49:10 ===
字体: 10311 / 18213 (56.6%)
PSD模板: 445 / 445 (100.0%)
状态: ✅ 运行中
=== 2026-08-02 10:50:10 ===
字体: 10344 / 18213 (56.8%)
PSD模板: 445 / 445 (100.0%)
状态: ✅ 运行中
=== 2026-08-02 10:51:11 ===
字体: 10382 / 18213 (57.0%)
PSD模板: 445 / 445 (100.0%)
状态: ✅ 运行中
./monitor.sh: line 55: 60559 Killed: 9               nohup node $SCRIPT_NAME all 1 2 >> $LOG_FILE 2>&1
[Sun Aug  2 10:52:11 CST 2026] 🔄 脚本未运行，正在重启...
[Sun Aug  2 10:52:11 CST 2026] ✅ 脚本已重启，PID: 72326
=== 2026-08-02 10:52:11 ===
字体: 10402 / 18213 (57.1%)
PSD模板: 445 / 445 (100.0%)
状态: ✅ 运行中
=== 2026-08-02 10:53:12 ===
字体: 10402 / 18213 (57.1%)
PSD模板: 445 / 445 (100.0%)
状态: ✅ 运行中
=== 2026-08-02 10:54:12 ===
字体: 10402 / 18213 (57.1%)
PSD模板: 445 / 445 (100.0%)
状态: ✅ 运行中
=== 2026-08-02 10:55:12 ===
字体: 10402 / 18213 (57.1%)
PSD模板: 445 / 445 (100.0%)
状态: ✅ 运行中
=== 2026-08-02 10:56:13 ===
字体: 10402 / 18213 (57.1%)
PSD模板: 445 / 445 (100.0%)
状态: ✅ 运行中
=== 2026-08-02 10:57:13 ===
字体: 10402 / 18213 (57.1%)
PSD模板: 445 / 445 (100.0%)
状态: ✅ 运行中
=== 2026-08-02 10:58:14 ===
字体: 10402 / 18213 (57.1%)
PSD模板: 445 / 445 (100.0%)
状态: ✅ 运行中
=== 2026-08-02 10:59:14 ===
字体: 10402 / 18213 (57.1%)
PSD模板: 445 / 445 (100.0%)
状态: ✅ 运行中
=== 2026-08-02 11:00:14 ===
字体: 10402 / 18213 (57.1%)
PSD模板: 445 / 445 (100.0%)
状态: ✅ 运行中
=== 2026-08-02 11:01:15 ===
字体: 10427 / 18213 (57.3%)
PSD模板: 445 / 445 (100.0%)
状态: ✅ 运行中
=== 2026-08-02 11:02:15 ===
字体: 10462 / 18213 (57.4%)
PSD模板: 445 / 445 (100.0%)
状态: ✅ 运行中
=== 2026-08-02 11:03:15 ===
字体: 10497 / 18213 (57.6%)
PSD模板: 445 / 445 (100.0%)
状态: ✅ 运行中
=== 2026-08-02 11:04:16 ===
字体: 10522 / 18213 (57.8%)
PSD模板: 445 / 445 (100.0%)
状态: ✅ 运行中
=== 2026-08-02 11:05:16 ===
字体: 10542 / 18213 (57.9%)
PSD模板: 445 / 445 (100.0%)
状态: ✅ 运行中
=== 2026-08-02 11:06:17 ===
字体: 10562 / 18213 (58.0%)
PSD模板: 445 / 445 (100.0%)
状态: ✅ 运行中
=== 2026-08-02 11:07:17 ===
字体: 10582 / 18213 (58.1%)
PSD模板: 445 / 445 (100.0%)
状态: ✅ 运行中
=== 2026-08-02 11:08:17 ===
字体: 10607 / 18213 (58.2%)
PSD模板: 445 / 445 (100.0%)
状态: ✅ 运行中
=== 2026-08-02 11:09:18 ===
字体: 10627 / 18213 (58.3%)
PSD模板: 445 / 445 (100.0%)
状态: ✅ 运行中
=== 2026-08-02 11:10:19 ===
字体: 10647 / 18213 (58.5%)
PSD模板: 445 / 445 (100.0%)
状态: ✅ 运行中
=== 2026-08-02 11:11:19 ===
字体: 10672 / 18213 (58.6%)
PSD模板: 445 / 445 (100.0%)
状态: ✅ 运行中
=== 2026-08-02 11:12:20 ===
字体: 10692 / 18213 (58.7%)
PSD模板: 445 / 445 (100.0%)
状态: ✅ 运行中
=== 2026-08-02 11:13:20 ===
字体: 10712 / 18213 (58.8%)
PSD模板: 445 / 445 (100.0%)
状态: ✅ 运行中
=== 2026-08-02 11:14:20 ===
字体: 10732 / 18213 (58.9%)
PSD模板: 445 / 445 (100.0%)
状态: ✅ 运行中
=== 2026-08-02 11:15:21 ===
字体: 10757 / 18213 (59.1%)
PSD模板: 445 / 445 (100.0%)
状态: ✅ 运行中
=== 2026-08-02 11:16:21 ===
字体: 10777 / 18213 (59.2%)
PSD模板: 445 / 445 (100.0%)
状态: ✅ 运行中
=== 2026-08-02 11:17:22 ===
字体: 10802 / 18213 (59.3%)
PSD模板: 445 / 445 (100.0%)
状态: ✅ 运行中
=== 2026-08-02 11:18:22 ===
字体: 10822 / 18213 (59.4%)
PSD模板: 445 / 445 (100.0%)
状态: ✅ 运行中
=== 2026-08-02 11:19:23 ===
字体: 10842 / 18213 (59.5%)
PSD模板: 445 / 445 (100.0%)
状态: ✅ 运行中
=== 2026-08-02 11:20:24 ===
字体: 10862 / 18213 (59.6%)
PSD模板: 445 / 445 (100.0%)
状态: ✅ 运行中
=== 2026-08-02 11:21:24 ===
字体: 10882 / 18213 (59.7%)
PSD模板: 445 / 445 (100.0%)
状态: ✅ 运行中
=== 2026-08-02 11:22:24 ===
字体: 10907 / 18213 (59.9%)
PSD模板: 445 / 445 (100.0%)
状态: ✅ 运行中
=== 2026-08-02 11:23:25 ===
字体: 10927 / 18213 (60.0%)
PSD模板: 445 / 445 (100.0%)
状态: ✅ 运行中
=== 2026-08-02 11:24:25 ===
字体: 10947 / 18213 (60.1%)
PSD模板: 445 / 445 (100.0%)
状态: ✅ 运行中
=== 2026-08-02 11:25:26 ===
字体: 10967 / 18213 (60.2%)
PSD模板: 445 / 445 (100.0%)
状态: ✅ 运行中
=== 2026-08-02 11:26:26 ===
字体: 10992 / 18213 (60.4%)
PSD模板: 445 / 445 (100.0%)
状态: ✅ 运行中
=== 2026-08-02 11:27:27 ===
字体: 11012 / 18213 (60.5%)
PSD模板: 445 / 445 (100.0%)
状态: ✅ 运行中
=== 2026-08-02 11:28:27 ===
字体: 11032 / 18213 (60.6%)
PSD模板: 445 / 445 (100.0%)
状态: ✅ 运行中
=== 2026-08-02 11:29:27 ===
字体: 11052 / 18213 (60.7%)
PSD模板: 445 / 445 (100.0%)
状态: ✅ 运行中
=== 2026-08-02 11:30:28 ===
字体: 11072 / 18213 (60.8%)
PSD模板: 445 / 445 (100.0%)
状态: ✅ 运行中
=== 2026-08-02 11:31:28 ===
字体: 11097 / 18213 (60.9%)
PSD模板: 445 / 445 (100.0%)
状态: ✅ 运行中
=== 2026-08-02 11:32:28 ===
字体: 11117 / 18213 (61.0%)
PSD模板: 445 / 445 (100.0%)
状态: ✅ 运行中
=== 2026-08-02 11:33:29 ===
字体: 11137 / 18213 (61.1%)
PSD模板: 445 / 445 (100.0%)
状态: ✅ 运行中
=== 2026-08-02 11:34:29 ===
字体: 11162 / 18213 (61.3%)
PSD模板: 445 / 445 (100.0%)
状态: ✅ 运行中
=== 2026-08-02 11:35:30 ===
字体: 11182 / 18213 (61.4%)
PSD模板: 445 / 445 (100.0%)
状态: ✅ 运行中
=== 2026-08-02 11:36:30 ===
字体: 11202 / 18213 (61.5%)
PSD模板: 445 / 445 (100.0%)
状态: ✅ 运行中
=== 2026-08-02 11:37:30 ===
字体: 11222 / 18213 (61.6%)
PSD模板: 445 / 445 (100.0%)
状态: ✅ 运行中
=== 2026-08-02 11:38:31 ===
字体: 11247 / 18213 (61.8%)
PSD模板: 445 / 445 (100.0%)
状态: ✅ 运行中
=== 2026-08-02 11:39:31 ===
字体: 11267 / 18213 (61.9%)
PSD模板: 445 / 445 (100.0%)
状态: ✅ 运行中
=== 2026-08-02 11:40:31 ===
字体: 11287 / 18213 (62.0%)
PSD模板: 445 / 445 (100.0%)
状态: ✅ 运行中
=== 2026-08-02 11:41:32 ===
字体: 11312 / 18213 (62.1%)
PSD模板: 445 / 445 (100.0%)
状态: ✅ 运行中
=== 2026-08-02 11:42:32 ===
字体: 11332 / 18213 (62.2%)
PSD模板: 445 / 445 (100.0%)
状态: ✅ 运行中
=== 2026-08-02 11:43:33 ===
字体: 11352 / 18213 (62.3%)
PSD模板: 445 / 445 (100.0%)
状态: ✅ 运行中
=== 2026-08-02 11:44:33 ===
字体: 11372 / 18213 (62.4%)
PSD模板: 445 / 445 (100.0%)
状态: ✅ 运行中
=== 2026-08-02 11:45:33 ===
字体: 11397 / 18213 (62.6%)
PSD模板: 445 / 445 (100.0%)
状态: ✅ 运行中
=== 2026-08-02 11:46:34 ===
字体: 11417 / 18213 (62.7%)
PSD模板: 445 / 445 (100.0%)
状态: ✅ 运行中
=== 2026-08-02 11:47:34 ===
字体: 11437 / 18213 (62.8%)
PSD模板: 445 / 445 (100.0%)
状态: ✅ 运行中
=== 2026-08-02 11:48:35 ===
字体: 11462 / 18213 (62.9%)
PSD模板: 445 / 445 (100.0%)
状态: ✅ 运行中
=== 2026-08-02 11:49:35 ===
字体: 11482 / 18213 (63.0%)
PSD模板: 445 / 445 (100.0%)
状态: ✅ 运行中
=== 2026-08-02 11:50:35 ===
字体: 11502 / 18213 (63.2%)
PSD模板: 445 / 445 (100.0%)
状态: ✅ 运行中
=== 2026-08-02 11:51:36 ===
字体: 11522 / 18213 (63.3%)
PSD模板: 445 / 445 (100.0%)
状态: ✅ 运行中
=== 2026-08-02 11:52:36 ===
字体: 11547 / 18213 (63.4%)
PSD模板: 445 / 445 (100.0%)
状态: ✅ 运行中
=== 2026-08-02 11:53:36 ===
字体: 11567 / 18213 (63.5%)
PSD模板: 445 / 445 (100.0%)
状态: ✅ 运行中
=== 2026-08-02 11:54:37 ===
字体: 11587 / 18213 (63.6%)
PSD模板: 445 / 445 (100.0%)
状态: ✅ 运行中
=== 2026-08-02 11:55:37 ===
字体: 11612 / 18213 (63.8%)
PSD模板: 445 / 445 (100.0%)
状态: ✅ 运行中
=== 2026-08-02 11:56:38 ===
字体: 11632 / 18213 (63.9%)
PSD模板: 445 / 445 (100.0%)
状态: ✅ 运行中
=== 2026-08-02 11:57:38 ===
字体: 11652 / 18213 (64.0%)
PSD模板: 445 / 445 (100.0%)
状态: ✅ 运行中
=== 2026-08-02 11:58:39 ===
字体: 11672 / 18213 (64.1%)
PSD模板: 445 / 445 (100.0%)
状态: ✅ 运行中
=== 2026-08-02 11:59:39 ===
字体: 11692 / 18213 (64.2%)
PSD模板: 445 / 445 (100.0%)
状态: ✅ 运行中
=== 2026-08-02 12:00:40 ===
字体: 11712 / 18213 (64.3%)
PSD模板: 445 / 445 (100.0%)
状态: ✅ 运行中
=== 2026-08-02 12:01:40 ===
字体: 11732 / 18213 (64.4%)
PSD模板: 445 / 445 (100.0%)
状态: ✅ 运行中
=== 2026-08-02 12:02:41 ===
字体: 11752 / 18213 (64.5%)
PSD模板: 445 / 445 (100.0%)
状态: ✅ 运行中
=== 2026-08-02 12:03:41 ===
字体: 11777 / 18213 (64.7%)
PSD模板: 445 / 445 (100.0%)
状态: ✅ 运行中
=== 2026-08-02 12:04:41 ===
字体: 11797 / 18213 (64.8%)
PSD模板: 445 / 445 (100.0%)
状态: ✅ 运行中
=== 2026-08-02 12:05:42 ===
字体: 11817 / 18213 (64.9%)
PSD模板: 445 / 445 (100.0%)
状态: ✅ 运行中
=== 2026-08-02 12:06:42 ===
字体: 11837 / 18213 (65.0%)
PSD模板: 445 / 445 (100.0%)
状态: ✅ 运行中
=== 2026-08-02 12:07:43 ===
字体: 11857 / 18213 (65.1%)
PSD模板: 445 / 445 (100.0%)
状态: ✅ 运行中
=== 2026-08-02 12:08:43 ===
字体: 11882 / 18213 (65.2%)
PSD模板: 445 / 445 (100.0%)
状态: ✅ 运行中
=== 2026-08-02 12:09:43 ===
字体: 11902 / 18213 (65.3%)
PSD模板: 445 / 445 (100.0%)
状态: ✅ 运行中
=== 2026-08-02 12:10:44 ===
字体: 11917 / 18213 (65.4%)
PSD模板: 445 / 445 (100.0%)
状态: ✅ 运行中
=== 2026-08-02 12:11:44 ===
字体: 11937 / 18213 (65.5%)
PSD模板: 445 / 445 (100.0%)
状态: ✅ 运行中
=== 2026-08-02 12:12:45 ===
字体: 11957 / 18213 (65.7%)
PSD模板: 445 / 445 (100.0%)
状态: ✅ 运行中
=== 2026-08-02 12:13:45 ===
字体: 11977 / 18213 (65.8%)
PSD模板: 445 / 445 (100.0%)
状态: ✅ 运行中
=== 2026-08-02 12:14:45 ===
字体: 12002 / 18213 (65.9%)
PSD模板: 445 / 445 (100.0%)
状态: ✅ 运行中
=== 2026-08-02 12:15:46 ===
字体: 12022 / 18213 (66.0%)
PSD模板: 445 / 445 (100.0%)
状态: ✅ 运行中
=== 2026-08-02 12:16:46 ===
字体: 12042 / 18213 (66.1%)
PSD模板: 445 / 445 (100.0%)
状态: ✅ 运行中
=== 2026-08-02 12:17:47 ===
字体: 12062 / 18213 (66.2%)
PSD模板: 445 / 445 (100.0%)
状态: ✅ 运行中
=== 2026-08-02 12:18:47 ===
字体: 12082 / 18213 (66.3%)
PSD模板: 445 / 445 (100.0%)
状态: ✅ 运行中
=== 2026-08-02 12:19:47 ===
字体: 12102 / 18213 (66.4%)
PSD模板: 445 / 445 (100.0%)
状态: ✅ 运行中
=== 2026-08-02 12:20:48 ===
字体: 12117 / 18213 (66.5%)
PSD模板: 445 / 445 (100.0%)
状态: ✅ 运行中
=== 2026-08-02 12:21:48 ===
字体: 12142 / 18213 (66.7%)
PSD模板: 445 / 445 (100.0%)
状态: ✅ 运行中
=== 2026-08-02 12:22:49 ===
字体: 12162 / 18213 (66.8%)
PSD模板: 445 / 445 (100.0%)
状态: ✅ 运行中
=== 2026-08-02 12:23:50 ===
字体: 12182 / 18213 (66.9%)
PSD模板: 445 / 445 (100.0%)
状态: ✅ 运行中
=== 2026-08-02 12:24:50 ===
字体: 12202 / 18213 (67.0%)
PSD模板: 445 / 445 (100.0%)
状态: ✅ 运行中
=== 2026-08-02 12:25:51 ===
字体: 12222 / 18213 (67.1%)
PSD模板: 445 / 445 (100.0%)
状态: ✅ 运行中
=== 2026-08-02 12:26:52 ===
字体: 12242 / 18213 (67.2%)
PSD模板: 445 / 445 (100.0%)
状态: ✅ 运行中
=== 2026-08-02 12:27:52 ===
字体: 12267 / 18213 (67.4%)
PSD模板: 445 / 445 (100.0%)
状态: ✅ 运行中
=== 2026-08-02 12:28:52 ===
字体: 12287 / 18213 (67.5%)
PSD模板: 445 / 445 (100.0%)
状态: ✅ 运行中
=== 2026-08-02 12:29:53 ===
字体: 12307 / 18213 (67.6%)
PSD模板: 445 / 445 (100.0%)
状态: ✅ 运行中
[Sun Aug  2 12:30:58 CST 2026] ⚠️ 服务异常，等待恢复...
=== 2026-08-02 12:30:58 ===
字体: 12327 / 18213 (67.7%)
PSD模板: 445 / 445 (100.0%)
状态: ✅ 运行中
=== 2026-08-02 12:31:58 ===
字体: 12347 / 18213 (67.8%)
PSD模板: 445 / 445 (100.0%)
状态: ✅ 运行中
=== 2026-08-02 12:32:59 ===
字体: 12367 / 18213 (67.9%)
PSD模板: 445 / 445 (100.0%)
状态: ✅ 运行中
=== 2026-08-02 12:33:59 ===
字体: 12387 / 18213 (68.0%)
PSD模板: 445 / 445 (100.0%)
状态: ✅ 运行中
=== 2026-08-02 12:34:59 ===
字体: 12412 / 18213 (68.1%)
PSD模板: 445 / 445 (100.0%)
状态: ✅ 运行中
=== 2026-08-02 12:36:00 ===
字体: 12432 / 18213 (68.3%)
PSD模板: 445 / 445 (100.0%)
状态: ✅ 运行中
=== 2026-08-02 12:37:00 ===
字体: 12452 / 18213 (68.4%)
PSD模板: 445 / 445 (100.0%)
状态: ✅ 运行中
=== 2026-08-02 12:38:01 ===
字体: 12472 / 18213 (68.5%)
PSD模板: 445 / 445 (100.0%)
状态: ✅ 运行中
=== 2026-08-02 12:39:01 ===
字体: 12492 / 18213 (68.6%)
PSD模板: 445 / 445 (100.0%)
状态: ✅ 运行中
=== 2026-08-02 12:40:01 ===
字体: 12517 / 18213 (68.7%)
PSD模板: 445 / 445 (100.0%)
状态: ✅ 运行中
=== 2026-08-02 12:41:02 ===
字体: 12537 / 18213 (68.8%)
PSD模板: 445 / 445 (100.0%)
状态: ✅ 运行中
=== 2026-08-02 12:42:02 ===
字体: 12557 / 18213 (68.9%)
PSD模板: 445 / 445 (100.0%)
状态: ✅ 运行中
=== 2026-08-02 12:43:03 ===
字体: 12577 / 18213 (69.1%)
PSD模板: 445 / 445 (100.0%)
状态: ✅ 运行中
=== 2026-08-02 12:44:03 ===
字体: 12602 / 18213 (69.2%)
PSD模板: 445 / 445 (100.0%)
状态: ✅ 运行中
=== 2026-08-02 12:45:04 ===
字体: 12622 / 18213 (69.3%)
PSD模板: 445 / 445 (100.0%)
状态: ✅ 运行中
=== 2026-08-02 12:46:04 ===
字体: 12642 / 18213 (69.4%)
PSD模板: 445 / 445 (100.0%)
状态: ✅ 运行中
=== 2026-08-02 12:47:05 ===
字体: 12662 / 18213 (69.5%)
PSD模板: 445 / 445 (100.0%)
状态: ✅ 运行中
=== 2026-08-02 12:48:05 ===
字体: 12682 / 18213 (69.6%)
PSD模板: 445 / 445 (100.0%)
状态: ✅ 运行中
=== 2026-08-02 12:49:05 ===
字体: 12702 / 18213 (69.7%)
PSD模板: 445 / 445 (100.0%)
状态: ✅ 运行中
=== 2026-08-02 12:50:06 ===
字体: 12727 / 18213 (69.9%)
PSD模板: 445 / 445 (100.0%)
状态: ✅ 运行中
=== 2026-08-02 12:51:06 ===
字体: 12747 / 18213 (70.0%)
PSD模板: 445 / 445 (100.0%)
状态: ✅ 运行中
=== 2026-08-02 12:52:07 ===
字体: 12767 / 18213 (70.1%)
PSD模板: 445 / 445 (100.0%)
状态: ✅ 运行中
=== 2026-08-02 12:53:07 ===
字体: 12792 / 18213 (70.2%)
PSD模板: 445 / 445 (100.0%)
状态: ✅ 运行中
=== 2026-08-02 12:54:07 ===
字体: 12812 / 18213 (70.3%)
PSD模板: 445 / 445 (100.0%)
状态: ✅ 运行中
=== 2026-08-02 12:55:08 ===
字体: 12832 / 18213 (70.5%)
PSD模板: 445 / 445 (100.0%)
状态: ✅ 运行中
=== 2026-08-02 12:56:08 ===
字体: 12852 / 18213 (70.6%)
PSD模板: 445 / 445 (100.0%)
状态: ✅ 运行中
=== 2026-08-02 12:57:08 ===
字体: 12872 / 18213 (70.7%)
PSD模板: 445 / 445 (100.0%)
状态: ✅ 运行中
=== 2026-08-02 12:58:09 ===
字体: 12897 / 18213 (70.8%)
PSD模板: 445 / 445 (100.0%)
状态: ✅ 运行中
=== 2026-08-02 12:59:09 ===
字体: 12917 / 18213 (70.9%)
PSD模板: 445 / 445 (100.0%)
状态: ✅ 运行中
=== 2026-08-02 13:00:10 ===
字体: 12937 / 18213 (71.0%)
PSD模板: 445 / 445 (100.0%)
状态: ✅ 运行中
=== 2026-08-02 13:01:10 ===
字体: 12952 / 18213 (71.1%)
PSD模板: 445 / 445 (100.0%)
状态: ✅ 运行中
[Sun Aug  2 13:02:15 CST 2026] ⚠️ 服务异常，等待恢复...
=== 2026-08-02 13:02:15 ===
字体: 12962 / 18213 (71.2%)
PSD模板: 445 / 445 (100.0%)
状态: ✅ 运行中
=== 2026-08-02 13:03:16 ===
字体: 12977 / 18213 (71.3%)
PSD模板: 445 / 445 (100.0%)
状态: ✅ 运行中
=== 2026-08-02 13:04:16 ===
字体: 12997 / 18213 (71.4%)
PSD模板: 445 / 445 (100.0%)
状态: ✅ 运行中
=== 2026-08-02 13:05:16 ===
字体: 13022 / 18213 (71.5%)
PSD模板: 445 / 445 (100.0%)
状态: ✅ 运行中
=== 2026-08-02 13:06:17 ===
字体: 13042 / 18213 (71.6%)
PSD模板: 445 / 445 (100.0%)
状态: ✅ 运行中
=== 2026-08-02 13:07:17 ===
字体: 13062 / 18213 (71.7%)
PSD模板: 445 / 445 (100.0%)
状态: ✅ 运行中
=== 2026-08-02 13:08:17 ===
字体: 13082 / 18213 (71.8%)
PSD模板: 445 / 445 (100.0%)
状态: ✅ 运行中
=== 2026-08-02 13:09:18 ===
字体: 13107 / 18213 (72.0%)
PSD模板: 445 / 445 (100.0%)
状态: ✅ 运行中
=== 2026-08-02 13:10:18 ===
字体: 13127 / 18213 (72.1%)
PSD模板: 445 / 445 (100.0%)
状态: ✅ 运行中
=== 2026-08-02 13:11:19 ===
字体: 13147 / 18213 (72.2%)
PSD模板: 445 / 445 (100.0%)
状态: ✅ 运行中
=== 2026-08-02 13:12:19 ===
字体: 13172 / 18213 (72.3%)
PSD模板: 445 / 445 (100.0%)
状态: ✅ 运行中
=== 2026-08-02 13:13:20 ===
字体: 13192 / 18213 (72.4%)
PSD模板: 445 / 445 (100.0%)
状态: ✅ 运行中
=== 2026-08-02 13:14:20 ===
字体: 13212 / 18213 (72.5%)
PSD模板: 445 / 445 (100.0%)
状态: ✅ 运行中
=== 2026-08-02 13:15:21 ===
字体: 13232 / 18213 (72.7%)
PSD模板: 445 / 445 (100.0%)
状态: ✅ 运行中
=== 2026-08-02 13:16:21 ===
字体: 13252 / 18213 (72.8%)
PSD模板: 445 / 445 (100.0%)
状态: ✅ 运行中
=== 2026-08-02 13:17:21 ===
字体: 13277 / 18213 (72.9%)
PSD模板: 445 / 445 (100.0%)
状态: ✅ 运行中
=== 2026-08-02 13:18:22 ===
字体: 13297 / 18213 (73.0%)
PSD模板: 445 / 445 (100.0%)
状态: ✅ 运行中
=== 2026-08-02 13:19:22 ===
字体: 13317 / 18213 (73.1%)
PSD模板: 445 / 445 (100.0%)
状态: ✅ 运行中
[Sun Aug  2 13:20:27 CST 2026] ⚠️ 服务异常，等待恢复...
=== 2026-08-02 13:20:27 ===
字体: 13332 / 18213 (73.2%)
PSD模板: 445 / 445 (100.0%)
状态: ✅ 运行中
[Sun Aug  2 13:21:32 CST 2026] ⚠️ 服务异常，等待恢复...
=== 2026-08-02 13:21:32 ===
字体: 13332 / 18213 (73.2%)
PSD模板: 445 / 445 (100.0%)
状态: ✅ 运行中
=== 2026-08-02 13:22:33 ===
字体: 13342 / 18213 (73.3%)
PSD模板: 445 / 445 (100.0%)
状态: ✅ 运行中
